Component: Arm Compiler for Embedded 6.18 Tool: armlink [5e4cc100]

==============================================================================

Section Cross References

    startup_stm32f103xb.o(STACK) refers (Special) to heapauxi.o(.text) for __use_two_region_memory
    startup_stm32f103xb.o(HEAP) refers (Special) to heapauxi.o(.text) for __use_two_region_memory
    startup_stm32f103xb.o(RESET) refers (Special) to heapauxi.o(.text) for __use_two_region_memory
    startup_stm32f103xb.o(RESET) refers to startup_stm32f103xb.o(STACK) for __initial_sp
    startup_stm32f103xb.o(RESET) refers to startup_stm32f103xb.o(.text) for Reset_Handler
    startup_stm32f103xb.o(RESET) refers to stm32f1xx_it.o(.text.NMI_Handler) for NMI_Handler
    startup_stm32f103xb.o(RESET) refers to context_rvds.o(.text) for HardFault_Handler
    startup_stm32f103xb.o(RESET) refers to stm32f1xx_it.o(.text.MemManage_Handler) for MemManage_Handler
    startup_stm32f103xb.o(RESET) refers to stm32f1xx_it.o(.text.BusFault_Handler) for BusFault_Handler
    startup_stm32f103xb.o(RESET) refers to stm32f1xx_it.o(.text.UsageFault_Handler) for UsageFault_Handler
    startup_stm32f103xb.o(RESET) refers to stm32f1xx_it.o(.text.DebugMon_Handler) for DebugMon_Handler
    startup_stm32f103xb.o(RESET) refers to board.o(.text.SysTick_Handler) for SysTick_Handler
    startup_stm32f103xb.o(RESET) refers to stm32f1xx_it.o(.text.TIM1_UP_IRQHandler) for TIM1_UP_IRQHandler
    startup_stm32f103xb.o(RESET) refers to stm32f1xx_it.o(.text.USART2_IRQHandler) for USART2_IRQHandler
    startup_stm32f103xb.o(.text) refers (Special) to heapauxi.o(.text) for __use_two_region_memory
    startup_stm32f103xb.o(.text) refers to system_stm32f1xx.o(.text.SystemInit) for SystemInit
    startup_stm32f103xb.o(.text) refers to __main.o(!!!main) for __main
    startup_stm32f103xb.o(.text) refers to startup_stm32f103xb.o(HEAP) for Heap_Mem
    startup_stm32f103xb.o(.text) refers to startup_stm32f103xb.o(STACK) for Stack_Mem
    globals.o(.data.status) refers to globals.o(.rodata.str1.1) for [Anonymous Symbol]
    systick.o(.text.SysTick_Init) refers to stm32f1xx_hal_cortex.o(.text.HAL_SYSTICK_CLKSourceConfig) for HAL_SYSTICK_CLKSourceConfig
    systick.o(.ARM.exidx.text.SysTick_Init) refers to systick.o(.text.SysTick_Init) for [Anonymous Symbol]
    systick.o(.text.Delay_us) refers to system_stm32f1xx.o(.data.SystemCoreClock) for SystemCoreClock
    systick.o(.ARM.exidx.text.Delay_us) refers to systick.o(.text.Delay_us) for [Anonymous Symbol]
    systick.o(.text.Delay_ms) refers to stm32f1xx_hal.o(.text.HAL_Delay) for HAL_Delay
    systick.o(.ARM.exidx.text.Delay_ms) refers to systick.o(.text.Delay_ms) for [Anonymous Symbol]
    systick.o(.text.TimingDelay_Decrement) refers to systick.o(.bss.TimingDelay) for TimingDelay
    systick.o(.ARM.exidx.text.TimingDelay_Decrement) refers to systick.o(.text.TimingDelay_Decrement) for [Anonymous Symbol]
    main.o(.text) refers (Special) to _printf_percent.o(.ARM.Collect$$_printf_percent$$00000000) for _printf_percent
    main.o(.text) refers (Special) to _printf_f.o(.ARM.Collect$$_printf_percent$$00000003) for _printf_f
    main.o(.text) refers (Special) to printf1.o(x$fpl$printf1) for _printf_fp_dec
    main.o(.text.main) refers (Special) to _printf_percent.o(.ARM.Collect$$_printf_percent$$00000000) for _printf_percent
    main.o(.text.main) refers (Special) to _printf_f.o(.ARM.Collect$$_printf_percent$$00000003) for _printf_f
    main.o(.text.main) refers (Special) to printf1.o(x$fpl$printf1) for _printf_fp_dec
    main.o(.text.main) refers to stm32f1xx_hal.o(.text.HAL_Init) for HAL_Init
    main.o(.text.main) refers to rt_memclr_w.o(.text) for __aeabi_memclr4
    main.o(.text.main) refers to stm32f1xx_hal_rcc.o(.text.HAL_RCC_OscConfig) for HAL_RCC_OscConfig
    main.o(.text.main) refers to stm32f1xx_hal_rcc.o(.text.HAL_RCC_ClockConfig) for HAL_RCC_ClockConfig
    main.o(.text.main) refers to stm32f1xx_hal_rcc_ex.o(.text.HAL_RCCEx_PeriphCLKConfig) for HAL_RCCEx_PeriphCLKConfig
    main.o(.text.main) refers to gpio.o(.text.MX_GPIO_Init) for MX_GPIO_Init
    main.o(.text.main) refers to adc.o(.text.MX_ADC1_Init) for MX_ADC1_Init
    main.o(.text.main) refers to i2c.o(.text.MX_I2C1_Init) for MX_I2C1_Init
    main.o(.text.main) refers to usart.o(.text.MX_USART1_UART_Init) for MX_USART1_UART_Init
    main.o(.text.main) refers to usart.o(.text.MX_USART2_UART_Init) for MX_USART2_UART_Init
    main.o(.text.main) refers to usart.o(.text.MX_USART3_UART_Init) for MX_USART3_UART_Init
    main.o(.text.main) refers to adc.o(.text.MX_ADC2_Init) for MX_ADC2_Init
    main.o(.text.main) refers to usart.o(.bss.huart2) for huart2
    main.o(.text.main) refers to main.o(.bss..L_MergedGlobals) for .L_MergedGlobals
    main.o(.text.main) refers to stm32f1xx_hal_uart.o(.text.HAL_UART_Receive_IT) for HAL_UART_Receive_IT
    main.o(.text.main) refers to main.o(.rodata.str1.1) for .L.str
[...]
    __Vectors_Size                           0x000000ec   Number         0  startup_stm32f103xb.o ABSOLUTE
    __Vectors                                0x08000000   Data           4  startup_stm32f103xb.o(RESET)
    __Vectors_End                            0x080000ec   Data           0  startup_stm32f103xb.o(RESET)
    __main                                   0x080000ed   Thumb Code     8  __main.o(!!!main)
    __scatterload                            0x080000f5   Thumb Code     0  __scatter.o(!!!scatter)
    __scatterload_rt2                        0x080000f5   Thumb Code    44  __scatter.o(!!!scatter)
    __scatterload_rt2_thumb_only             0x080000f5   Thumb Code     0  __scatter.o(!!!scatter)
    __scatterload_null                       0x08000103   Thumb Code     0  __scatter.o(!!!scatter)
    __scatterload_copy                       0x08000129   Thumb Code    26  __scatter_copy.o(!!handler_copy)
    __scatterload_zeroinit                   0x08000145   Thumb Code    28  __scatter_zi.o(!!handler_zi)
    _printf_f                                0x08000161   Thumb Code     0  _printf_f.o(.ARM.Collect$$_printf_percent$$00000003)
    _printf_percent                          0x08000161   Thumb Code     0  _printf_percent.o(.ARM.Collect$$_printf_percent$$00000000)
    _printf_d                                0x08000167   Thumb Code     0  _printf_d.o(.ARM.Collect$$_printf_percent$$00000009)
    _printf_s                                0x0800016d   Thumb Code     0  _printf_s.o(.ARM.Collect$$_printf_percent$$00000014)
    _printf_percent_end                      0x08000173   Thumb Code     0  _printf_percent_end.o(.ARM.Collect$$_printf_percent$$00000017)
    __rt_lib_init                            0x08000177   Thumb Code     0  libinit.o(.ARM.Collect$$libinit$$00000000)
    __rt_lib_init_fp_1                       0x08000179   Thumb Code     0  libinit2.o(.ARM.Collect$$libinit$$00000002)
    __rt_lib_init_heap_1                     0x08000179   Thumb Code     0  libinit2.o(.ARM.Collect$$libinit$$0000000C)
    __rt_lib_init_lc_common                  0x08000179   Thumb Code     0  libinit2.o(.ARM.Collect$$libinit$$00000011)
    __rt_lib_init_preinit_1                  0x08000179   Thumb Code     0  libinit2.o(.ARM.Collect$$libinit$$00000006)
    __rt_lib_init_rand_1                     0x08000179   Thumb Code     0  libinit2.o(.ARM.Collect$$libinit$$00000010)
    __rt_lib_init_relocate_pie_1             0x08000179   Thumb Code     0  libinit2.o(.ARM.Collect$$libinit$$00000004)
    __rt_lib_init_user_alloc_1               0x08000179   Thumb Code     0  libinit2.o(.ARM.Collect$$libinit$$0000000E)
    __rt_lib_init_lc_collate_1               0x0800017f   Thumb Code     0  libinit2.o(.ARM.Collect$$libinit$$00000013)
    __rt_lib_init_lc_ctype_1                 0x0800017f   Thumb Code     0  libinit2.o(.ARM.Collect$$libinit$$00000015)
    __rt_lib_init_lc_monetary_1              0x0800017f   Thumb Code     0  libinit2.o(.ARM.Collect$$libinit$$00000017)
    __rt_lib_init_lc_numeric_2               0x0800017f   Thumb Code     0  libinit2.o(.ARM.Collect$$libinit$$00000018)
    __rt_lib_init_alloca_1                   0x08000189   Thumb Code     0  libinit2.o(.ARM.Collect$$libinit$$00000030)
    __rt_lib_init_argv_1                     0x08000189   Thumb Code     0  libinit2.o(.ARM.Collect$$libinit$$0000002E)
    __rt_lib_init_atexit_1                   0x08000189   Thumb Code     0  libinit2.o(.ARM.Collect$$libinit$$0000001D)
    __rt_lib_init_clock_1                    0x08000189   Thumb Code     0  libinit2.o(.ARM.Collect$$libinit$$00000023)
    __rt_lib_init_cpp_1                      0x08000189   Thumb Code     0  libinit2.o(.ARM.Collect$$libinit$$00000034)
    __rt_lib_init_exceptions_1               0x08000189   Thumb Code     0  libinit2.o(.ARM.Collect$$libinit$$00000032)
    __rt_lib_init_fp_trap_1                  0x08000189   Thumb Code     0  libinit2.o(.ARM.Collect$$libinit$$00000021)
    __rt_lib_init_getenv_1                   0x08000189   Thumb Code     0  libinit2.o(.ARM.Collect$$libinit$$00000025)
    __rt_lib_init_lc_numeric_1               0x08000189   Thumb Code     0  libinit2.o(.ARM.Collect$$libinit$$00000019)
    __rt_lib_init_lc_time_1                  0x08000189   Thumb Code     0  libinit2.o(.ARM.Collect$$libinit$$0000001B)
    __rt_lib_init_return                     0x08000189   Thumb Code     0  libinit2.o(.ARM.Collect$$libinit$$00000035)
    __rt_lib_init_signal_1                   0x08000189   Thumb Code     0  libinit2.o(.ARM.Collect$$libinit$$0000001F)
    __rt_lib_init_stdio_1                    0x08000189   Thumb Code     0  libinit2.o(.ARM.Collect$$libinit$$00000027)
    __rt_lib_shutdown                        0x0800018b   Thumb Code     0  libshutdown.o(.ARM.Collect$$libshutdown$$00000000)
    __rt_lib_shutdown_cpp_1                  0x0800018d   Thumb Code     0  libshutdown2.o(.ARM.Collect$$libshutdown$$00000002)
    __rt_lib_shutdown_fp_trap_1              0x0800018d   Thumb Code     0  libshutdown2.o(.ARM.Collect$$libshutdown$$00000007)
    __rt_lib_shutdown_heap_1                 0x0800018d   Thumb Code     0  libshutdown2.o(.ARM.Collect$$libshutdown$$0000000F)
    __rt_lib_shutdown_return                 0x0800018d   Thumb Code     0  libshutdown2.o(.ARM.Collect$$libshutdown$$00000010)
    __rt_lib_shutdown_signal_1               0x0800018d   Thumb Code     0  libshutdown2.o(.ARM.Collect$$libshutdown$$0000000A)
    __rt_lib_shutdown_stdio_1                0x0800018d   Thumb Code     0  libshutdown2.o(.ARM.Collect$$libshutdown$$00000004)
    __rt_lib_shutdown_user_alloc_1           0x0800018d   Thumb Code     0  libshutdown2.o(.ARM.Collect$$libshutdown$$0000000C)
    __rt_entry                               0x0800018f   Thumb Code     0  __rtentry.o(.ARM.Collect$$rtentry$$00000000)
    __rt_entry_presh_1                       0x0800018f   Thumb Code     0  __rtentry2.o(.ARM.Collect$$rtentry$$00000002)
    __rt_entry_sh                            0x0800018f   Thumb Code     0  __rtentry4.o(.ARM.Collect$$rtentry$$00000004)
    __rt_entry_li                            0x08000195   Thumb Code     0  __rtentry2.o(.ARM.Collect$$rtentry$$0000000A)
    __rt_entry_postsh_1                      0x08000195   Thumb Code     0  __rtentry2.o(.ARM.Collect$$rtentry$$00000009)
    __rt_entry_main                          0x08000199   Thumb Code     0  __rtentry2.o(.ARM.Collect$$rtentry$$0000000D)
    __rt_entry_postli_1                      0x08000199   Thumb Code     0  __rtentry2.o(.ARM.Collect$$rtentry$$0000000C)
    __rt_exit                                0x080001a1   Thumb Code     0  rtexit.o(.ARM.Collect$$rtexit$$00000000)
    __rt_exit_ls                             0x080001a3   Thumb Code     0  rtexit2.o(.ARM.Collect$$rtexit$$00000003)
    __rt_exit_prels_1                        0x080001a3   Thumb Code     0  rtexit2.o(.ARM.Collect$$rtexit$$00000002)
    __rt_exit_exit                           0x080001a7   Thumb Code     0  rtexit2.o(.ARM.Collect$$rtexit$$00000004)
    Reset_Handler                            0x080001ad   Thumb Code     8  startup_stm32f103xb.o(.text)
    SVC_Handler                              0x080001bf   Thumb Code     2  startup_stm32f103xb.o(.text)
    ADC1_2_IRQHandler                        0x080001c7   Thumb Code     0  startup_stm32f103xb.o(.text)
    CAN1_RX1_IRQHandler                      0x080001c7   Thumb Code     0  startup_stm32f103xb.o(.text)
    CAN1_SCE_IRQHandler                      0x080001c7   Thumb Code     0  startup_stm32f103xb.o(.text)
    DMA1_Channel1_IRQHandler                 0x080001c7   Thumb Code     0  startup_stm32f103xb.o(.text)
    DMA1_Channel2_IRQHandler                 0x080001c7   Thumb Code     0  startup_stm32f103xb.o(.text)
    DMA1_Channel3_IRQHandler                 0x080001c7   Thumb Code     0  startup_stm32f103xb.o(.text)
    DMA1_Channel4_IRQHandler                 0x080001c7   Thumb Code     0  startup_stm32f103xb.o(.text)
    DMA1_Channel5_IRQHandler                 0x080001c7   Thumb Code     0  startup_stm32f103xb.o(.text)
    DMA1_Channel6_IRQHandler                 0x080001c7   Thumb Code     0  startup_stm32f103xb.o(.text)
    DMA1_Channel7_IRQHandler                 0x080001c7   Thumb Code     0  startup_stm32f103xb.o(.text)
    EXTI0_IRQHandler                         0x080001c7   Thumb Code     0  startup_stm32f103xb.o(.text)
    EXTI15_10_IRQHandler                     0x080001c7   Thumb Code     0  startup_stm32f103xb.o(.text)
    EXTI1_IRQHandler                         0x080001c7   Thumb Code     0  startup_stm32f103xb.o(.text)
    EXTI2_IRQHandler                         0x080001c7   Thumb Code     0  startup_stm32f103xb.o(.text)
    EXTI3_IRQHandler                         0x080001c7   Thumb Code     0  startup_stm32f103xb.o(.text)
    EXTI4_IRQHandler                         0x080001c7   Thumb Code     0  startup_stm32f103xb.o(.text)
    EXTI9_5_IRQHandler                       0x080001c7   Thumb Code     0  startup_stm32f103xb.o(.text)
    FLASH_IRQHandler                         0x080001c7   Thumb Code     0  startup_stm32f103xb.o(.text)
    I2C1_ER_IRQHandler                       0x080001c7   Thumb Code     0  startup_stm32f103xb.o(.text)
    I2C1_EV_IRQHandler                       0x080001c7   Thumb Code     0  startup_stm32f103xb.o(.text)
    I2C2_ER_IRQHandler                       0x080001c7   Thumb Code     0  startup_stm32f103xb.o(.text)
    I2C2_EV_IRQHandler                       0x080001c7   Thumb Code     0  startup_stm32f103xb.o(.text)
    PVD_IRQHandler                           0x080001c7   Thumb Code     0  startup_stm32f103xb.o(.text)
    RCC_IRQHandler                           0x080001c7   Thumb Code     0  startup_stm32f103xb.o(.text)
    RTC_Alarm_IRQHandler                     0x080001c7   Thumb Code     0  startup_stm32f103xb.o(.text)
    RTC_IRQHandler                           0x080001c7   Thumb Code     0  startup_stm32f103xb.o(.text)
    SPI1_IRQHandler                          0x080001c7   Thumb Code     0  startup_stm32f103xb.o(.text)
    SPI2_IRQHandler                          0x080001c7   Thumb Code     0  startup_stm32f103xb.o(.text)
    TAMPER_IRQHandler                        0x080001c7   Thumb Code     0  startup_stm32f103xb.o(.text)
    TIM1_BRK_IRQHandler                      0x080001c7   Thumb Code     0  startup_stm32f103xb.o(.text)
    TIM1_CC_IRQHandler                       0x080001c7   Thumb Code     0  startup_stm32f103xb.o(.text)
    TIM1_TRG_COM_IRQHandler                  0x080001c7   Thumb Code     0  startup_stm32f103xb.o(.text)
    TIM2_IRQHandler                          0x080001c7   Thumb Code     0  startup_stm32f103xb.o(.text)
    TIM3_IRQHandler                          0x080001c7   Thumb Code     0  startup_stm32f103xb.o(.text)
    TIM4_IRQHandler                          0x080001c7   Thumb Code     0  startup_stm32f103xb.o(.text)
    USART1_IRQHandler                        0x080001c7   Thumb Code     0  startup_stm32f103xb.o(.text)
    USART3_IRQHandler                        0x080001c7   Thumb Code     0  startup_stm32f103xb.o(.text)
    USBWakeUp_IRQHandler                     0x080001c7   Thumb Code     0  startup_stm32f103xb.o(.text)
    USB_HP_CAN1_TX_IRQHandler                0x080001c7   Thumb Code     0  startup_stm32f103xb.o(.text)
    USB_LP_CAN1_RX0_IRQHandler               0x080001c7   Thumb Code     0  startup_stm32f103xb.o(.text)
    WWDG_IRQHandler                          0x080001c7   Thumb Code     0  startup_stm32f103xb.o(.text)
    __user_initial_stackheap                 0x080001c9   Thumb Code     0  startup_stm32f103xb.o(.text)
    rt_hw_interrupt_disable                  0x080001ed   Thumb Code     8  context_rvds.o(.text)
    rt_hw_interrupt_enable                   0x080001f5   Thumb Code     6  context_rvds.o(.text)
    rt_hw_context_switch                     0x080001fb   Thumb Code    32  context_rvds.o(.text)
    rt_hw_context_switch_interrupt           0x080001fb   Thumb Code     0  context_rvds.o(.text)
    PendSV_Handler                           0x0800021b   Thumb Code    60  context_rvds.o(.text)
    rt_hw_context_switch_to                  0x08000257   Thumb Code    56  context_rvds.o(.text)
    rt_hw_interrupt_thread_switch            0x0800028f   Thumb Code     2  context_rvds.o(.text)
    HardFault_Handler                        0x08000291   Thumb Code    52  context_rvds.o(.text)
    __2sprintf                               0x080002e1   Thumb Code    34  noretval__2sprintf.o(.text)
    _printf_str                              0x08000309   Thumb Code    82  _printf_str.o(.text)
    _printf_int_dec                          0x0800035d   Thumb Code   104  _printf_dec.o(.text)
    __printf                                 0x080003d5   Thumb Code   270  __printf_wp.o(.text)
    strlen                                   0x080004e3   Thumb Code    62  strlen.o(.text)
    strncmp                                  0x08000521   Thumb Code   150  strncmp.o(.text)
    __aeabi_memset                           0x080005b7   Thumb Code    16  aeabi_memset.o(.text)
    __aeabi_memclr                           0x080005c7   Thumb Code     0  rt_memclr.o(.text)
    __rt_memclr                              0x080005c7   Thumb Code     0  rt_memclr.o(.text)
    _memset                                  0x080005cb   Thumb Code    64  rt_memclr.o(.text)
    __aeabi_memclr4                          0x0800060b   Thumb Code     0  rt_memclr_w.o(.text)
    __aeabi_memclr8                          0x0800060b   Thumb Code     0  rt_memclr_w.o(.text)
    __rt_memclr_w                            0x0800060b   Thumb Code     0  rt_memclr_w.o(.text)
    _memset_w                                0x0800060f   Thumb Code    74  rt_memclr_w.o(.text)
    strncpy                                  0x08000659   Thumb Code    86  strncpy.o(.text)
    __use_two_region_memory                  0x080006af   Thumb Code     2  heapauxi.o(.text)
    __rt_heap_escrow$2region                 0x080006b1   Thumb Code     2  heapauxi.o(.text)
    __rt_heap_expand$2region                 0x080006b3   Thumb Code     2  heapauxi.o(.text)
    _printf_int_common                       0x080006b5   Thumb Code   178  _printf_intcommon.o(.text)
    _printf_fp_dec_real                      0x08000917   Thumb Code   620  _printf_fp_dec.o(.text)
    _printf_char_common                      0x08000b8f   Thumb Code    32  _printf_char_common.o(.text)
    _sputc                                   0x08000bb5   Thumb Code    10  _sputc.o(.text)
    _printf_cs_common                        0x08000bbf   Thumb Code    20  _printf_char.o(.text)
    _printf_char                             0x08000bd3   Thumb Code    16  _printf_char.o(.text)
    _printf_string                           0x08000be3   Thumb Code     8  _printf_char.o(.text)
    __rt_locale                              0x08000bed   Thumb Code     8  rt_locale_intlibspace.o(.text)
    _ll_udiv10                               0x08000bf5   Thumb Code   138  lludiv10.o(.text)
    _printf_fp_infnan                        0x08000c81   Thumb Code   112  _printf_fp_infnan.o(.text)
    _btod_etento                             0x08000d01   Thumb Code   224  bigflt0.o(.text)
    __user_libspace                          0x08000de5   Thumb Code     8  libspace.o(.text)
    __user_perproc_libspace                  0x08000de5   Thumb Code     0  libspace.o(.text)
    __user_perthread_libspace                0x08000de5   Thumb Code     0  libspace.o(.text)
    __user_setup_stackheap                   0x08000ded   Thumb Code    74  sys_stackheap_outer.o(.text)
    exit                                     0x08000e37   Thumb Code    18  exit.o(.text)
    strcmp                                   0x08000e49   Thumb Code   128  strcmpv7m.o(.text)
    _sys_exit                                0x08000ec9   Thumb Code     8  sys_exit.o(.text)
    __I$use$semihosting                      0x08000ed5   Thumb Code     0  use_no_semi.o(.text)
    __use_no_semihosting_swi                 0x08000ed5   Thumb Code     2  use_no_semi.o(.text)
    __semihosting_library_function           0x08000ed7   Thumb Code     0  indicate_semi.o(.text)
    main                                     0x08000ed9   Thumb Code    84  components.o(.text.$Sub$$main)
    BusFault_Handler                         0x08000f2d   Thumb Code     2  stm32f1xx_it.o(.text.BusFault_Handler)
    DebugMon_Handler                         0x08000f31   Thumb Code     2  stm32f1xx_it.o(.text.DebugMon_Handler)
    Error_Handler                            0x08000f35   Thumb Code    10  main.o(.text.Error_Handler)
    Esp01s_Init                              0x08000f41   Thumb Code   176  esp01s.o(.text.Esp01s_Init)
    HAL_ADC_ConfigChannel                    0x08001075   Thumb Code   404  stm32f1xx_hal_adc.o(.text.HAL_ADC_ConfigChannel)
    HAL_ADC_Init                             0x08001209   Thumb Code   348  stm32f1xx_hal_adc.o(.text.HAL_ADC_Init)
    HAL_ADC_MspInit                          0x08001365   Thumb Code   162  adc.o(.text.HAL_ADC_MspInit)
    HAL_DMA_Abort                            0x08001409   Thumb Code    70  stm32f1xx_hal_dma.o(.text.HAL_DMA_Abort)
    HAL_DMA_Abort_IT                         0x08001451   Thumb Code   178  stm32f1xx_hal_dma.o(.text.HAL_DMA_Abort_IT)
    HAL_GPIO_Init                            0x08001505   Thumb Code   530  stm32f1xx_hal_gpio.o(.text.HAL_GPIO_Init)
    HAL_GPIO_WritePin                        0x08001719   Thumb Code    10  stm32f1xx_hal_gpio.o(.text.HAL_GPIO_WritePin)
    HAL_GetTick                              0x08001725   Thumb Code    12  stm32f1xx_hal.o(.text.HAL_GetTick)
    HAL_I2C_Init                             0x08001731   Thumb Code   374  stm32f1xx_hal_i2c.o(.text.HAL_I2C_Init)
    HAL_I2C_MspInit                          0x080018a9   Thumb Code    98  i2c.o(.text.HAL_I2C_MspInit)
    HAL_IncTick                              0x0800190d   Thumb Code    26  stm32f1xx_hal.o(.text.HAL_IncTick)
    HAL_Init                                 0x08001929   Thumb Code    38  stm32f1xx_hal.o(.text.HAL_Init)
    HAL_InitTick                             0x08001951   Thumb Code   176  stm32f1xx_hal_timebase_tim.o(.text.HAL_InitTick)
    HAL_MspInit                              0x08001a01   Thumb Code    66  stm32f1xx_hal_msp.o(.text.HAL_MspInit)
    HAL_NVIC_EnableIRQ                       0x08001a45   Thumb Code    32  stm32f1xx_hal_cortex.o(.text.HAL_NVIC_EnableIRQ)
    HAL_NVIC_SetPriority                     0x08001a65   Thumb Code    86  stm32f1xx_hal_cortex.o(.text.HAL_NVIC_SetPriority)
    HAL_NVIC_SetPriorityGrouping             0x08001abd   Thumb Code    32  stm32f1xx_hal_cortex.o(.text.HAL_NVIC_SetPriorityGrouping)
    HAL_RCCEx_PeriphCLKConfig                0x08001add   Thumb Code   266  stm32f1xx_hal_rcc_ex.o(.text.HAL_RCCEx_PeriphCLKConfig)
    HAL_RCC_ClockConfig                      0x08001be9   Thumb Code   446  stm32f1xx_hal_rcc.o(.text.HAL_RCC_ClockConfig)
    HAL_RCC_GetClockConfig                   0x08001da9   Thumb Code    66  stm32f1xx_hal_rcc.o(.text.HAL_RCC_GetClockConfig)
    HAL_RCC_GetHCLKFreq                      0x08001ded   Thumb Code    12  stm32f1xx_hal_rcc.o(.text.HAL_RCC_GetHCLKFreq)
    HAL_RCC_GetPCLK1Freq                     0x08001df9   Thumb Code    38  stm32f1xx_hal_rcc.o(.text.HAL_RCC_GetPCLK1Freq)
    HAL_RCC_GetPCLK2Freq                     0x08001e21   Thumb Code    38  stm32f1xx_hal_rcc.o(.text.HAL_RCC_GetPCLK2Freq)
    HAL_RCC_OscConfig                        0x08001e49   Thumb Code   948  stm32f1xx_hal_rcc.o(.text.HAL_RCC_OscConfig)
    HAL_SYSTICK_Config                       0x080021fd   Thumb Code    44  stm32f1xx_hal_cortex.o(.text.HAL_SYSTICK_Config)
    HAL_TIMEx_BreakCallback                  0x08002229   Thumb Code     2  stm32f1xx_hal_tim_ex.o(.text.HAL_TIMEx_BreakCallback)
    HAL_TIMEx_CommutCallback                 0x0800222d   Thumb Code     2  stm32f1xx_hal_tim_ex.o(.text.HAL_TIMEx_CommutCallback)
    HAL_TIM_Base_Init                        0x08002231   Thumb Code   250  stm32f1xx_hal_tim.o(.text.HAL_TIM_Base_Init)
    HAL_TIM_Base_MspInit                     0x0800232d   Thumb Code     2  stm32f1xx_hal_tim.o(.text.HAL_TIM_Base_MspInit)
    HAL_TIM_Base_Start_IT                    0x08002331   Thumb Code   110  stm32f1xx_hal_tim.o(.text.HAL_TIM_Base_Start_IT)
    HAL_TIM_IC_CaptureCallback               0x080023a1   Thumb Code     2  stm32f1xx_hal_tim.o(.text.HAL_TIM_IC_CaptureCallback)
    HAL_TIM_IRQHandler                       0x080023a5   Thumb Code   334  stm32f1xx_hal_tim.o(.text.HAL_TIM_IRQHandler)
    HAL_TIM_OC_DelayElapsedCallback          0x080024f5   Thumb Code     2  stm32f1xx_hal_tim.o(.text.HAL_TIM_OC_DelayElapsedCallback)
    HAL_TIM_PWM_PulseFinishedCallback        0x080024f9   Thumb Code     2  stm32f1xx_hal_tim.o(.text.HAL_TIM_PWM_PulseFinishedCallback)
    HAL_TIM_PeriodElapsedCallback            0x080024fd   Thumb Code    20  main.o(.text.HAL_TIM_PeriodElapsedCallback)
    HAL_TIM_TriggerCallback                  0x08002511   Thumb Code     2  stm32f1xx_hal_tim.o(.text.HAL_TIM_TriggerCallback)
    HAL_UARTEx_RxEventCallback               0x08002515   Thumb Code     2  stm32f1xx_hal_uart.o(.text.HAL_UARTEx_RxEventCallback)
    HAL_UART_ErrorCallback                   0x08002519   Thumb Code     2  stm32f1xx_hal_uart.o(.text.HAL_UART_ErrorCallback)
    HAL_UART_IRQHandler                      0x0800251d   Thumb Code  1380  stm32f1xx_hal_uart.o(.text.HAL_UART_IRQHandler)
    HAL_UART_Init                            0x08002a81   Thumb Code   222  stm32f1xx_hal_uart.o(.text.HAL_UART_Init)
    HAL_UART_MspInit                         0x08002b61   Thumb Code   372  usart.o(.text.HAL_UART_MspInit)
    HAL_UART_Receive_IT                      0x08002cd5   Thumb Code    82  stm32f1xx_hal_uart.o(.text.HAL_UART_Receive_IT)
    HAL_UART_RxCpltCallback                  0x08002d29   Thumb Code   224  main.o(.text.HAL_UART_RxCpltCallback)
    HAL_UART_Transmit                        0x08002e0d   Thumb Code   358  stm32f1xx_hal_uart.o(.text.HAL_UART_Transmit)
    HAL_UART_TxCpltCallback                  0x08002f75   Thumb Code     2  stm32f1xx_hal_uart.o(.text.HAL_UART_TxCpltCallback)
    MX_ADC1_Init                             0x08002f79   Thumb Code    86  adc.o(.text.MX_ADC1_Init)
    MX_ADC2_Init                             0x08002fd1   Thumb Code    86  adc.o(.text.MX_ADC2_Init)
    MX_GPIO_Init                             0x08003029   Thumb Code   132  gpio.o(.text.MX_GPIO_Init)
    MX_I2C1_Init                             0x080030ad   Thumb Code    66  i2c.o(.text.MX_I2C1_Init)
    MX_USART1_UART_Init                      0x080030f1   Thumb Code    60  usart.o(.text.MX_USART1_UART_Init)
    MX_USART2_UART_Init                      0x0800312d   Thumb Code    60  usart.o(.text.MX_USART2_UART_Init)
    MX_USART3_UART_Init                      0x08003169   Thumb Code    60  usart.o(.text.MX_USART3_UART_Init)
    MemManage_Handler                        0x080031a5   Thumb Code     2  stm32f1xx_it.o(.text.MemManage_Handler)
    NMI_Handler                              0x080031a9   Thumb Code     2  stm32f1xx_it.o(.text.NMI_Handler)
    SysTick_Handler                          0x080031ad   Thumb Code    18  board.o(.text.SysTick_Handler)
    SystemClock_Config                       0x080031c1   Thumb Code   120  main.o(.text.SystemClock_Config)
    SystemCoreClockUpdate                    0x08003239   Thumb Code   112  system_stm32f1xx.o(.text.SystemCoreClockUpdate)
    SystemInit                               0x080032a9   Thumb Code     2  system_stm32f1xx.o(.text.SystemInit)
    TIM1_UP_IRQHandler                       0x080032ad   Thumb Code    12  stm32f1xx_it.o(.text.TIM1_UP_IRQHandler)
    USART2_IRQHandler                        0x080033c5   Thumb Code    12  stm32f1xx_it.o(.text.USART2_IRQHandler)
    UsageFault_Handler                       0x080033d1   Thumb Code     2  stm32f1xx_it.o(.text.UsageFault_Handler)
    __rt_ffs                                 0x080033d5   Thumb Code    56  kservice.o(.text.__rt_ffs)
    cmd_free                                 0x0800340d   Thumb Code    10  msh.o(.text.cmd_free)
    cmd_ps                                   0x08003419   Thumb Code    10  msh.o(.text.cmd_ps)
    data_controller                          0x08003425   Thumb Code   180  main.o(.text.data_controller)
    espSend                                  0x0800354d   Thumb Code    76  esp01s.o(.text.espSend)
    finsh_system_init                        0x080035b9   Thumb Code   136  shell.o(.text.finsh_system_init)
    finsh_thread_entry                       0x08003669   Thumb Code  1164  shell.o(.text.finsh_thread_entry)
    hello                                    0x08003b0d   Thumb Code    12  cmd.o(.text.hello)
    list                                     0x08003b2d   Thumb Code    96  cmd.o(.text.list)
    list_mem                                 0x08003bb5   Thumb Code    40  mem.o(.text.list_mem)
    list_sem                                 0x08003c25   Thumb Code   508  cmd.o(.text.list_sem)
    list_thread                              0x08003e8d   Thumb Code   484  cmd.o(.text.list_thread)
    list_timer                               0x08004101   Thumb Code  1220  cmd.o(.text.list_timer)
    $Super$$main                             0x08004631   Thumb Code   244  main.o(.text.main)
    main_thread_entry                        0x08004725   Thumb Code    50  components.o(.text.main_thread_entry)
    msh_auto_complete                        0x08004759   Thumb Code   384  msh.o(.text.msh_auto_complete)
    msh_exec                                 0x080048dd   Thumb Code  1004  msh.o(.text.msh_exec)
    msh_help                                 0x08004d05   Thumb Code   124  msh.o(.text.msh_help)
    msh_is_used                              0x08004d81   Thumb Code     4  msh.o(.text.msh_is_used)
    rt_calloc                                0x0800528d   Thumb Code    30  mem.o(.text.rt_calloc)
    rt_components_board_init                 0x080052ad   Thumb Code    44  components.o(.text.rt_components_board_init)
    rt_enter_critical                        0x080052d9   Thumb Code    28  scheduler.o(.text.rt_enter_critical)
    rt_exit_critical                         0x080052f5   Thumb Code   150  scheduler.o(.text.rt_exit_critical)
    rt_free                                  0x0800538d   Thumb Code   216  mem.o(.text.rt_free)
    rt_heap_begin_get                        0x080054b1   Thumb Code    10  board.o(.text.rt_heap_begin_get)
    rt_heap_end_get                          0x080054bd   Thumb Code    14  board.o(.text.rt_heap_end_get)
    rt_hw_board_init                         0x080054cd   Thumb Code    62  board.o(.text.rt_hw_board_init)
    rt_hw_console_getchar                    0x0800550d   Thumb Code    38  board.o(.text.rt_hw_console_getchar)
    rt_hw_console_output                     0x08005535   Thumb Code    96  board.o(.text.rt_hw_console_output)
    rt_hw_hard_fault_exception               0x08005595   Thumb Code   900  cpuport.o(.text.rt_hw_hard_fault_exception)
    rt_hw_stack_init                         0x080059c1   Thumb Code    60  cpuport.o(.text.rt_hw_stack_init)
    rt_interrupt_enter                       0x080059fd   Thumb Code    28  irq.o(.text.rt_interrupt_enter)
    rt_interrupt_leave                       0x08005a19   Thumb Code    28  irq.o(.text.rt_interrupt_leave)
    rt_kprintf                               0x08005a35   Thumb Code    50  kservice.o(.text.rt_kprintf)
    rt_malloc                                0x08005a69   Thumb Code   452  mem.o(.text.rt_malloc)
    rt_memmove                               0x08005c2d   Thumb Code   236  kservice.o(.text.rt_memmove)
    rt_memset                                0x08005d19   Thumb Code   246  kservice.o(.text.rt_memset)
    rt_object_allocate                       0x08005e11   Thumb Code   114  object.o(.text.rt_object_allocate)
    rt_object_delete                         0x08005e85   Thumb Code    44  object.o(.text.rt_object_delete)
    rt_object_detach                         0x08005eb1   Thumb Code    36  object.o(.text.rt_object_detach)
    rt_object_get_information                0x08005ed5   Thumb Code    42  object.o(.text.rt_object_get_information)
    rt_object_init                           0x08005f01   Thumb Code   126  object.o(.text.rt_object_init)
    rt_object_is_systemobject                0x08005f81   Thumb Code     6  object.o(.text.rt_object_is_systemobject)
    rt_schedule                              0x08005f89   Thumb Code   114  scheduler.o(.text.rt_schedule)
    rt_schedule_insert_thread                0x08005ffd   Thumb Code    82  scheduler.o(.text.rt_schedule_insert_thread)
    rt_schedule_remove_thread                0x08006051   Thumb Code    86  scheduler.o(.text.rt_schedule_remove_thread)
    rt_sem_init                              0x080060a9   Thumb Code    32  ipc.o(.text.rt_sem_init)
    rt_sem_release                           0x080060c9   Thumb Code    82  ipc.o(.text.rt_sem_release)
    rt_sem_take                              0x0800611d   Thumb Code   252  ipc.o(.text.rt_sem_take)
    rt_show_version                          0x08006219   Thumb Code    48  kservice.o(.text.rt_show_version)
    rt_strlen                                0x080062d1   Thumb Code    58  kservice.o(.text.rt_strlen)
    rt_strncpy                               0x0800630d   Thumb Code   134  kservice.o(.text.rt_strncpy)
    rt_system_heap_init                      0x08006395   Thumb Code   112  mem.o(.text.rt_system_heap_init)
    rt_system_scheduler_init                 0x08006449   Thumb Code   298  scheduler.o(.text.rt_system_scheduler_init)
    rt_system_scheduler_start                0x08006575   Thumb Code    48  scheduler.o(.text.rt_system_scheduler_start)
    rt_system_timer_init                     0x080065a5   Thumb Code    16  timer.o(.text.rt_system_timer_init)
    rt_system_timer_thread_init              0x080065b5   Thumb Code     2  timer.o(.text.rt_system_timer_thread_init)
    rt_thread_create                         0x080065b9   Thumb Code   176  thread.o(.text.rt_thread_create)
    rt_thread_exit                           0x08006669   Thumb Code   122  thread.o(.text.rt_thread_exit)
    rt_thread_idle_init                      0x08006725   Thumb Code    72  idle.o(.text.rt_thread_idle_init)
    rt_thread_init                           0x08006775   Thumb Code   142  thread.o(.text.rt_thread_init)
    rt_thread_mdelay                         0x08006805   Thumb Code    14  thread.o(.text.rt_thread_mdelay)
    rt_thread_resume                         0x08006815   Thumb Code    70  thread.o(.text.rt_thread_resume)
    rt_thread_self                           0x0800685d   Thumb Code    12  thread.o(.text.rt_thread_self)
    rt_thread_sleep                          0x08006869   Thumb Code   120  thread.o(.text.rt_thread_sleep)
    rt_thread_startup                        0x080068e1   Thumb Code    92  thread.o(.text.rt_thread_startup)
    rt_thread_suspend                        0x0800693d   Thumb Code    66  thread.o(.text.rt_thread_suspend)
    rt_thread_timeout                        0x08006981   Thumb Code    40  thread.o(.text.rt_thread_timeout)
    rt_thread_yield                          0x080069a9   Thumb Code   100  thread.o(.text.rt_thread_yield)
    rt_tick_from_millisecond                 0x08006a0d   Thumb Code    52  clock.o(.text.rt_tick_from_millisecond)
    rt_tick_get                              0x08006a41   Thumb Code    12  clock.o(.text.rt_tick_get)
    rt_tick_increase                         0x08006a4d   Thumb Code    52  clock.o(.text.rt_tick_increase)
    rt_timer_check                           0x08006a81   Thumb Code   344  timer.o(.text.rt_timer_check)
    rt_timer_control                         0x08006bd9   Thumb Code   104  timer.o(.text.rt_timer_control)
    rt_timer_detach                          0x08006c41   Thumb Code    48  timer.o(.text.rt_timer_detach)
    rt_timer_init                            0x08006c71   Thumb Code    50  timer.o(.text.rt_timer_init)
    rt_timer_start                           0x08006ca5   Thumb Code   202  timer.o(.text.rt_timer_start)
    rt_timer_stop                            0x08006d71   Thumb Code    56  timer.o(.text.rt_timer_stop)
    rt_vsnprintf                             0x08006da9   Thumb Code  2086  kservice.o(.text.rt_vsnprintf)
    sendData                                 0x080075e1   Thumb Code    30  usart.o(.text.sendData)
    version                                  0x08007639   Thumb Code    10  cmd.o(.text.version)
    _btod_d2e                                0x08007643   Thumb Code    62  btod.o(CL$$btod_d2e)
    _d2e_denorm_low                          0x08007681   Thumb Code    70  btod.o(CL$$btod_d2e_denorm_low)
    _d2e_norm_op1                            0x080076c7   Thumb Code    96  btod.o(CL$$btod_d2e_norm_op1)
    __btod_div_common                        0x08007729   Thumb Code   696  btod.o(CL$$btod_div_common)
    _e2e                                     0x08007a61   Thumb Code   220  btod.o(CL$$btod_e2e)
    _btod_ediv                               0x08007b3d   Thumb Code    42  btod.o(CL$$btod_ediv)
    _btod_emul                               0x08007b67   Thumb Code    42  btod.o(CL$$btod_emul)
    __btod_mult_common                       0x08007b91   Thumb Code   580  btod.o(CL$$btod_mult_common)
    __ARM_fpclassify                         0x08007dd5   Thumb Code    40  fpclassify.o(i.__ARM_fpclassify)
    _is_digit                                0x08007dfd   Thumb Code    14  __printf_wp.o(i._is_digit)
    _get_lc_numeric                          0x08007e0d   Thumb Code    44  lc_numeric_c.o(locale$$code)
    __fpl_dretinf                            0x08007e39   Thumb Code    12  dretinf.o(x$fpl$dretinf)
    __aeabi_f2d                              0x08007e45   Thumb Code     0  f2d.o(x$fpl$f2d)
    _f2d                                     0x08007e45   Thumb Code    86  f2d.o(x$fpl$f2d)
    __fpl_fnaninf                            0x08007e9b   Thumb Code   140  fnaninf.o(x$fpl$fnaninf)
    _printf_fp_dec                           0x08007f27   Thumb Code     4  printf1.o(x$fpl$printf1)
    __I$use$fp                               0x08007f2a   Number         0  usenofp.o(x$fpl$usenofp)
    AHBPrescTable                            0x08007fc0   Data          16  system_stm32f1xx.o(.rodata.AHBPrescTable)
    APBPrescTable                            0x08007fd0   Data           8  system_stm32f1xx.o(.rodata.APBPrescTable)
    __lowest_bit_bitmap                      0x08007fda   Data         256  kservice.o(.rodata.__lowest_bit_bitmap)
    __fsym_list_mem_name                     0x080080ea   Data           9  mem.o(.rodata.name)
    __fsym_list_mem_desc                     0x080080f3   Data          30  mem.o(.rodata.name)
    __fsym_hello_name                        0x08008111   Data           6  cmd.o(.rodata.name)
    __fsym_hello_desc                        0x08008117   Data          16  cmd.o(.rodata.name)
    __fsym_version_name                      0x08008127   Data           8  cmd.o(.rodata.name)
    __fsym_version_desc                      0x0800812f   Data          35  cmd.o(.rodata.name)
    __fsym___cmd_version_name                0x08008152   Data          14  cmd.o(.rodata.name)
    __fsym___cmd_version_desc                0x08008160   Data          35  cmd.o(.rodata.name)
    __fsym_list_thread_name                  0x08008183   Data          12  cmd.o(.rodata.name)
    __fsym_list_thread_desc                  0x0800818f   Data          12  cmd.o(.rodata.name)
    __fsym___cmd_list_thread_name            0x0800819b   Data          18  cmd.o(.rodata.name)
    __fsym___cmd_list_thread_desc            0x080081ad   Data          12  cmd.o(.rodata.name)
    __fsym_list_sem_name                     0x080081b9   Data           9  cmd.o(.rodata.name)
    __fsym_list_sem_desc                     0x080081c2   Data          25  cmd.o(.rodata.name)
    __fsym___cmd_list_sem_name               0x080081db   Data          15  cmd.o(.rodata.name)
    __fsym___cmd_list_sem_desc               0x080081ea   Data          25  cmd.o(.rodata.name)
    __fsym_list_timer_name                   0x08008203   Data          11  cmd.o(.rodata.name)
    __fsym_list_timer_desc                   0x0800820e   Data          21  cmd.o(.rodata.name)
    __fsym___cmd_list_timer_name             0x08008223   Data          17  cmd.o(.rodata.name)
    __fsym___cmd_list_timer_desc             0x08008234   Data          21  cmd.o(.rodata.name)
    __fsym_list_name                         0x08008249   Data           5  cmd.o(.rodata.name)
    __fsym_list_desc                         0x0800824e   Data          26  cmd.o(.rodata.name)
    __fsym___cmd_help_name                   0x08008268   Data          11  msh.o(.rodata.name)
    __fsym___cmd_help_desc                   0x08008273   Data          22  msh.o(.rodata.name)
    __fsym___cmd_ps_name                     0x08008289   Data           9  msh.o(.rodata.name)
    __fsym___cmd_ps_desc                     0x08008292   Data          28  msh.o(.rodata.name)
    __fsym___cmd_free_name                   0x080082ae   Data          11  msh.o(.rodata.name)
    __fsym___cmd_free_desc                   0x080082b9   Data          37  msh.o(.rodata.name)
    __rt_init_rti_start                      0x080085cc   Data           4  components.o(.rti_fn.0)
    __rt_init_rti_board_start                0x080085d0   Data           4  components.o(.rti_fn.0.end)
    __rt_init_uart_init                      0x080085d4   Data           4  board.o(.rti_fn.1)
    __rt_init_rti_board_end                  0x080085d8   Data           4  components.o(.rti_fn.1.end)
    __rt_init_finsh_system_init              0x080085dc   Data           4  shell.o(.rti_fn.6)
    __rt_init_rti_end                        0x080085e0   Data           4  components.o(.rti_fn.6.end)
    FSymTab$$Base                            0x080085e4   Number         0  mem.o(FSymTab)
    __fsym_list_mem                          0x080085e4   Data          12  mem.o(FSymTab)
    __fsym_hello                             0x080085f0   Data          12  cmd.o(FSymTab)
    __fsym_version                           0x080085fc   Data          12  cmd.o(FSymTab)
    __fsym___cmd_version                     0x08008608   Data          12  cmd.o(FSymTab)
    __fsym_list_thread                       0x08008614   Data          12  cmd.o(FSymTab)
    __fsym___cmd_list_thread                 0x08008620   Data          12  cmd.o(FSymTab)
    __fsym_list_sem                          0x0800862c   Data          12  cmd.o(FSymTab)
    __fsym___cmd_list_sem                    0x08008638   Data          12  cmd.o(FSymTab)
    __fsym_list_timer                        0x08008644   Data          12  cmd.o(FSymTab)
    __fsym___cmd_list_timer                  0x08008650   Data          12  cmd.o(FSymTab)
    __fsym_list                              0x0800865c   Data          12  cmd.o(FSymTab)
    __fsym___cmd_help                        0x08008668   Data          12  msh.o(FSymTab)
    __fsym___cmd_ps                          0x08008674   Data          12  msh.o(FSymTab)
    __fsym___cmd_free                        0x08008680   Data          12  msh.o(FSymTab)
    FSymTab$$Limit                           0x0800868c   Number         0  msh.o(FSymTab)
    Region$$Table$$Base                      0x0800868c   Number         0  anon$$obj.o(Region$$Table)
    Region$$Table$$Limit                     0x080086ac   Number         0  anon$$obj.o(Region$$Table)
    uwTickFreq                               0x20000000   Data           1  stm32f1xx_hal.o(.data..L_MergedGlobals)
    uwTickPrio                               0x20000004   Data           4  stm32f1xx_hal.o(.data..L_MergedGlobals)
    SystemCoreClock                          0x20000008   Data           4  system_stm32f1xx.o(.data.SystemCoreClock)
    __libspace_start                         0x20000040   Data          96  libspace.o(.bss)
    __temporary_stack_top$libspace           0x200000a0   Data           0  libspace.o(.bss)
    usart2_c                                 0x200000a0   Data           1  main.o(.bss..L_MergedGlobals)
    TEMP_Value                               0x200000a4   Data           4  main.o(.bss..L_MergedGlobals)
    PH_Value                                 0x200000a8   Data           4  main.o(.bss..L_MergedGlobals)
    TDS_Value                                0x200000ac   Data           4  main.o(.bss..L_MergedGlobals)
    SIZE_Value                               0x200000b0   Data           4  main.o(.bss..L_MergedGlobals)
    SPEED_Value                              0x200000b4   Data           4  main.o(.bss..L_MergedGlobals)
    compensationCoefficient                  0x200000b8   Data           4  main.o(.bss..L_MergedGlobals)
    compensationVolatge                      0x200000bc   Data           4  main.o(.bss..L_MergedGlobals)
    TDS_value                                0x200000c0   Data           4  main.o(.bss..L_MergedGlobals)
    dataLenStr                               0x200000c4   Data           4  main.o(.bss..L_MergedGlobals)
    dataLen                                  0x200000c8   Data           4  main.o(.bss..L_MergedGlobals)
    realCommand                              0x200000cc   Data           4  main.o(.bss..L_MergedGlobals)
    ADC_ConvertedValue                       0x200000d0   Data           6  main.o(.bss..L_MergedGlobals)
    TDS_Buff                                 0x200000d6   Data           6  main.o(.bss..L_MergedGlobals)
    ADC_ConvertedValueLocal                  0x200000dc   Data          12  main.o(.bss..L_MergedGlobals)
    rt_current_priority                      0x20000120   Data           1  scheduler.o(.bss..L_MergedGlobals)
    rt_current_thread                        0x20000124   Data           4  scheduler.o(.bss..L_MergedGlobals)
    rt_thread_ready_priority_group           0x20000128   Data           4  scheduler.o(.bss..L_MergedGlobals)
    rt_thread_defunct                        0x2000012c   Data           8  scheduler.o(.bss..L_MergedGlobals)
    _syscall_table_begin                     0x20000140   Data           4  shell.o(.bss..L_MergedGlobals)
    _syscall_table_end                       0x20000144   Data           4  shell.o(.bss..L_MergedGlobals)
    _sysvar_table_begin                      0x20000148   Data           4  shell.o(.bss..L_MergedGlobals)
    _sysvar_table_end                        0x2000014c   Data           4  shell.o(.bss..L_MergedGlobals)
    shell                                    0x20000154   Data           4  shell.o(.bss..L_MergedGlobals)
    esp_command_flag                         0x200001a0   Data           4  globals.o(.bss.esp_command_flag)
    esp_flag                                 0x200001a4   Data           4  globals.o(.bss.esp_flag)
    hadc1                                    0x2000022c   Data          48  adc.o(.bss.hadc1)
    hadc2                                    0x2000025c   Data          48  adc.o(.bss.hadc2)
    hi2c1                                    0x2000028c   Data          84  i2c.o(.bss.hi2c1)
    htim1                                    0x200002e0   Data          72  stm32f1xx_hal_timebase_tim.o(.bss.htim1)
    huart1                                   0x20000328   Data          72  usart.o(.bss.huart1)
    huart2                                   0x20000370   Data          72  usart.o(.bss.huart2)
    huart3                                   0x200003b8   Data          72  usart.o(.bss.huart3)
    rt_interrupt_from_thread                 0x2000407c   Data           4  cpuport.o(.bss.rt_interrupt_from_thread)
    rt_interrupt_nest                        0x20004080   Data           1  irq.o(.bss.rt_interrupt_nest)
    rt_interrupt_to_thread                   0x20004084   Data           4  cpuport.o(.bss.rt_interrupt_to_thread)
    rt_thread_priority_table                 0x20004108   Data         256  scheduler.o(.bss.rt_thread_priority_table)
    rt_thread_switch_interrupt_flag          0x20004308   Data           4  cpuport.o(.bss.rt_thread_switch_interrupt_flag)
    usart2_rx_buffer                         0x20004310   Data         250  globals.o(.bss.usart2_rx_buffer)
    usart2_rx_index                          0x2000440c   Data           4  globals.o(.bss.usart2_rx_index)
    uwTick                                   0x20004410   Data           4  stm32f1xx_hal.o(.bss.uwTick)



==============================================================================

Memory Map of the image

  Image Entry point : 0x080000ed

  Load Region LR_IROM1 (Base: 0x08000000, Size: 0x00008708, Max: 0x00010000, ABSOLUTE)

    Execution Region ER_IROM1 (Exec base: 0x08000000, Load base: 0x08000000, Size: 0x000086c8, Max: 0x00010000, ABSOLUTE)

    Exec Addr    Load Addr    Size         Type   Attr      Idx    E Section Name        Object

    0x08000000   0x08000000   0x000000ec   Data   RO            3    RESET               startup_stm32f103xb.o
    0x080000ec   0x080000ec   0x00000008   Code   RO         1832  * !!!main             c_w.l(__main.o)
    0x080000f4   0x080000f4   0x00000034   Code   RO         2116    !!!scatter          c_w.l(__scatter.o)
    0x08000128   0x08000128   0x0000001a   Code   RO         2118    !!handler_copy      c_w.l(__scatter_copy.o)
    0x08000142   0x08000142   0x00000002   PAD
    0x08000144   0x08000144   0x0000001c   Code   RO         2120    !!handler_zi        c_w.l(__scatter_zi.o)
    0x08000160   0x08000160   0x00000000   Code   RO         1815    .ARM.Collect$$_printf_percent$$00000000  c_w.l(_printf_percent.o)
    0x08000160   0x08000160   0x00000006   Code   RO         1814    .ARM.Collect$$_printf_percent$$00000003  c_w.l(_printf_f.o)
    0x08000166   0x08000166   0x00000006   Code   RO         1813    .ARM.Collect$$_printf_percent$$00000009  c_w.l(_printf_d.o)
    0x0800016c   0x0800016c   0x00000006   Code   RO         1812    .ARM.Collect$$_printf_percent$$00000014  c_w.l(_printf_s.o)
    0x08000172   0x08000172   0x00000004   Code   RO         1877    .ARM.Collect$$_printf_percent$$00000017  c_w.l(_printf_percent_end.o)
    0x08000176   0x08000176   0x00000002   Code   RO         1979    .ARM.Collect$$libinit$$00000000  c_w.l(libinit.o)
    0x08000178   0x08000178   0x00000000   Code   RO         1981    .ARM.Collect$$libinit$$00000002  c_w.l(libinit2.o)
    0x08000178   0x08000178   0x00000000   Code   RO         1983    .ARM.Collect$$libinit$$00000004  c_w.l(libinit2.o)
    0x08000178   0x08000178   0x00000000   Code   RO         1985    .ARM.Collect$$libinit$$00000006  c_w.l(libinit2.o)
    0x08000178   0x08000178   0x00000000   Code   RO         1988    .ARM.Collect$$libinit$$0000000C  c_w.l(libinit2.o)
    0x08000178   0x08000178   0x00000000   Code   RO         1990    .ARM.Collect$$libinit$$0000000E  c_w.l(libinit2.o)
    0x08000178   0x08000178   0x00000000   Code   RO         1992    .ARM.Collect$$libinit$$00000010  c_w.l(libinit2.o)
    0x08000178   0x08000178   0x00000006   Code   RO         1993    .ARM.Collect$$libinit$$00000011  c_w.l(libinit2.o)
    0x0800017e   0x0800017e   0x00000000   Code   RO         1995    .ARM.Collect$$libinit$$00000013  c_w.l(libinit2.o)
    0x0800017e   0x0800017e   0x00000000   Code   RO         1997    .ARM.Collect$$libinit$$00000015  c_w.l(libinit2.o)
    0x0800017e   0x0800017e   0x00000000   Code   RO         1999    .ARM.Collect$$libinit$$00000017  c_w.l(libinit2.o)
    0x0800017e   0x0800017e   0x0000000a   Code   RO         2000    .ARM.Collect$$libinit$$00000018  c_w.l(libinit2.o)
    0x08000188   0x08000188   0x00000000   Code   RO         2001    .ARM.Collect$$libinit$$00000019  c_w.l(libinit2.o)
    0x08000188   0x08000188   0x00000000   Code   RO         2003    .ARM.Collect$$libinit$$0000001B  c_w.l(libinit2.o)
    0x08000188   0x08000188   0x00000000   Code   RO         2005    .ARM.Collect$$libinit$$0000001D  c_w.l(libinit2.o)
    0x08000188   0x08000188   0x00000000   Code   RO         2007    .ARM.Collect$$libinit$$0000001F  c_w.l(libinit2.o)
    0x08000188   0x08000188   0x00000000   Code   RO         2009    .ARM.Collect$$libinit$$00000021  c_w.l(libinit2.o)
    0x08000188   0x08000188   0x00000000   Code   RO         2011    .ARM.Collect$$libinit$$00000023  c_w.l(libinit2.o)
    0x08000188   0x08000188   0x00000000   Code   RO         2013    .ARM.Collect$$libinit$$00000025  c_w.l(libinit2.o)
    0x08000188   0x08000188   0x00000000   Code   RO         2015    .ARM.Collect$$libinit$$00000027  c_w.l(libinit2.o)
    0x08000188   0x08000188   0x00000000   Code   RO         2019    .ARM.Collect$$libinit$$0000002E  c_w.l(libinit2.o)
    0x08000188   0x08000188   0x00000000   Code   RO         2021    .ARM.Collect$$libinit$$00000030  c_w.l(libinit2.o)
    0x08000188   0x08000188   0x00000000   Code   RO         2023    .ARM.Collect$$libinit$$00000032  c_w.l(libinit2.o)
    0x08000188   0x08000188   0x00000000   Code   RO         2025    .ARM.Collect$$libinit$$00000034  c_w.l(libinit2.o)
    0x08000188   0x08000188   0x00000002   Code   RO         2026    .ARM.Collect$$libinit$$00000035  c_w.l(libinit2.o)
    0x0800018a   0x0800018a   0x00000002   Code   RO         2062    .ARM.Collect$$libshutdown$$00000000  c_w.l(libshutdown.o)
    0x0800018c   0x0800018c   0x00000000   Code   RO         2073    .ARM.Collect$$libshutdown$$00000002  c_w.l(libshutdown2.o)
    0x0800018c   0x0800018c   0x00000000   Code   RO         2075    .ARM.Collect$$libshutdown$$00000004  c_w.l(libshutdown2.o)
    0x0800018c   0x0800018c   0x00000000   Code   RO         2078    .ARM.Collect$$libshutdown$$00000007  c_w.l(libshutdown2.o)
    0x0800018c   0x0800018c   0x00000000   Code   RO         2081    .ARM.Collect$$libshutdown$$0000000A  c_w.l(libshutdown2.o)
    0x0800018c   0x0800018c   0x00000000   Code   RO         2083    .ARM.Collect$$libshutdown$$0000000C  c_w.l(libshutdown2.o)
    0x0800018c   0x0800018c   0x00000000   Code   RO         2086    .ARM.Collect$$libshutdown$$0000000F  c_w.l(libshutdown2.o)
    0x0800018c   0x0800018c   0x00000002   Code   RO         2087    .ARM.Collect$$libshutdown$$00000010  c_w.l(libshutdown2.o)
    0x0800018e   0x0800018e   0x00000000   Code   RO         1864    .ARM.Collect$$rtentry$$00000000  c_w.l(__rtentry.o)
    0x0800018e   0x0800018e   0x00000000   Code   RO         1900    .ARM.Collect$$rtentry$$00000002  c_w.l(__rtentry2.o)
    0x0800018e   0x0800018e   0x00000006   Code   RO         1912    .ARM.Collect$$rtentry$$00000004  c_w.l(__rtentry4.o)
    0x08000194   0x08000194   0x00000000   Code   RO         1902    .ARM.Collect$$rtentry$$00000009  c_w.l(__rtentry2.o)
    0x08000194   0x08000194   0x00000004   Code   RO         1903    .ARM.Collect$$rtentry$$0000000A  c_w.l(__rtentry2.o)
    0x08000198   0x08000198   0x00000000   Code   RO         1905    .ARM.Collect$$rtentry$$0000000C  c_w.l(__rtentry2.o)
    0x08000198   0x08000198   0x00000008   Code   RO         1906    .ARM.Collect$$rtentry$$0000000D  c_w.l(__rtentry2.o)
    0x080001a0   0x080001a0   0x00000002   Code   RO         2027    .ARM.Collect$$rtexit$$00000000  c_w.l(rtexit.o)
    0x080001a2   0x080001a2   0x00000000   Code   RO         2036    .ARM.Collect$$rtexit$$00000002  c_w.l(rtexit2.o)
    0x080001a2   0x080001a2   0x00000004   Code   RO         2037    .ARM.Collect$$rtexit$$00000003  c_w.l(rtexit2.o)
    0x080001a6   0x080001a6   0x00000006   Code   RO         2038    .ARM.Collect$$rtexit$$00000004  c_w.l(rtexit2.o)
    0x080001ac   0x080001ac   0x00000040   Code   RO            4    .text               startup_stm32f103xb.o
    0x080001ec   0x080001ec   0x000000f4   Code   RO         1227    .text               context_rvds.o
    0x080002e0   0x080002e0   0x00000028   Code   RO         1784    .text               c_w.l(noretval__2sprintf.o)
    0x08000308   0x08000308   0x00000052   Code   RO         1788    .text               c_w.l(_printf_str.o)
    0x0800035a   0x0800035a   0x00000002   PAD
    0x0800035c   0x0800035c   0x00000078   Code   RO         1790    .text               c_w.l(_printf_dec.o)
    0x080003d4   0x080003d4   0x0000010e   Code   RO         1800    .text               c_w.l(__printf_wp.o)
    0x080004e2   0x080004e2   0x0000003e   Code   RO         1818    .text               c_w.l(strlen.o)
    0x08000520   0x08000520   0x00000096   Code   RO         1820    .text               c_w.l(strncmp.o)
    0x080005b6   0x080005b6   0x00000010   Code   RO         1822    .text               c_w.l(aeabi_memset.o)
    0x080005c6   0x080005c6   0x00000044   Code   RO         1824    .text               c_w.l(rt_memclr.o)
    0x0800060a   0x0800060a   0x0000004e   Code   RO         1826    .text               c_w.l(rt_memclr_w.o)
    0x08000658   0x08000658   0x00000056   Code   RO         1828    .text               c_w.l(strncpy.o)
    0x080006ae   0x080006ae   0x00000006   Code   RO         1830    .text               c_w.l(heapauxi.o)
    0x080006b4   0x080006b4   0x000000b2   Code   RO         1865    .text               c_w.l(_printf_intcommon.o)
    0x08000766   0x08000766   0x0000041c   Code   RO         1867    .text               c_w.l(_printf_fp_dec.o)
    0x08000b82   0x08000b82   0x00000002   PAD
    0x08000b84   0x08000b84   0x00000030   Code   RO         1871    .text               c_w.l(_printf_char_common.o)
    0x08000bb4   0x08000bb4   0x0000000a   Code   RO         1873    .text               c_w.l(_sputc.o)
    0x08000bbe   0x08000bbe   0x0000002c   Code   RO         1875    .text               c_w.l(_printf_char.o)
    0x08000bea   0x08000bea   0x00000002   PAD
    0x08000bec   0x08000bec   0x00000008   Code   RO         1917    .text               c_w.l(rt_locale_intlibspace.o)
    0x08000bf4   0x08000bf4   0x0000008a   Code   RO         1919    .text               c_w.l(lludiv10.o)
    0x08000c7e   0x08000c7e   0x00000002   PAD
    0x08000c80   0x08000c80   0x00000080   Code   RO         1921    .text               c_w.l(_printf_fp_infnan.o)
    0x08000d00   0x08000d00   0x000000e4   Code   RO         1925    .text               c_w.l(bigflt0.o)
    0x08000de4   0x08000de4   0x00000008   Code   RO         1963    .text               c_w.l(libspace.o)
    0x08000dec   0x08000dec   0x0000004a   Code   RO         1966    .text               c_w.l(sys_stackheap_outer.o)
    0x08000e36   0x08000e36   0x00000012   Code   RO         1970    .text               c_w.l(exit.o)
    0x08000e48   0x08000e48   0x00000080   Code   RO         1972    .text               c_w.l(strcmpv7m.o)
    0x08000ec8   0x08000ec8   0x0000000c   Code   RO         2048    .text               c_w.l(sys_exit.o)
    0x08000ed4   0x08000ed4   0x00000002   Code   RO         2063    .text               c_w.l(use_no_semi.o)
    0x08000ed6   0x08000ed6   0x00000000   Code   RO         2065    .text               c_w.l(indicate_semi.o)
    0x08000ed6   0x08000ed6   0x00000002   PAD
    0x08000ed8   0x08000ed8   0x00000054   Code   RO         1263    .text.$Sub$$main    components.o
    0x08000f2c   0x08000f2c   0x00000002   Code   RO          152    .text.BusFault_Handler  stm32f1xx_it.o
    0x08000f2e   0x08000f2e   0x00000002   PAD
    0x08000f30   0x08000f30   0x00000002   Code   RO          156    .text.DebugMon_Handler  stm32f1xx_it.o
    0x08000f32   0x08000f32   0x00000002   PAD
    0x08000f34   0x08000f34   0x0000000a   Code   RO           52    .text.Error_Handler  main.o
    0x08000f3e   0x08000f3e   0x00000002   PAD
    0x08000f40   0x08000f40   0x00000134   Code   RO         1614    .text.Esp01s_Init   esp01s.o
    0x08001074   0x08001074   0x00000194   Code   RO          253    .text.HAL_ADC_ConfigChannel  stm32f1xx_hal_adc.o
    0x08001208   0x08001208   0x0000015c   Code   RO          207    .text.HAL_ADC_Init  stm32f1xx_hal_adc.o
    0x08001364   0x08001364   0x000000a2   Code   RO           96    .text.HAL_ADC_MspInit  adc.o
    0x08001406   0x08001406   0x00000002   PAD
    0x08001408   0x08001408   0x00000046   Code   RO          447    .text.HAL_DMA_Abort  stm32f1xx_hal_dma.o
    0x0800144e   0x0800144e   0x00000002   PAD
    0x08001450   0x08001450   0x000000b2   Code   RO          449    .text.HAL_DMA_Abort_IT  stm32f1xx_hal_dma.o
    0x08001502   0x08001502   0x00000002   PAD
    0x08001504   0x08001504   0x00000212   Code   RO          415    .text.HAL_GPIO_Init  stm32f1xx_hal_gpio.o
    0x08001716   0x08001716   0x00000002   PAD
    0x08001718   0x08001718   0x0000000a   Code   RO          421    .text.HAL_GPIO_WritePin  stm32f1xx_hal_gpio.o
    0x08001722   0x08001722   0x00000002   PAD
    0x08001724   0x08001724   0x0000000c   Code   RO          315    .text.HAL_GetTick   stm32f1xx_hal.o
    0x08001730   0x08001730   0x00000176   Code   RO          636    .text.HAL_I2C_Init  stm32f1xx_hal_i2c.o
    0x080018a6   0x080018a6   0x00000002   PAD
    0x080018a8   0x080018a8   0x00000062   Code   RO          112    .text.HAL_I2C_MspInit  i2c.o
    0x0800190a   0x0800190a   0x00000002   PAD
    0x0800190c   0x0800190c   0x0000001a   Code   RO          313    .text.HAL_IncTick   stm32f1xx_hal.o
    0x08001926   0x08001926   0x00000002   PAD
    0x08001928   0x08001928   0x00000026   Code   RO          303    .text.HAL_Init      stm32f1xx_hal.o
    0x0800194e   0x0800194e   0x00000002   PAD
    0x08001950   0x08001950   0x000000b0   Code   RO          178    .text.HAL_InitTick  stm32f1xx_hal_timebase_tim.o
    0x08001a00   0x08001a00   0x00000042   Code   RO          169    .text.HAL_MspInit   stm32f1xx_hal_msp.o
    0x08001a42   0x08001a42   0x00000002   PAD
    0x08001a44   0x08001a44   0x00000020   Code   RO          475    .text.HAL_NVIC_EnableIRQ  stm32f1xx_hal_cortex.o
    0x08001a64   0x08001a64   0x00000056   Code   RO          473    .text.HAL_NVIC_SetPriority  stm32f1xx_hal_cortex.o
    0x08001aba   0x08001aba   0x00000002   PAD
    0x08001abc   0x08001abc   0x00000020   Code   RO          471    .text.HAL_NVIC_SetPriorityGrouping  stm32f1xx_hal_cortex.o
    0x08001adc   0x08001adc   0x0000010a   Code   RO          401    .text.HAL_RCCEx_PeriphCLKConfig  stm32f1xx_hal_rcc_ex.o
    0x08001be6   0x08001be6   0x00000002   PAD
    0x08001be8   0x08001be8   0x000001be   Code   RO          367    .text.HAL_RCC_ClockConfig  stm32f1xx_hal_rcc.o
    0x08001da6   0x08001da6   0x00000002   PAD
    0x08001da8   0x08001da8   0x00000042   Code   RO          385    .text.HAL_RCC_GetClockConfig  stm32f1xx_hal_rcc.o
    0x08001dea   0x08001dea   0x00000002   PAD
    0x08001dec   0x08001dec   0x0000000c   Code   RO          377    .text.HAL_RCC_GetHCLKFreq  stm32f1xx_hal_rcc.o
    0x08001df8   0x08001df8   0x00000026   Code   RO          379    .text.HAL_RCC_GetPCLK1Freq  stm32f1xx_hal_rcc.o
    0x08001e1e   0x08001e1e   0x00000002   PAD
    0x08001e20   0x08001e20   0x00000026   Code   RO          381    .text.HAL_RCC_GetPCLK2Freq  stm32f1xx_hal_rcc.o
    0x08001e46   0x08001e46   0x00000002   PAD
    0x08001e48   0x08001e48   0x000003b4   Code   RO          365    .text.HAL_RCC_OscConfig  stm32f1xx_hal_rcc.o
    0x080021fc   0x080021fc   0x0000002c   Code   RO          483    .text.HAL_SYSTICK_Config  stm32f1xx_hal_cortex.o
    0x08002228   0x08002228   0x00000002   Code   RO         1079    .text.HAL_TIMEx_BreakCallback  stm32f1xx_hal_tim_ex.o
    0x0800222a   0x0800222a   0x00000002   PAD
    0x0800222c   0x0800222c   0x00000002   Code   RO         1075    .text.HAL_TIMEx_CommutCallback  stm32f1xx_hal_tim_ex.o
    0x0800222e   0x0800222e   0x00000002   PAD
    0x08002230   0x08002230   0x000000fa   Code   RO          774    .text.HAL_TIM_Base_Init  stm32f1xx_hal_tim.o
    0x0800232a   0x0800232a   0x00000002   PAD
    0x0800232c   0x0800232c   0x00000002   Code   RO          776    .text.HAL_TIM_Base_MspInit  stm32f1xx_hal_tim.o
    0x0800232e   0x0800232e   0x00000002   PAD
    0x08002330   0x08002330   0x0000006e   Code   RO          788    .text.HAL_TIM_Base_Start_IT  stm32f1xx_hal_tim.o
    0x0800239e   0x0800239e   0x00000002   PAD
    0x080023a0   0x080023a0   0x00000002   Code   RO          910    .text.HAL_TIM_IC_CaptureCallback  stm32f1xx_hal_tim.o
    0x080023a2   0x080023a2   0x00000002   PAD
    0x080023a4   0x080023a4   0x0000014e   Code   RO          908    .text.HAL_TIM_IRQHandler  stm32f1xx_hal_tim.o
    0x080024f2   0x080024f2   0x00000002   PAD
    0x080024f4   0x080024f4   0x00000002   Code   RO          912    .text.HAL_TIM_OC_DelayElapsedCallback  stm32f1xx_hal_tim.o
    0x080024f6   0x080024f6   0x00000002   PAD
    0x080024f8   0x080024f8   0x00000002   Code   RO          914    .text.HAL_TIM_PWM_PulseFinishedCallback  stm32f1xx_hal_tim.o
    0x080024fa   0x080024fa   0x00000002   PAD
    0x080024fc   0x080024fc   0x00000014   Code   RO           68    .text.HAL_TIM_PeriodElapsedCallback  main.o
    0x08002510   0x08002510   0x00000002   Code   RO          918    .text.HAL_TIM_TriggerCallback  stm32f1xx_hal_tim.o
    0x08002512   0x08002512   0x00000002   PAD
    0x08002514   0x08002514   0x00000002   Code   RO         1177    .text.HAL_UARTEx_RxEventCallback  stm32f1xx_hal_uart.o
    0x08002516   0x08002516   0x00000002   PAD
    0x08002518   0x08002518   0x00000002   Code   RO         1175    .text.HAL_UART_ErrorCallback  stm32f1xx_hal_uart.o
    0x0800251a   0x0800251a   0x00000002   PAD
    0x0800251c   0x0800251c   0x00000564   Code   RO         1169    .text.HAL_UART_IRQHandler  stm32f1xx_hal_uart.o
    0x08002a80   0x08002a80   0x000000de   Code   RO         1093    .text.HAL_UART_Init  stm32f1xx_hal_uart.o
    0x08002b5e   0x08002b5e   0x00000002   PAD
    0x08002b60   0x08002b60   0x00000174   Code   RO          131    .text.HAL_UART_MspInit  usart.o
    0x08002cd4   0x08002cd4   0x00000052   Code   RO         1113    .text.HAL_UART_Receive_IT  stm32f1xx_hal_uart.o
    0x08002d26   0x08002d26   0x00000002   PAD
    0x08002d28   0x08002d28   0x000000e4   Code   RO           66    .text.HAL_UART_RxCpltCallback  main.o
    0x08002e0c   0x08002e0c   0x00000166   Code   RO         1107    .text.HAL_UART_Transmit  stm32f1xx_hal_uart.o
    0x08002f72   0x08002f72   0x00000002   PAD
    0x08002f74   0x08002f74   0x00000002   Code   RO         1179    .text.HAL_UART_TxCpltCallback  stm32f1xx_hal_uart.o
    0x08002f76   0x08002f76   0x00000002   PAD
    0x08002f78   0x08002f78   0x00000056   Code   RO           92    .text.MX_ADC1_Init  adc.o
    0x08002fce   0x08002fce   0x00000002   PAD
    0x08002fd0   0x08002fd0   0x00000056   Code   RO           94    .text.MX_ADC2_Init  adc.o
    0x08003026   0x08003026   0x00000002   PAD
    0x08003028   0x08003028   0x00000084   Code   RO           83    .text.MX_GPIO_Init  gpio.o
    0x080030ac   0x080030ac   0x00000042   Code   RO          110    .text.MX_I2C1_Init  i2c.o
    0x080030ee   0x080030ee   0x00000002   PAD
    0x080030f0   0x080030f0   0x0000003c   Code   RO          125    .text.MX_USART1_UART_Init  usart.o
    0x0800312c   0x0800312c   0x0000003c   Code   RO          127    .text.MX_USART2_UART_Init  usart.o
    0x08003168   0x08003168   0x0000003c   Code   RO          129    .text.MX_USART3_UART_Init  usart.o
    0x080031a4   0x080031a4   0x00000002   Code   RO          150    .text.MemManage_Handler  stm32f1xx_it.o
    0x080031a6   0x080031a6   0x00000002   PAD
    0x080031a8   0x080031a8   0x00000002   Code   RO          148    .text.NMI_Handler   stm32f1xx_it.o
    0x080031aa   0x080031aa   0x00000002   PAD
    0x080031ac   0x080031ac   0x00000012   Code   RO         1593    .text.SysTick_Handler  board.o
    0x080031be   0x080031be   0x00000002   PAD
    0x080031c0   0x080031c0   0x00000078   Code   RO           46    .text.SystemClock_Config  main.o
    0x08003238   0x08003238   0x00000070   Code   RO         1215    .text.SystemCoreClockUpdate  system_stm32f1xx.o
    0x080032a8   0x080032a8   0x00000002   Code   RO         1213    .text.SystemInit    system_stm32f1xx.o
    0x080032aa   0x080032aa   0x00000002   PAD
    0x080032ac   0x080032ac   0x0000000c   Code   RO          158    .text.TIM1_UP_IRQHandler  stm32f1xx_it.o
    0x080032b8   0x080032b8   0x0000000c   Code   RO         1173    .text.UART_DMAAbortOnError  stm32f1xx_hal_uart.o
    0x080032c4   0x080032c4   0x000000fe   Code   RO         1171    .text.UART_Receive_IT  stm32f1xx_hal_uart.o
    0x080033c2   0x080033c2   0x00000002   PAD
    0x080033c4   0x080033c4   0x0000000c   Code   RO          160    .text.USART2_IRQHandler  stm32f1xx_it.o
    0x080033d0   0x080033d0   0x00000002   Code   RO          154    .text.UsageFault_Handler  stm32f1xx_it.o
    0x080033d2   0x080033d2   0x00000002   PAD
    0x080033d4   0x080033d4   0x00000038   Code   RO         1394    .text.__rt_ffs      kservice.o
    0x0800340c   0x0800340c   0x0000000a   Code   RO         1730    .text.cmd_free      msh.o
    0x08003416   0x08003416   0x00000002   PAD
    0x08003418   0x08003418   0x0000000a   Code   RO         1728    .text.cmd_ps        msh.o
    0x08003422   0x08003422   0x00000002   PAD
    0x08003424   0x08003424   0x00000128   Code   RO           50    .text.data_controller  main.o
    0x0800354c   0x0800354c   0x0000006c   Code   RO         1616    .text.espSend       esp01s.o
    0x080035b8   0x080035b8   0x000000b0   Code   RO         1767    .text.finsh_system_init  shell.o
    0x08003668   0x08003668   0x000004a4   Code   RO         1761    .text.finsh_thread_entry  shell.o
    0x08003b0c   0x08003b0c   0x00000020   Code   RO         1691    .text.hello         cmd.o
    0x08003b2c   0x08003b2c   0x00000088   Code   RO         1701    .text.list          cmd.o
    0x08003bb4   0x08003bb4   0x00000070   Code   RO         1420    .text.list_mem      mem.o
    0x08003c24   0x08003c24   0x00000268   Code   RO         1697    .text.list_sem      cmd.o
    0x08003e8c   0x08003e8c   0x00000274   Code   RO         1695    .text.list_thread   cmd.o
    0x08004100   0x08004100   0x00000530   Code   RO         1699    .text.list_timer    cmd.o
    0x08004630   0x08004630   0x000000f4   Code   RO           44    .text.main          main.o
    0x08004724   0x08004724   0x00000032   Code   RO         1267    .text.main_thread_entry  components.o
    0x08004756   0x08004756   0x00000002   PAD
    0x08004758   0x08004758   0x00000184   Code   RO         1734    .text.msh_auto_complete  msh.o
    0x080048dc   0x080048dc   0x00000428   Code   RO         1732    .text.msh_exec      msh.o
    0x08004d04   0x08004d04   0x0000007c   Code   RO         1726    .text.msh_help      msh.o
    0x08004d80   0x08004d80   0x00000004   Code   RO         1724    .text.msh_is_used   msh.o
    0x08004d84   0x08004d84   0x00000508   Code   RO         1378    .text.print_number  kservice.o
    0x0800528c   0x0800528c   0x0000001e   Code   RO         1416    .text.rt_calloc     mem.o
    0x080052aa   0x080052aa   0x00000002   PAD
    0x080052ac   0x080052ac   0x0000002c   Code   RO         1259    .text.rt_components_board_init  components.o
    0x080052d8   0x080052d8   0x0000001c   Code   RO         1476    .text.rt_enter_critical  scheduler.o
    0x080052f4   0x080052f4   0x00000096   Code   RO         1478    .text.rt_exit_critical  scheduler.o
    0x0800538a   0x0800538a   0x00000002   PAD
    0x0800538c   0x0800538c   0x00000124   Code   RO         1414    .text.rt_free       mem.o
    0x080054b0   0x080054b0   0x0000000a   Code   RO         1589    .text.rt_heap_begin_get  board.o
    0x080054ba   0x080054ba   0x00000002   PAD
    0x080054bc   0x080054bc   0x0000000e   Code   RO         1591    .text.rt_heap_end_get  board.o
    0x080054ca   0x080054ca   0x00000002   PAD
    0x080054cc   0x080054cc   0x0000003e   Code   RO         1595    .text.rt_hw_board_init  board.o
    0x0800550a   0x0800550a   0x00000002   PAD
    0x0800550c   0x0800550c   0x00000026   Code   RO         1601    .text.rt_hw_console_getchar  board.o
    0x08005532   0x08005532   0x00000002   PAD
    0x08005534   0x08005534   0x00000060   Code   RO         1599    .text.rt_hw_console_output  board.o
    0x08005594   0x08005594   0x0000042c   Code   RO         1570    .text.rt_hw_hard_fault_exception  cpuport.o
    0x080059c0   0x080059c0   0x0000003c   Code   RO         1566    .text.rt_hw_stack_init  cpuport.o
    0x080059fc   0x080059fc   0x0000001c   Code   RO         1327    .text.rt_interrupt_enter  irq.o
    0x08005a18   0x08005a18   0x0000001c   Code   RO         1329    .text.rt_interrupt_leave  irq.o
    0x08005a34   0x08005a34   0x00000032   Code   RO         1374    .text.rt_kprintf    kservice.o
    0x08005a66   0x08005a66   0x00000002   PAD
    0x08005a68   0x08005a68   0x000001c4   Code   RO         1410    .text.rt_malloc     mem.o
    0x08005c2c   0x08005c2c   0x000000ec   Code   RO         1352    .text.rt_memmove    kservice.o
    0x08005d18   0x08005d18   0x000000f6   Code   RO         1348    .text.rt_memset     kservice.o
    0x08005e0e   0x08005e0e   0x00000002   PAD
    0x08005e10   0x08005e10   0x00000072   Code   RO         1447    .text.rt_object_allocate  object.o
    0x08005e82   0x08005e82   0x00000002   PAD
    0x08005e84   0x08005e84   0x0000002c   Code   RO         1449    .text.rt_object_delete  object.o
    0x08005eb0   0x08005eb0   0x00000024   Code   RO         1445    .text.rt_object_detach  object.o
    0x08005ed4   0x08005ed4   0x0000002a   Code   RO         1437    .text.rt_object_get_information  object.o
    0x08005efe   0x08005efe   0x00000002   PAD
    0x08005f00   0x08005f00   0x0000007e   Code   RO         1443    .text.rt_object_init  object.o
    0x08005f7e   0x08005f7e   0x00000002   PAD
    0x08005f80   0x08005f80   0x00000006   Code   RO         1451    .text.rt_object_is_systemobject  object.o
    0x08005f86   0x08005f86   0x00000002   PAD
    0x08005f88   0x08005f88   0x00000072   Code   RO         1470    .text.rt_schedule   scheduler.o
    0x08005ffa   0x08005ffa   0x00000002   PAD
    0x08005ffc   0x08005ffc   0x00000052   Code   RO         1472    .text.rt_schedule_insert_thread  scheduler.o
    0x0800604e   0x0800604e   0x00000002   PAD
    0x08006050   0x08006050   0x00000056   Code   RO         1474    .text.rt_schedule_remove_thread  scheduler.o
    0x080060a6   0x080060a6   0x00000002   PAD
    0x080060a8   0x080060a8   0x00000020   Code   RO         1303    .text.rt_sem_init   ipc.o
    0x080060c8   0x080060c8   0x00000052   Code   RO         1315    .text.rt_sem_release  ipc.o
    0x0800611a   0x0800611a   0x00000002   PAD
    0x0800611c   0x0800611c   0x000000fc   Code   RO         1311    .text.rt_sem_take   ipc.o
    0x08006218   0x08006218   0x000000b8   Code   RO         1372    .text.rt_show_version  kservice.o
    0x080062d0   0x080062d0   0x0000003a   Code   RO         1358    .text.rt_strlen     kservice.o
    0x0800630a   0x0800630a   0x00000002   PAD
    0x0800630c   0x0800630c   0x00000086   Code   RO         1362    .text.rt_strncpy    kservice.o
    0x08006392   0x08006392   0x00000002   PAD
    0x08006394   0x08006394   0x000000b4   Code   RO         1408    .text.rt_system_heap_init  mem.o
    0x08006448   0x08006448   0x0000012a   Code   RO         1466    .text.rt_system_scheduler_init  scheduler.o
    0x08006572   0x08006572   0x00000002   PAD
    0x08006574   0x08006574   0x00000030   Code   RO         1468    .text.rt_system_scheduler_start  scheduler.o
    0x080065a4   0x080065a4   0x00000010   Code   RO         1553    .text.rt_system_timer_init  timer.o
    0x080065b4   0x080065b4   0x00000002   Code   RO         1555    .text.rt_system_timer_thread_init  timer.o
    0x080065b6   0x080065b6   0x00000002   PAD
    0x080065b8   0x080065b8   0x000000b0   Code   RO         1505    .text.rt_thread_create  thread.o
    0x08006668   0x08006668   0x0000007a   Code   RO         1493    .text.rt_thread_exit  thread.o
    0x080066e2   0x080066e2   0x00000002   PAD
    0x080066e4   0x080066e4   0x0000003e   Code   RO         1289    .text.rt_thread_idle_entry  idle.o
    0x08006722   0x08006722   0x00000002   PAD
    0x08006724   0x08006724   0x00000050   Code   RO         1287    .text.rt_thread_idle_init  idle.o
    0x08006774   0x08006774   0x0000008e   Code   RO         1495    .text.rt_thread_init  thread.o
    0x08006802   0x08006802   0x00000002   PAD
    0x08006804   0x08006804   0x0000000e   Code   RO         1519    .text.rt_thread_mdelay  thread.o
    0x08006812   0x08006812   0x00000002   PAD
    0x08006814   0x08006814   0x00000046   Code   RO         1501    .text.rt_thread_resume  thread.o
    0x0800685a   0x0800685a   0x00000002   PAD
    0x0800685c   0x0800685c   0x0000000c   Code   RO         1497    .text.rt_thread_self  thread.o
    0x08006868   0x08006868   0x00000078   Code   RO         1511    .text.rt_thread_sleep  thread.o
    0x080068e0   0x080068e0   0x0000005c   Code   RO         1499    .text.rt_thread_startup  thread.o
    0x0800693c   0x0800693c   0x00000042   Code   RO         1513    .text.rt_thread_suspend  thread.o
    0x0800697e   0x0800697e   0x00000002   PAD
    0x08006980   0x08006980   0x00000028   Code   RO         1523    .text.rt_thread_timeout  thread.o
    0x080069a8   0x080069a8   0x00000064   Code   RO         1509    .text.rt_thread_yield  thread.o
    0x08006a0c   0x08006a0c   0x00000034   Code   RO         1240    .text.rt_tick_from_millisecond  clock.o
    0x08006a40   0x08006a40   0x0000000c   Code   RO         1234    .text.rt_tick_get   clock.o
    0x08006a4c   0x08006a4c   0x00000034   Code   RO         1238    .text.rt_tick_increase  clock.o
    0x08006a80   0x08006a80   0x00000158   Code   RO         1549    .text.rt_timer_check  timer.o
    0x08006bd8   0x08006bd8   0x00000068   Code   RO         1547    .text.rt_timer_control  timer.o
    0x08006c40   0x08006c40   0x00000030   Code   RO         1537    .text.rt_timer_detach  timer.o
    0x08006c70   0x08006c70   0x00000032   Code   RO         1535    .text.rt_timer_init  timer.o
    0x08006ca2   0x08006ca2   0x00000002   PAD
    0x08006ca4   0x08006ca4   0x000000ca   Code   RO         1543    .text.rt_timer_start  timer.o
    0x08006d6e   0x08006d6e   0x00000002   PAD
    0x08006d70   0x08006d70   0x00000038   Code   RO         1545    .text.rt_timer_stop  timer.o
    0x08006da8   0x08006da8   0x00000826   Code   RO         1376    .text.rt_vsnprintf  kservice.o
    0x080075ce   0x080075ce   0x00000002   PAD
    0x080075d0   0x080075d0   0x00000004   Code   RO         1255    .text.rti_board_end  components.o
    0x080075d4   0x080075d4   0x00000004   Code   RO         1253    .text.rti_board_start  components.o
    0x080075d8   0x080075d8   0x00000004   Code   RO         1257    .text.rti_end       components.o
    0x080075dc   0x080075dc   0x00000004   Code   RO         1251    .text.rti_start     components.o
    0x080075e0   0x080075e0   0x0000001e   Code   RO          135    .text.sendData      usart.o
    0x080075fe   0x080075fe   0x00000002   PAD
    0x08007600   0x08007600   0x00000038   Code   RO         1597    .text.uart_init     board.o
    0x08007638   0x08007638   0x0000000a   Code   RO         1693    .text.version       cmd.o
    0x08007642   0x08007642   0x0000003e   Code   RO         1928    CL$$btod_d2e        c_w.l(btod.o)
    0x08007680   0x08007680   0x00000046   Code   RO         1930    CL$$btod_d2e_denorm_low  c_w.l(btod.o)
    0x080076c6   0x080076c6   0x00000060   Code   RO         1929    CL$$btod_d2e_norm_op1  c_w.l(btod.o)
    0x08007726   0x08007726   0x00000002   PAD
    0x08007728   0x08007728   0x00000338   Code   RO         1938    CL$$btod_div_common  c_w.l(btod.o)
    0x08007a60   0x08007a60   0x000000dc   Code   RO         1935    CL$$btod_e2e        c_w.l(btod.o)
    0x08007b3c   0x08007b3c   0x0000002a   Code   RO         1932    CL$$btod_ediv       c_w.l(btod.o)
    0x08007b66   0x08007b66   0x0000002a   Code   RO         1931    CL$$btod_emul       c_w.l(btod.o)
    0x08007b90   0x08007b90   0x00000244   Code   RO         1937    CL$$btod_mult_common  c_w.l(btod.o)
    0x08007dd4   0x08007dd4   0x00000028   Code   RO         1961    i.__ARM_fpclassify  m_ws.l(fpclassify.o)
    0x08007dfc   0x08007dfc   0x0000000e   Code   RO         1802    i._is_digit         c_w.l(__printf_wp.o)
    0x08007e0a   0x08007e0a   0x00000002   PAD
    0x08007e0c   0x08007e0c   0x0000002c   Code   RO         1953    locale$$code        c_w.l(lc_numeric_c.o)
    0x08007e38   0x08007e38   0x0000000c   Code   RO         1886    x$fpl$dretinf       fz_ws.l(dretinf.o)
    0x08007e44   0x08007e44   0x00000056   Code   RO         1846    x$fpl$f2d           fz_ws.l(f2d.o)
    0x08007e9a   0x08007e9a   0x0000008c   Code   RO         1894    x$fpl$fnaninf       fz_ws.l(fnaninf.o)
    0x08007f26   0x08007f26   0x00000004   Code   RO         1862    x$fpl$printf1       fz_ws.l(printf1.o)
    0x08007f2a   0x08007f2a   0x00000000   Code   RO         1898    x$fpl$usenofp       fz_ws.l(usenofp.o)
    0x08007f2a   0x08007f2a   0x00000002   PAD
    0x08007f2c   0x08007f2c   0x00000094   Data   RO         1926    .constdata          c_w.l(bigflt0.o)
    0x08007fc0   0x08007fc0   0x00000010   Data   RO         1218    .rodata.AHBPrescTable  system_stm32f1xx.o
    0x08007fd0   0x08007fd0   0x00000008   Data   RO         1219    .rodata.APBPrescTable  system_stm32f1xx.o
    0x08007fd8   0x08007fd8   0x00000002   Data   RO          392    .rodata.HAL_RCC_GetSysClockFreq.aPredivFactorTable  stm32f1xx_hal_rcc.o
    0x08007fda   0x08007fda   0x00000100   Data   RO         1399    .rodata.__lowest_bit_bitmap  kservice.o
    0x080080da   0x080080da   0x00000010   Data   RO          391    .rodata.cst16       stm32f1xx_hal_rcc.o
    0x080080ea   0x080080ea   0x00000027   Data   RO         1422    .rodata.name        mem.o
    0x08008111   0x08008111   0x00000157   Data   RO         1703    .rodata.name        cmd.o
    0x08008268   0x08008268   0x00000076   Data   RO         1737    .rodata.name        msh.o
    0x080082de   0x080082de   0x0000006a   Data   RO           71    .rodata.str1.1      main.o
    0x08008348   0x08008348   0x00000005   Data   RO         1275    .rodata.str1.1      components.o
    0x0800834d   0x0800834d   0x00000007   Data   RO         1397    .rodata.str1.1      kservice.o
    0x08008354   0x08008354   0x000001ad   Data   RO         1577    .rodata.str1.1      cpuport.o
    0x08008501   0x08008501   0x00000096   Data   RO         1707    .rodata.str1.1      cmd.o
    0x08008597   0x08008597   0x0000002e   Data   RO         1736    .rodata.str1.1      msh.o
    0x080085c5   0x080085c5   0x00000005   Data   RO         1770    .rodata.str1.1      shell.o
    0x080085ca   0x080085ca   0x00000002   PAD
    0x080085cc   0x080085cc   0x00000004   Data   RO         1271    .rti_fn.0           components.o
    0x080085d0   0x080085d0   0x00000004   Data   RO         1272    .rti_fn.0.end       components.o
    0x080085d4   0x080085d4   0x00000004   Data   RO         1604    .rti_fn.1           board.o
    0x080085d8   0x080085d8   0x00000004   Data   RO         1273    .rti_fn.1.end       components.o
    0x080085dc   0x080085dc   0x00000004   Data   RO         1771    .rti_fn.6           shell.o
    0x080085e0   0x080085e0   0x00000004   Data   RO         1274    .rti_fn.6.end       components.o
    0x080085e4   0x080085e4   0x0000000c   Data   RO         1423    FSymTab             mem.o
    0x080085f0   0x080085f0   0x0000000c   Data   RO         1704    FSymTab             cmd.o
    0x080085fc   0x080085fc   0x0000000c   Data   RO         1705    FSymTab             cmd.o
    0x08008608   0x08008608   0x0000000c   Data   RO         1706    FSymTab             cmd.o
    0x08008614   0x08008614   0x0000000c   Data   RO         1708    FSymTab             cmd.o
    0x08008620   0x08008620   0x0000000c   Data   RO         1709    FSymTab             cmd.o
    0x0800862c   0x0800862c   0x0000000c   Data   RO         1710    FSymTab             cmd.o
    0x08008638   0x08008638   0x0000000c   Data   RO         1711    FSymTab             cmd.o
    0x08008644   0x08008644   0x0000000c   Data   RO         1712    FSymTab             cmd.o
    0x08008650   0x08008650   0x0000000c   Data   RO         1713    FSymTab             cmd.o
    0x0800865c   0x0800865c   0x0000000c   Data   RO         1714    FSymTab             cmd.o
    0x08008668   0x08008668   0x0000000c   Data   RO         1738    FSymTab             msh.o
    0x08008674   0x08008674   0x0000000c   Data   RO         1739    FSymTab             msh.o
    0x08008680   0x08008680   0x0000000c   Data   RO         1740    FSymTab             msh.o
    0x0800868c   0x0800868c   0x00000020   Data   RO         2115    Region$$Table       anon$$obj.o
    0x080086ac   0x080086ac   0x0000001c   Data   RO         1952    locale$$data        c_w.l(lc_numeric_c.o)


    Execution Region RW_IRAM1 (Exec base: 0x20000000, Load base: 0x080086c8, Size: 0x00004a18, Max: 0x00005000, ABSOLUTE)

    Exec Addr    Load Addr    Size         Type   Attr      Idx    E Section Name        Object

    0x20000000   0x080086c8   0x00000008   Data   RW          354    .data..L_MergedGlobals  stm32f1xx_hal.o
    0x20000008   0x080086d0   0x00000004   Data   RW         1217    .data.SystemCoreClock  system_stm32f1xx.o
    0x2000000c   0x080086d4   0x00000030   Data   RW         1457    .data.rt_object_container  object.o
    0x2000003c   0x08008704   0x00000004   PAD
    0x20000040        -       0x00000060   Zero   RW         1964    .bss                c_w.l(libspace.o)
    0x200000a0        -       0x00000048   Zero   RW           74    .bss..L_MergedGlobals  main.o
    0x200000e8        -       0x00000038   Zero   RW         1424    .bss..L_MergedGlobals  mem.o
    0x20000120        -       0x00000014   Zero   RW         1483    .bss..L_MergedGlobals  scheduler.o
    0x20000134        -       0x0000000c   Zero   RW         1557    .bss..L_MergedGlobals  timer.o
    0x20000140        -       0x00000018   Zero   RW         1772    .bss..L_MergedGlobals  shell.o
    0x20000158        -       0x00000048   Zero   RW         1605    .bss.UartHandle     board.o
    0x200001a0        -       0x00000004   Zero   RW           14    .bss.esp_command_flag  globals.o
    0x200001a4        -       0x00000004   Zero   RW           12    .bss.esp_flag       globals.o
    0x200001a8        -       0x00000081   Zero   RW         1769    .bss.finsh_get_prompt.finsh_prompt  shell.o
    0x20000229   0x08008704   0x00000003   PAD
    0x2000022c        -       0x00000030   Zero   RW          100    .bss.hadc1          adc.o
    0x2000025c        -       0x00000030   Zero   RW          101    .bss.hadc2          adc.o
    0x2000028c        -       0x00000054   Zero   RW          116    .bss.hi2c1          i2c.o
    0x200002e0        -       0x00000048   Zero   RW          184    .bss.htim1          stm32f1xx_hal_timebase_tim.o
    0x20000328        -       0x00000048   Zero   RW          137    .bss.huart1         usart.o
    0x20000370        -       0x00000048   Zero   RW          138    .bss.huart2         usart.o
    0x200003b8        -       0x00000048   Zero   RW          139    .bss.huart3         usart.o
    0x20000400        -       0x00000078   Zero   RW         1293    .bss.idle           idle.o
    0x20000478        -       0x00000004   Zero   RW         1576    .bss.rt_exception_hook  cpuport.o
    0x2000047c        -       0x00003c00   Zero   RW         1603    .bss.rt_heap        board.o
    0x2000407c        -       0x00000004   Zero   RW         1578    .bss.rt_interrupt_from_thread  cpuport.o
    0x20004080        -       0x00000001   Zero   RW         1333    .bss.rt_interrupt_nest  irq.o
    0x20004081   0x08008704   0x00000003   PAD
    0x20004084        -       0x00000004   Zero   RW         1579    .bss.rt_interrupt_to_thread  cpuport.o
    0x20004088        -       0x00000080   Zero   RW         1398    .bss.rt_kprintf.rt_log_buf  kservice.o
    0x20004108        -       0x00000100   Zero   RW         1482    .bss.rt_thread_priority_table  scheduler.o
    0x20004208        -       0x00000100   Zero   RW         1294    .bss.rt_thread_stack  idle.o
    0x20004308        -       0x00000004   Zero   RW         1580    .bss.rt_thread_switch_interrupt_flag  cpuport.o
    0x2000430c        -       0x00000004   Zero   RW         1242    .bss.rt_tick        clock.o
    0x20004310        -       0x000000fa   Zero   RW           21    .bss.usart2_rx_buffer  globals.o
    0x2000440a   0x08008704   0x00000002   PAD
    0x2000440c        -       0x00000004   Zero   RW           11    .bss.usart2_rx_index  globals.o
    0x20004410        -       0x00000004   Zero   RW          353    .bss.uwTick         stm32f1xx_hal.o
    0x20004414   0x08008704   0x00000004   PAD
    0x20004418        -       0x00000200   Zero   RW            2    HEAP                startup_stm32f103xb.o
    0x20004618        -       0x00000400   Zero   RW            1    STACK               startup_stm32f103xb.o


==============================================================================

Image component sizes


      Code (inc. data)   RO Data    RW Data    ZI Data      Debug   Object Name

       334          0          0          0         96       4285   adc.o
       294          0          4          0      15432       4824   board.o
       116          0          0          0          4       2712   clock.o
      2750        420        613          0          0      13361   cmd.o
       194          0         21          0          0       3662   components.o
       244         28          0          0          0        816   context_rvds.o
      1128        168        429          0         16       3597   cpuport.o
       416        164          0          0          0       2376   esp01s.o
         0          0          0          0        262        673   globals.o
       132          0          0          0          0       1554   gpio.o
       164          0          0          0         84       4429   i2c.o
       142          8          0          0        376       3397   idle.o
       366          0          0          0          0       7053   ipc.o
        56          0          0          0          1       1187   irq.o
      4338        424        263          0        128      26859   kservice.o
       918        120        106          0         72      11356   main.o
      1066        216         51          0         56       5972   mem.o
      1600         64        200          0          0       7166   msh.o
       368          0          0         48          0       7670   object.o
       806          0          0          0        276       6139   scheduler.o
      1364        218          9          0        153       6487   shell.o
        64         26        236          0       1536        788   startup_stm32f103xb.o
        76          0          0          8          4       5744   stm32f1xx_hal.o
       752          0          0          0          0      13157   stm32f1xx_hal_adc.o
       194          0          0          0          0       8470   stm32f1xx_hal_cortex.o
       248          0          0          0          0       8423   stm32f1xx_hal_dma.o
       540         22          0          0          0       4611   stm32f1xx_hal_gpio.o
       374          0          0          0          0      42622   stm32f1xx_hal_i2c.o
        66          0          0          0          0       1198   stm32f1xx_hal_msp.o
      1548          0         18          0          0       7653   stm32f1xx_hal_rcc.o
       266          0          0          0          0       3575   stm32f1xx_hal_rcc_ex.o
       704          0          0          0          0      55247   stm32f1xx_hal_tim.o
         4          0          0          0          0      20660   stm32f1xx_hal_tim_ex.o
       176          0          0          0         72       5779   stm32f1xx_hal_timebase_tim.o
      2314          0          0          0          0      32525   stm32f1xx_hal_uart.o
        34          0          0          0          0       5188   stm32f1xx_it.o
       114          0         24          4          0       1624   system_stm32f1xx.o
       954          0          0          0          0      10391   thread.o
       822          8          0          0         12       9005   timer.o
       582          0          0          0        216       6514   usart.o

    ----------------------------------------------------------------------
     26782       1886       2008         60      18812     368749   Object Totals
         0          0         32          0          0          0   (incl. Generated)
       154          0          2          0         16          0   (incl. Padding)

    ----------------------------------------------------------------------

      Code (inc. data)   RO Data    RW Data    ZI Data      Debug   Library Member Name

         8          0          0          0          0         68   __main.o
       284          0          0          0          0        156   __printf_wp.o
         0          0          0          0          0          0   __rtentry.o
        12          0          0          0          0          0   __rtentry2.o
         6          0          0          0          0          0   __rtentry4.o
        52          8          0          0          0          0   __scatter.o
        26          0          0          0          0          0   __scatter_copy.o
        28          0          0          0          0          0   __scatter_zi.o
        44          0          0          0          0        108   _printf_char.o
        48          6          0          0          0         96   _printf_char_common.o
         6          0          0          0          0          0   _printf_d.o
       120         16          0          0          0         92   _printf_dec.o
         6          0          0          0          0          0   _printf_f.o
      1052          0          0          0          0        148   _printf_fp_dec.o
       128         16          0          0          0         84   _printf_fp_infnan.o
       178          0          0          0          0         88   _printf_intcommon.o
         0          0          0          0          0          0   _printf_percent.o
         4          0          0          0          0          0   _printf_percent_end.o
         6          0          0          0          0          0   _printf_s.o
        82          0          0          0          0         80   _printf_str.o
        10          0          0          0          0         68   _sputc.o
        16          0          0          0          0         68   aeabi_memset.o
       228          4        148          0          0         96   bigflt0.o
      1936        128          0          0          0        668   btod.o
        18          0          0          0          0         80   exit.o
         6          0          0          0          0        152   heapauxi.o
         0          0          0          0          0          0   indicate_semi.o
        44         10         28          0          0         76   lc_numeric_c.o
         2          0          0          0          0          0   libinit.o
        18          0          0          0          0          0   libinit2.o
         2          0          0          0          0          0   libshutdown.o
         2          0          0          0          0          0   libshutdown2.o
         8          4          0          0         96         68   libspace.o
       138          0          0          0          0         80   lludiv10.o
        40          6          0          0          0         84   noretval__2sprintf.o
         8          4          0          0          0         68   rt_locale_intlibspace.o
        68          0          0          0          0         68   rt_memclr.o
        78          0          0          0          0         80   rt_memclr_w.o
         2          0          0          0          0          0   rtexit.o
        10          0          0          0          0          0   rtexit2.o
       128          0          0          0          0         68   strcmpv7m.o
        62          0          0          0          0         76   strlen.o
       150          0          0          0          0         80   strncmp.o
        86          0          0          0          0         76   strncpy.o
        12          4          0          0          0         68   sys_exit.o
        74          0          0          0          0         80   sys_stackheap_outer.o
         2          0          0          0          0         68   use_no_semi.o
        12          0          0          0          0         68   dretinf.o
        86          4          0          0          0         84   f2d.o
       140          4          0          0          0         84   fnaninf.o
         4          0          0          0          0         68   printf1.o
         0          0          0          0          0          0   usenofp.o
        40          0          0          0          0         68   fpclassify.o

    ----------------------------------------------------------------------
      5538        214        176          0         96       3464   Library Totals
        18          0          0          0          0          0   (incl. Padding)

    ----------------------------------------------------------------------

      Code (inc. data)   RO Data    RW Data    ZI Data      Debug   Library Name

      5238        206        176          0         96       3092   c_w.l
       242          8          0          0          0        304   fz_ws.l
        40          0          0          0          0         68   m_ws.l

    ----------------------------------------------------------------------
      5538        214        176          0         96       3464   Library Totals

    ----------------------------------------------------------------------

==============================================================================


      Code (inc. data)   RO Data    RW Data    ZI Data      Debug   

     32320       2100       2184         60      18908     369513   Grand Totals
     32320       2100       2184         60      18908     369513   ELF Image Totals
     32320       2100       2184         60          0          0   ROM Totals

==============================================================================

    Total RO  Size (Code + RO Data)                34504 (  33.70kB)
    Total RW  Size (RW Data + ZI Data)             18968 (  18.52kB)
    Total ROM Size (Code + RO Data + RW Data)      34564 (  33.75kB)

==============================================================================

