Component: Arm Compiler for Embedded 6.18 Tool: armlink [5e4cc100]

==============================================================================

Section Cross References

    startup_stm32f103xb.o(STACK) refers (Special) to heapauxi.o(.text) for __use_two_region_memory
    startup_stm32f103xb.o(HEAP) refers (Special) to heapauxi.o(.text) for __use_two_region_memory
    startup_stm32f103xb.o(RESET) refers (Special) to heapauxi.o(.text) for __use_two_region_memory
    startup_stm32f103xb.o(RESET) refers to startup_stm32f103xb.o(STACK) for __initial_sp
    startup_stm32f103xb.o(RESET) refers to startup_stm32f103xb.o(.text) for Reset_Handler
    startup_stm32f103xb.o(RESET) refers to stm32f1xx_it.o(.text.NMI_Handler) for NMI_Handler
    startup_stm32f103xb.o(RESET) refers to context_rvds.o(.text) for HardFault_Handler
    startup_stm32f103xb.o(RESET) refers to stm32f1xx_it.o(.text.MemManage_Handler) for MemManage_Handler
    startup_stm32f103xb.o(RESET) refers to stm32f1xx_it.o(.text.BusFault_Handler) for BusFault_Handler
    startup_stm32f103xb.o(RESET) refers to stm32f1xx_it.o(.text.UsageFault_Handler) for UsageFault_Handler
    startup_stm32f103xb.o(RESET) refers to stm32f1xx_it.o(.text.DebugMon_Handler) for DebugMon_Handler
    startup_stm32f103xb.o(RESET) refers to board.o(.text.SysTick_Handler) for SysTick_Handler
    startup_stm32f103xb.o(RESET) refers to stm32f1xx_it.o(.text.TIM1_UP_IRQHandler) for TIM1_UP_IRQHandler
    startup_stm32f103xb.o(.text) refers (Special) to heapauxi.o(.text) for __use_two_region_memory
    startup_stm32f103xb.o(.text) refers to system_stm32f1xx.o(.text.SystemInit) for SystemInit
    startup_stm32f103xb.o(.text) refers to __main.o(!!!main) for __main
    startup_stm32f103xb.o(.text) refers to startup_stm32f103xb.o(HEAP) for Heap_Mem
    startup_stm32f103xb.o(.text) refers to startup_stm32f103xb.o(STACK) for Stack_Mem
    main.o(.text.main) refers to stm32f1xx_hal.o(.text.HAL_Init) for HAL_Init
    main.o(.text.main) refers to rt_memclr_w.o(.text) for __aeabi_memclr4
    main.o(.text.main) refers to stm32f1xx_hal_rcc.o(.text.HAL_RCC_OscConfig) for HAL_RCC_OscConfig
    main.o(.text.main) refers to stm32f1xx_hal_rcc.o(.text.HAL_RCC_ClockConfig) for HAL_RCC_ClockConfig
    main.o(.text.main) refers to stm32f1xx_hal_rcc_ex.o(.text.HAL_RCCEx_PeriphCLKConfig) for HAL_RCCEx_PeriphCLKConfig
    main.o(.text.main) refers to gpio.o(.text.MX_GPIO_Init) for MX_GPIO_Init
    main.o(.text.main) refers to adc.o(.text.MX_ADC1_Init) for MX_ADC1_Init
    main.o(.text.main) refers to i2c.o(.text.MX_I2C1_Init) for MX_I2C1_Init
    main.o(.text.main) refers to usart.o(.text.MX_USART1_UART_Init) for MX_USART1_UART_Init
    main.o(.text.main) refers to usart.o(.text.MX_USART2_UART_Init) for MX_USART2_UART_Init
    main.o(.text.main) refers to usart.o(.text.MX_USART3_UART_Init) for MX_USART3_UART_Init
    main.o(.text.main) refers to main.o(.rodata.str1.1) for .L.str
    main.o(.text.main) refers to main.o(.text.get_ph) for get_ph
    main.o(.text.main) refers to thread.o(.text.rt_thread_create) for rt_thread_create
    main.o(.text.main) refers to thread.o(.text.rt_thread_startup) for rt_thread_startup
    main.o(.text.main) refers to kservice.o(.text.rt_kprintf) for rt_kprintf
    main.o(.text.main) refers to main.o(.text.get_turbidity) for get_turbidity
    main.o(.text.main) refers to main.o(.text.oled_menu) for oled_menu
    main.o(.text.main) refers to main.o(.text.data_controller) for data_controller
    main.o(.ARM.exidx.text.main) refers to main.o(.text.main) for [Anonymous Symbol]
    main.o(.text.SystemClock_Config) refers to rt_memclr_w.o(.text) for __aeabi_memclr4
    main.o(.text.SystemClock_Config) refers to stm32f1xx_hal_rcc.o(.text.HAL_RCC_OscConfig) for HAL_RCC_OscConfig
    main.o(.text.SystemClock_Config) refers to stm32f1xx_hal_rcc.o(.text.HAL_RCC_ClockConfig) for HAL_RCC_ClockConfig
    main.o(.text.SystemClock_Config) refers to stm32f1xx_hal_rcc_ex.o(.text.HAL_RCCEx_PeriphCLKConfig) for HAL_RCCEx_PeriphCLKConfig
    main.o(.ARM.exidx.text.SystemClock_Config) refers to main.o(.text.SystemClock_Config) for [Anonymous Symbol]
    main.o(.text.rt_thread_begin) refers to thread.o(.text.rt_thread_create) for rt_thread_create
    main.o(.text.rt_thread_begin) refers to thread.o(.text.rt_thread_startup) for rt_thread_startup
    main.o(.text.rt_thread_begin) refers to main.o(.rodata.str1.1) for .L.str.4
    main.o(.text.rt_thread_begin) refers to kservice.o(.text.rt_kprintf) for rt_kprintf
    main.o(.ARM.exidx.text.rt_thread_begin) refers to main.o(.text.rt_thread_begin) for [Anonymous Symbol]
    main.o(.text.get_ph) refers to kservice.o(.text.rt_kprintf) for rt_kprintf
    main.o(.text.get_ph) refers to thread.o(.text.rt_thread_mdelay) for rt_thread_mdelay
    main.o(.ARM.exidx.text.get_ph) refers to main.o(.text.get_ph) for [Anonymous Symbol]
    main.o(.text.get_turbidity) refers to kservice.o(.text.rt_kprintf) for rt_kprintf
[...]
    [Anonymous Symbol]                       0x08006110   Section        0  components.o(.text.rti_board_start)
    rti_end                                  0x08006115   Thumb Code     4  components.o(.text.rti_end)
    [Anonymous Symbol]                       0x08006114   Section        0  components.o(.text.rti_end)
    rti_start                                0x08006119   Thumb Code     4  components.o(.text.rti_start)
    [Anonymous Symbol]                       0x08006118   Section        0  components.o(.text.rti_start)
    uart_init                                0x0800611d   Thumb Code    56  board.o(.text.uart_init)
    [Anonymous Symbol]                       0x0800611c   Section        0  board.o(.text.uart_init)
    [Anonymous Symbol]                       0x08006154   Section        0  cmd.o(.text.version)
    HAL_RCC_GetSysClockFreq.aPredivFactorTable 0x08006176   Data           2  stm32f1xx_hal_rcc.o(.rodata.HAL_RCC_GetSysClockFreq.aPredivFactorTable)
    [Anonymous Symbol]                       0x08006176   Section        0  stm32f1xx_hal_rcc.o(.rodata.HAL_RCC_GetSysClockFreq.aPredivFactorTable)
    HAL_RCC_GetSysClockFreq.aPLLMULFactorTable 0x08006278   Data          16  stm32f1xx_hal_rcc.o(.rodata.cst16)
    [Anonymous Symbol]                       0x08006278   Section        0  stm32f1xx_hal_rcc.o(.rodata.cst16)
    .L.str.5                                 0x0800647c   Data          26  main.o(.rodata.str1.1)
    [Anonymous Symbol]                       0x0800647c   Section        0  main.o(.rodata.str1.1)
    .L.str.4                                 0x08006496   Data          30  main.o(.rodata.str1.1)
    .L.str.2                                 0x080064b4   Data          10  main.o(.rodata.str1.1)
    .L.str                                   0x080064be   Data           8  main.o(.rodata.str1.1)
    .L.str.3                                 0x080064c6   Data          21  main.o(.rodata.str1.1)
    .L.str.1                                 0x080064db   Data          15  main.o(.rodata.str1.1)
    .L.str                                   0x080064ea   Data           5  components.o(.rodata.str1.1)
    [Anonymous Symbol]                       0x080064ea   Section        0  components.o(.rodata.str1.1)
    .L.str.5                                 0x080064ef   Data           7  kservice.o(.rodata.str1.1)
    [Anonymous Symbol]                       0x080064ef   Section        0  kservice.o(.rodata.str1.1)
    .L.str.17                                0x080064f6   Data          26  cpuport.o(.rodata.str1.1)
    [Anonymous Symbol]                       0x080064f6   Section        0  cpuport.o(.rodata.str1.1)
    .L.str.16                                0x08006510   Data          29  cpuport.o(.rodata.str1.1)
    .L.str.30                                0x0800652d   Data          19  cpuport.o(.rodata.str1.1)
    .L.str.37                                0x08006540   Data          14  cpuport.o(.rodata.str1.1)
    .L.str.21                                0x0800654e   Data          12  cpuport.o(.rodata.str1.1)
    .L.str.28                                0x0800655a   Data          16  cpuport.o(.rodata.str1.1)
    .L.str.36                                0x0800656a   Data          16  cpuport.o(.rodata.str1.1)
    .L.str.19                                0x0800657a   Data          21  cpuport.o(.rodata.str1.1)
    .L.str.20                                0x0800658f   Data          13  cpuport.o(.rodata.str1.1)
    .L.str.1                                 0x0800659c   Data          13  cpuport.o(.rodata.str1.1)
    .L.str.2                                 0x080065a9   Data          13  cpuport.o(.rodata.str1.1)
    .L.str.3                                 0x080065b6   Data          13  cpuport.o(.rodata.str1.1)
    .L.str.4                                 0x080065c3   Data          13  cpuport.o(.rodata.str1.1)
    .L.str.5                                 0x080065d0   Data          13  cpuport.o(.rodata.str1.1)
    .L.str                                   0x080065dd   Data          13  cpuport.o(.rodata.str1.1)
    .L.str.29                                0x080065e8   Data           2  cpuport.o(.rodata.str1.1)
    .L.str.3                                 0x080065e8   Data           2  cpuport.o(.rodata.str1.1)
    .L.str.7                                 0x080065e8   Data           2  cpuport.o(.rodata.str1.1)
    .L.str.41                                0x080065ea   Data           7  cpuport.o(.rodata.str1.1)
    .L.str.43                                0x080065f1   Data          11  cpuport.o(.rodata.str1.1)
    .L.str.40                                0x080065fc   Data          10  cpuport.o(.rodata.str1.1)
    .L.str.33                                0x08006606   Data          10  cpuport.o(.rodata.str1.1)
    .L.str.32                                0x08006610   Data          10  cpuport.o(.rodata.str1.1)
    .L.str.44                                0x0800661a   Data          11  cpuport.o(.rodata.str1.1)
    .L.str.42                                0x08006625   Data           6  cpuport.o(.rodata.str1.1)
    .L.str.35                                0x0800662b   Data           9  cpuport.o(.rodata.str1.1)
    .L.str.34                                0x08006634   Data          11  cpuport.o(.rodata.str1.1)
    .L.str.26                                0x08006635   Data          10  cpuport.o(.rodata.str1.1)
    .L.str.25                                0x0800663f   Data          13  cpuport.o(.rodata.str1.1)
    .L.str.24                                0x08006641   Data          11  cpuport.o(.rodata.str1.1)
    .L.str.23                                0x0800664c   Data           9  cpuport.o(.rodata.str1.1)
    .L.str.39                                0x08006655   Data          12  cpuport.o(.rodata.str1.1)
    .L.str.22                                0x08006661   Data          22  cpuport.o(.rodata.str1.1)
    .L.str.31                                0x08006677   Data          22  cpuport.o(.rodata.str1.1)
    .L.str.38                                0x0800668d   Data          22  cpuport.o(.rodata.str1.1)
    .L.str.22                                0x080066a3   Data          13  cmd.o(.rodata.str1.1)
    [Anonymous Symbol]                       0x080066a3   Section        0  cmd.o(.rodata.str1.1)
    .L.str.21                                0x080066a5   Data          11  cmd.o(.rodata.str1.1)
    .L.str.2                                 0x080066b0   Data          68  cmd.o(.rodata.str1.1)
    .L.str.20                                0x0800670f   Data          22  cmd.o(.rodata.str1.1)
    .L.str.27                                0x08006725   Data           2  cmd.o(.rodata.str1.1)
    .L.str                                   0x08006739   Data          27  msh.o(.rodata.str1.1)
    [Anonymous Symbol]                       0x08006739   Section        0  msh.o(.rodata.str1.1)
    .L.str.2                                 0x08006754   Data          12  msh.o(.rodata.str1.1)
    .L.str.1                                 0x08006760   Data           7  msh.o(.rodata.str1.1)
    .L.str.3                                 0x08006767   Data           2  shell.o(.rodata.str1.1)
    [Anonymous Symbol]                       0x08006767   Section        0  shell.o(.rodata.str1.1)
    .L.str.4                                 0x08006769   Data           3  shell.o(.rodata.str1.1)
    __tagsym$$used.0                         0x0800676c   Number         0  components.o(.rti_fn.0)
    __tagsym$$used.1                         0x08006770   Number         0  components.o(.rti_fn.0.end)
    __tagsym$$used.0                         0x08006774   Number         0  board.o(.rti_fn.1)
    __tagsym$$used.2                         0x08006778   Number         0  components.o(.rti_fn.1.end)
    __tagsym$$used.0                         0x0800677c   Number         0  shell.o(.rti_fn.6)
    __tagsym$$used.3                         0x08006780   Number         0  components.o(.rti_fn.6.end)
    __tagsym$$used.0                         0x08006784   Number         0  mem.o(FSymTab)
    __tagsym$$used.0                         0x08006790   Number         0  cmd.o(FSymTab)
    __tagsym$$used.1                         0x0800679c   Number         0  cmd.o(FSymTab)
    __tagsym$$used.2                         0x080067a8   Number         0  cmd.o(FSymTab)
    __tagsym$$used.3                         0x080067b4   Number         0  cmd.o(FSymTab)
    __tagsym$$used.4                         0x080067c0   Number         0  cmd.o(FSymTab)
    __tagsym$$used.5                         0x080067cc   Number         0  cmd.o(FSymTab)
    __tagsym$$used.6                         0x080067d8   Number         0  cmd.o(FSymTab)
    __tagsym$$used.7                         0x080067e4   Number         0  cmd.o(FSymTab)
    __tagsym$$used.8                         0x080067f0   Number         0  cmd.o(FSymTab)
    __tagsym$$used.9                         0x080067fc   Number         0  cmd.o(FSymTab)
    __tagsym$$used.0                         0x08006808   Number         0  msh.o(FSymTab)
    __tagsym$$used.1                         0x08006814   Number         0  msh.o(FSymTab)
    __tagsym$$used.2                         0x08006820   Number         0  msh.o(FSymTab)
    .L_MergedGlobals                         0x20000000   Data           8  stm32f1xx_hal.o(.data..L_MergedGlobals)
    [Anonymous Symbol]                       0x20000000   Section        0  stm32f1xx_hal.o(.data..L_MergedGlobals)
    rt_object_container                      0x2000000c   Data          48  object.o(.data.rt_object_container)
    [Anonymous Symbol]                       0x2000000c   Section        0  object.o(.data.rt_object_container)
    .bss                                     0x20000040   Section       96  libspace.o(.bss)
    .L_MergedGlobals                         0x200000a0   Data          56  mem.o(.bss..L_MergedGlobals)
    mem_size_aligned                         0x200000a0   Data           4  mem.o(.bss..L_MergedGlobals)
    [Anonymous Symbol]                       0x200000a0   Section        0  mem.o(.bss..L_MergedGlobals)
    heap_ptr                                 0x200000a4   Data           4  mem.o(.bss..L_MergedGlobals)
    heap_end                                 0x200000a8   Data           4  mem.o(.bss..L_MergedGlobals)
    lfree                                    0x200000ac   Data           4  mem.o(.bss..L_MergedGlobals)
    used_mem                                 0x200000b0   Data           4  mem.o(.bss..L_MergedGlobals)
    max_mem                                  0x200000b4   Data           4  mem.o(.bss..L_MergedGlobals)
    heap_sem                                 0x200000b8   Data          32  mem.o(.bss..L_MergedGlobals)
    .L_MergedGlobals                         0x200000d8   Data          20  scheduler.o(.bss..L_MergedGlobals)
    [Anonymous Symbol]                       0x200000d8   Section        0  scheduler.o(.bss..L_MergedGlobals)
    rt_scheduler_lock_nest                   0x200000da   Data           2  scheduler.o(.bss..L_MergedGlobals)
    .L_MergedGlobals                         0x200000ec   Data          12  timer.o(.bss..L_MergedGlobals)
    rt_timer_start.random_nr                 0x200000ec   Data           4  timer.o(.bss..L_MergedGlobals)
    [Anonymous Symbol]                       0x200000ec   Section        0  timer.o(.bss..L_MergedGlobals)
    rt_timer_list                            0x200000f0   Data           8  timer.o(.bss..L_MergedGlobals)
    .L_MergedGlobals                         0x200000f8   Data          24  shell.o(.bss..L_MergedGlobals)
    [Anonymous Symbol]                       0x200000f8   Section        0  shell.o(.bss..L_MergedGlobals)
    finsh_prompt_custom                      0x20000108   Data           4  shell.o(.bss..L_MergedGlobals)
    UartHandle                               0x20000110   Data          72  board.o(.bss.UartHandle)
    [Anonymous Symbol]                       0x20000110   Section        0  board.o(.bss.UartHandle)
    finsh_get_prompt.finsh_prompt            0x20000158   Data         129  shell.o(.bss.finsh_get_prompt.finsh_prompt)
    [Anonymous Symbol]                       0x20000158   Section        0  shell.o(.bss.finsh_get_prompt.finsh_prompt)
    idle                                     0x20000380   Data         120  idle.o(.bss.idle)
    [Anonymous Symbol]                       0x20000380   Section        0  idle.o(.bss.idle)
    rt_exception_hook                        0x200003f8   Data           4  cpuport.o(.bss.rt_exception_hook)
    [Anonymous Symbol]                       0x200003f8   Section        0  cpuport.o(.bss.rt_exception_hook)
    rt_heap                                  0x200003fc   Data       15360  board.o(.bss.rt_heap)
    [Anonymous Symbol]                       0x200003fc   Section        0  board.o(.bss.rt_heap)
    rt_kprintf.rt_log_buf                    0x20004008   Data         128  kservice.o(.bss.rt_kprintf.rt_log_buf)
    [Anonymous Symbol]                       0x20004008   Section        0  kservice.o(.bss.rt_kprintf.rt_log_buf)
    rt_thread_stack                          0x20004188   Data         256  idle.o(.bss.rt_thread_stack)
    [Anonymous Symbol]                       0x20004188   Section        0  idle.o(.bss.rt_thread_stack)
    rt_tick                                  0x2000428c   Data           4  clock.o(.bss.rt_tick)
    [Anonymous Symbol]                       0x2000428c   Section        0  clock.o(.bss.rt_tick)
    Heap_Mem                                 0x20004298   Data         512  startup_stm32f103xb.o(HEAP)
    HEAP                                     0x20004298   Section      512  startup_stm32f103xb.o(HEAP)
    Stack_Mem                                0x20004498   Data        1024  startup_stm32f103xb.o(STACK)
    STACK                                    0x20004498   Section     1024  startup_stm32f103xb.o(STACK)
    __initial_sp                             0x20004898   Data           0  startup_stm32f103xb.o(STACK)

    Global Symbols

    Symbol Name                              Value     Ov Type        Size  Object(Section)

    BuildAttributes$$THM_ISAv4$P$D$K$B$S$PE$A:L22UL41UL21$X:L11$S22US41US21$IEEE1$IW$~IW$USESV6$~STKCKD$USESV7$~SHL$OTIME$ROPI$EBA8$UX$STANDARDLIB$REQ8$PRES8$EABIv2 0x00000000   Number         0  anon$$obj.o ABSOLUTE
    __fp_init_empty                          0x00000000   Number         0  fpinit_empty.o ABSOLUTE
    __ARM_exceptions_init                     - Undefined Weak Reference
    __alloca_initialize                       - Undefined Weak Reference
    __arm_preinit_                            - Undefined Weak Reference
    __arm_relocate_pie_                       - Undefined Weak Reference
    __cpp_initialize__aeabi_                  - Undefined Weak Reference
    __cxa_finalize                            - Undefined Weak Reference
    __rt_locale                               - Undefined Weak Reference
    __sigvec_lookup                           - Undefined Weak Reference
    _atexit_init                              - Undefined Weak Reference
    _call_atexit_fns                          - Undefined Weak Reference
    _clock_init                               - Undefined Weak Reference
    _fp_trap_init                             - Undefined Weak Reference
    _fp_trap_shutdown                         - Undefined Weak Reference
    _get_lc_collate                           - Undefined Weak Reference
    _get_lc_ctype                             - Undefined Weak Reference
    _get_lc_monetary                          - Undefined Weak Reference
    _get_lc_numeric                           - Undefined Weak Reference
    _get_lc_time                              - Undefined Weak Reference
    _getenv_init                              - Undefined Weak Reference
    _handle_redirection                       - Undefined Weak Reference
    _init_alloc                               - Undefined Weak Reference
    _init_user_alloc                          - Undefined Weak Reference
    _initio                                   - Undefined Weak Reference
    _printf_mbtowc                            - Undefined Weak Reference
    _printf_post_padding                      - Undefined Weak Reference
    _printf_pre_padding                       - Undefined Weak Reference
    _printf_truncate_signed                   - Undefined Weak Reference
    _printf_truncate_unsigned                 - Undefined Weak Reference
    _rand_init                                - Undefined Weak Reference
    _signal_finish                            - Undefined Weak Reference
    _signal_init                              - Undefined Weak Reference
    _terminate_alloc                          - Undefined Weak Reference
    _terminate_user_alloc                     - Undefined Weak Reference
    _terminateio                              - Undefined Weak Reference
    __Vectors_Size                           0x000000ec   Number         0  startup_stm32f103xb.o ABSOLUTE
    __Vectors                                0x08000000   Data           4  startup_stm32f103xb.o(RESET)
    __Vectors_End                            0x080000ec   Data           0  startup_stm32f103xb.o(RESET)
    __main                                   0x080000ed   Thumb Code     8  __main.o(!!!main)
    __scatterload                            0x080000f5   Thumb Code     0  __scatter.o(!!!scatter)
    __scatterload_rt2                        0x080000f5   Thumb Code    44  __scatter.o(!!!scatter)
    __scatterload_rt2_thumb_only             0x080000f5   Thumb Code     0  __scatter.o(!!!scatter)
    __scatterload_null                       0x08000103   Thumb Code     0  __scatter.o(!!!scatter)
    __scatterload_copy                       0x08000129   Thumb Code    26  __scatter_copy.o(!!handler_copy)
    __scatterload_zeroinit                   0x08000145   Thumb Code    28  __scatter_zi.o(!!handler_zi)
    __rt_lib_init                            0x08000161   Thumb Code     0  libinit.o(.ARM.Collect$$libinit$$00000000)
    __rt_lib_init_alloca_1                   0x08000163   Thumb Code     0  libinit2.o(.ARM.Collect$$libinit$$00000030)
    __rt_lib_init_argv_1                     0x08000163   Thumb Code     0  libinit2.o(.ARM.Collect$$libinit$$0000002E)
    __rt_lib_init_atexit_1                   0x08000163   Thumb Code     0  libinit2.o(.ARM.Collect$$libinit$$0000001D)
    __rt_lib_init_clock_1                    0x08000163   Thumb Code     0  libinit2.o(.ARM.Collect$$libinit$$00000023)
    __rt_lib_init_cpp_1                      0x08000163   Thumb Code     0  libinit2.o(.ARM.Collect$$libinit$$00000034)
    __rt_lib_init_exceptions_1               0x08000163   Thumb Code     0  libinit2.o(.ARM.Collect$$libinit$$00000032)
    __rt_lib_init_fp_1                       0x08000163   Thumb Code     0  libinit2.o(.ARM.Collect$$libinit$$00000002)
    __rt_lib_init_fp_trap_1                  0x08000163   Thumb Code     0  libinit2.o(.ARM.Collect$$libinit$$00000021)
    __rt_lib_init_getenv_1                   0x08000163   Thumb Code     0  libinit2.o(.ARM.Collect$$libinit$$00000025)
    __rt_lib_init_heap_1                     0x08000163   Thumb Code     0  libinit2.o(.ARM.Collect$$libinit$$0000000C)
    __rt_lib_init_lc_collate_1               0x08000163   Thumb Code     0  libinit2.o(.ARM.Collect$$libinit$$00000013)
    __rt_lib_init_lc_ctype_1                 0x08000163   Thumb Code     0  libinit2.o(.ARM.Collect$$libinit$$00000015)
    __rt_lib_init_lc_monetary_1              0x08000163   Thumb Code     0  libinit2.o(.ARM.Collect$$libinit$$00000017)
    __rt_lib_init_lc_numeric_1               0x08000163   Thumb Code     0  libinit2.o(.ARM.Collect$$libinit$$00000019)
    __rt_lib_init_lc_time_1                  0x08000163   Thumb Code     0  libinit2.o(.ARM.Collect$$libinit$$0000001B)
    __rt_lib_init_preinit_1                  0x08000163   Thumb Code     0  libinit2.o(.ARM.Collect$$libinit$$00000006)
    __rt_lib_init_rand_1                     0x08000163   Thumb Code     0  libinit2.o(.ARM.Collect$$libinit$$00000010)
    __rt_lib_init_relocate_pie_1             0x08000163   Thumb Code     0  libinit2.o(.ARM.Collect$$libinit$$00000004)
    __rt_lib_init_return                     0x08000163   Thumb Code     0  libinit2.o(.ARM.Collect$$libinit$$00000035)
    __rt_lib_init_signal_1                   0x08000163   Thumb Code     0  libinit2.o(.ARM.Collect$$libinit$$0000001F)
    __rt_lib_init_stdio_1                    0x08000163   Thumb Code     0  libinit2.o(.ARM.Collect$$libinit$$00000027)
    __rt_lib_init_user_alloc_1               0x08000163   Thumb Code     0  libinit2.o(.ARM.Collect$$libinit$$0000000E)
    __rt_lib_shutdown                        0x08000165   Thumb Code     0  libshutdown.o(.ARM.Collect$$libshutdown$$00000000)
    __rt_lib_shutdown_cpp_1                  0x08000167   Thumb Code     0  libshutdown2.o(.ARM.Collect$$libshutdown$$00000002)
    __rt_lib_shutdown_fp_trap_1              0x08000167   Thumb Code     0  libshutdown2.o(.ARM.Collect$$libshutdown$$00000007)
    __rt_lib_shutdown_heap_1                 0x08000167   Thumb Code     0  libshutdown2.o(.ARM.Collect$$libshutdown$$0000000F)
    __rt_lib_shutdown_return                 0x08000167   Thumb Code     0  libshutdown2.o(.ARM.Collect$$libshutdown$$00000010)
    __rt_lib_shutdown_signal_1               0x08000167   Thumb Code     0  libshutdown2.o(.ARM.Collect$$libshutdown$$0000000A)
    __rt_lib_shutdown_stdio_1                0x08000167   Thumb Code     0  libshutdown2.o(.ARM.Collect$$libshutdown$$00000004)
    __rt_lib_shutdown_user_alloc_1           0x08000167   Thumb Code     0  libshutdown2.o(.ARM.Collect$$libshutdown$$0000000C)
    __rt_entry                               0x08000169   Thumb Code     0  __rtentry.o(.ARM.Collect$$rtentry$$00000000)
    __rt_entry_presh_1                       0x08000169   Thumb Code     0  __rtentry2.o(.ARM.Collect$$rtentry$$00000002)
    __rt_entry_sh                            0x08000169   Thumb Code     0  __rtentry4.o(.ARM.Collect$$rtentry$$00000004)
    __rt_entry_li                            0x0800016f   Thumb Code     0  __rtentry2.o(.ARM.Collect$$rtentry$$0000000A)
    __rt_entry_postsh_1                      0x0800016f   Thumb Code     0  __rtentry2.o(.ARM.Collect$$rtentry$$00000009)
    __rt_entry_main                          0x08000173   Thumb Code     0  __rtentry2.o(.ARM.Collect$$rtentry$$0000000D)
    __rt_entry_postli_1                      0x08000173   Thumb Code     0  __rtentry2.o(.ARM.Collect$$rtentry$$0000000C)
    __rt_exit                                0x0800017b   Thumb Code     0  rtexit.o(.ARM.Collect$$rtexit$$00000000)
    __rt_exit_ls                             0x0800017d   Thumb Code     0  rtexit2.o(.ARM.Collect$$rtexit$$00000003)
    __rt_exit_prels_1                        0x0800017d   Thumb Code     0  rtexit2.o(.ARM.Collect$$rtexit$$00000002)
    __rt_exit_exit                           0x08000181   Thumb Code     0  rtexit2.o(.ARM.Collect$$rtexit$$00000004)
    Reset_Handler                            0x08000189   Thumb Code     8  startup_stm32f103xb.o(.text)
    SVC_Handler                              0x0800019b   Thumb Code     2  startup_stm32f103xb.o(.text)
    ADC1_2_IRQHandler                        0x080001a3   Thumb Code     0  startup_stm32f103xb.o(.text)
    CAN1_RX1_IRQHandler                      0x080001a3   Thumb Code     0  startup_stm32f103xb.o(.text)
    CAN1_SCE_IRQHandler                      0x080001a3   Thumb Code     0  startup_stm32f103xb.o(.text)
    DMA1_Channel1_IRQHandler                 0x080001a3   Thumb Code     0  startup_stm32f103xb.o(.text)
    DMA1_Channel2_IRQHandler                 0x080001a3   Thumb Code     0  startup_stm32f103xb.o(.text)
    DMA1_Channel3_IRQHandler                 0x080001a3   Thumb Code     0  startup_stm32f103xb.o(.text)
    DMA1_Channel4_IRQHandler                 0x080001a3   Thumb Code     0  startup_stm32f103xb.o(.text)
    DMA1_Channel5_IRQHandler                 0x080001a3   Thumb Code     0  startup_stm32f103xb.o(.text)
    DMA1_Channel6_IRQHandler                 0x080001a3   Thumb Code     0  startup_stm32f103xb.o(.text)
    DMA1_Channel7_IRQHandler                 0x080001a3   Thumb Code     0  startup_stm32f103xb.o(.text)
    EXTI0_IRQHandler                         0x080001a3   Thumb Code     0  startup_stm32f103xb.o(.text)
    EXTI15_10_IRQHandler                     0x080001a3   Thumb Code     0  startup_stm32f103xb.o(.text)
    EXTI1_IRQHandler                         0x080001a3   Thumb Code     0  startup_stm32f103xb.o(.text)
    EXTI2_IRQHandler                         0x080001a3   Thumb Code     0  startup_stm32f103xb.o(.text)
    EXTI3_IRQHandler                         0x080001a3   Thumb Code     0  startup_stm32f103xb.o(.text)
    EXTI4_IRQHandler                         0x080001a3   Thumb Code     0  startup_stm32f103xb.o(.text)
    EXTI9_5_IRQHandler                       0x080001a3   Thumb Code     0  startup_stm32f103xb.o(.text)
    FLASH_IRQHandler                         0x080001a3   Thumb Code     0  startup_stm32f103xb.o(.text)
    I2C1_ER_IRQHandler                       0x080001a3   Thumb Code     0  startup_stm32f103xb.o(.text)
    I2C1_EV_IRQHandler                       0x080001a3   Thumb Code     0  startup_stm32f103xb.o(.text)
    I2C2_ER_IRQHandler                       0x080001a3   Thumb Code     0  startup_stm32f103xb.o(.text)
    I2C2_EV_IRQHandler                       0x080001a3   Thumb Code     0  startup_stm32f103xb.o(.text)
    PVD_IRQHandler                           0x080001a3   Thumb Code     0  startup_stm32f103xb.o(.text)
    RCC_IRQHandler                           0x080001a3   Thumb Code     0  startup_stm32f103xb.o(.text)
    RTC_Alarm_IRQHandler                     0x080001a3   Thumb Code     0  startup_stm32f103xb.o(.text)
    RTC_IRQHandler                           0x080001a3   Thumb Code     0  startup_stm32f103xb.o(.text)
    SPI1_IRQHandler                          0x080001a3   Thumb Code     0  startup_stm32f103xb.o(.text)
    SPI2_IRQHandler                          0x080001a3   Thumb Code     0  startup_stm32f103xb.o(.text)
    TAMPER_IRQHandler                        0x080001a3   Thumb Code     0  startup_stm32f103xb.o(.text)
    TIM1_BRK_IRQHandler                      0x080001a3   Thumb Code     0  startup_stm32f103xb.o(.text)
    TIM1_CC_IRQHandler                       0x080001a3   Thumb Code     0  startup_stm32f103xb.o(.text)
    TIM1_TRG_COM_IRQHandler                  0x080001a3   Thumb Code     0  startup_stm32f103xb.o(.text)
    TIM2_IRQHandler                          0x080001a3   Thumb Code     0  startup_stm32f103xb.o(.text)
    TIM3_IRQHandler                          0x080001a3   Thumb Code     0  startup_stm32f103xb.o(.text)
    TIM4_IRQHandler                          0x080001a3   Thumb Code     0  startup_stm32f103xb.o(.text)
    USART1_IRQHandler                        0x080001a3   Thumb Code     0  startup_stm32f103xb.o(.text)
    USART2_IRQHandler                        0x080001a3   Thumb Code     0  startup_stm32f103xb.o(.text)
    USART3_IRQHandler                        0x080001a3   Thumb Code     0  startup_stm32f103xb.o(.text)
    USBWakeUp_IRQHandler                     0x080001a3   Thumb Code     0  startup_stm32f103xb.o(.text)
    USB_HP_CAN1_TX_IRQHandler                0x080001a3   Thumb Code     0  startup_stm32f103xb.o(.text)
    USB_LP_CAN1_RX0_IRQHandler               0x080001a3   Thumb Code     0  startup_stm32f103xb.o(.text)
    WWDG_IRQHandler                          0x080001a3   Thumb Code     0  startup_stm32f103xb.o(.text)
    __user_initial_stackheap                 0x080001a5   Thumb Code     0  startup_stm32f103xb.o(.text)
    rt_hw_interrupt_disable                  0x080001c9   Thumb Code     8  context_rvds.o(.text)
    rt_hw_interrupt_enable                   0x080001d1   Thumb Code     6  context_rvds.o(.text)
    rt_hw_context_switch                     0x080001d7   Thumb Code    32  context_rvds.o(.text)
    rt_hw_context_switch_interrupt           0x080001d7   Thumb Code     0  context_rvds.o(.text)
    PendSV_Handler                           0x080001f7   Thumb Code    60  context_rvds.o(.text)
    rt_hw_context_switch_to                  0x08000233   Thumb Code    56  context_rvds.o(.text)
    rt_hw_interrupt_thread_switch            0x0800026b   Thumb Code     2  context_rvds.o(.text)
    HardFault_Handler                        0x0800026d   Thumb Code    52  context_rvds.o(.text)
    strlen                                   0x080002bd   Thumb Code    62  strlen.o(.text)
    strncmp                                  0x080002fb   Thumb Code   150  strncmp.o(.text)
    __aeabi_memset                           0x08000391   Thumb Code    16  aeabi_memset.o(.text)
    __aeabi_memclr                           0x080003a1   Thumb Code     0  rt_memclr.o(.text)
    __rt_memclr                              0x080003a1   Thumb Code     0  rt_memclr.o(.text)
    _memset                                  0x080003a5   Thumb Code    64  rt_memclr.o(.text)
    __aeabi_memclr4                          0x080003e5   Thumb Code     0  rt_memclr_w.o(.text)
    __aeabi_memclr8                          0x080003e5   Thumb Code     0  rt_memclr_w.o(.text)
    __rt_memclr_w                            0x080003e5   Thumb Code     0  rt_memclr_w.o(.text)
    _memset_w                                0x080003e9   Thumb Code    74  rt_memclr_w.o(.text)
    strncpy                                  0x08000433   Thumb Code    86  strncpy.o(.text)
    __use_two_region_memory                  0x08000489   Thumb Code     2  heapauxi.o(.text)
    __rt_heap_escrow$2region                 0x0800048b   Thumb Code     2  heapauxi.o(.text)
    __rt_heap_expand$2region                 0x0800048d   Thumb Code     2  heapauxi.o(.text)
    __user_setup_stackheap                   0x0800048f   Thumb Code    74  sys_stackheap_outer.o(.text)
    exit                                     0x080004d9   Thumb Code    18  exit.o(.text)
    __user_libspace                          0x080004ed   Thumb Code     8  libspace.o(.text)
    __user_perproc_libspace                  0x080004ed   Thumb Code     0  libspace.o(.text)
    __user_perthread_libspace                0x080004ed   Thumb Code     0  libspace.o(.text)
    _sys_exit                                0x080004f5   Thumb Code     8  sys_exit.o(.text)
    __I$use$semihosting                      0x08000501   Thumb Code     0  use_no_semi.o(.text)
    __use_no_semihosting_swi                 0x08000501   Thumb Code     2  use_no_semi.o(.text)
    __semihosting_library_function           0x08000503   Thumb Code     0  indicate_semi.o(.text)
    main                                     0x08000505   Thumb Code    84  components.o(.text.$Sub$$main)
    BusFault_Handler                         0x08000559   Thumb Code     2  stm32f1xx_it.o(.text.BusFault_Handler)
    DebugMon_Handler                         0x0800055d   Thumb Code     2  stm32f1xx_it.o(.text.DebugMon_Handler)
    Error_Handler                            0x08000561   Thumb Code    10  main.o(.text.Error_Handler)
    HAL_ADC_ConfigChannel                    0x0800056d   Thumb Code   404  stm32f1xx_hal_adc.o(.text.HAL_ADC_ConfigChannel)
    HAL_ADC_Init                             0x08000701   Thumb Code   348  stm32f1xx_hal_adc.o(.text.HAL_ADC_Init)
    HAL_ADC_MspInit                          0x0800085d   Thumb Code    98  adc.o(.text.HAL_ADC_MspInit)
    HAL_GPIO_Init                            0x080008c1   Thumb Code   530  stm32f1xx_hal_gpio.o(.text.HAL_GPIO_Init)
    HAL_GPIO_WritePin                        0x08000ad5   Thumb Code    10  stm32f1xx_hal_gpio.o(.text.HAL_GPIO_WritePin)
    HAL_GetTick                              0x08000ae1   Thumb Code    12  stm32f1xx_hal.o(.text.HAL_GetTick)
    HAL_I2C_Init                             0x08000aed   Thumb Code   374  stm32f1xx_hal_i2c.o(.text.HAL_I2C_Init)
    HAL_I2C_MspInit                          0x08000c65   Thumb Code    98  i2c.o(.text.HAL_I2C_MspInit)
    HAL_IncTick                              0x08000cc9   Thumb Code    26  stm32f1xx_hal.o(.text.HAL_IncTick)
    HAL_Init                                 0x08000ce5   Thumb Code    38  stm32f1xx_hal.o(.text.HAL_Init)
    HAL_InitTick                             0x08000d0d   Thumb Code   176  stm32f1xx_hal_timebase_tim.o(.text.HAL_InitTick)
    HAL_MspInit                              0x08000dbd   Thumb Code    66  stm32f1xx_hal_msp.o(.text.HAL_MspInit)
    HAL_NVIC_EnableIRQ                       0x08000e01   Thumb Code    32  stm32f1xx_hal_cortex.o(.text.HAL_NVIC_EnableIRQ)
    HAL_NVIC_SetPriority                     0x08000e21   Thumb Code    86  stm32f1xx_hal_cortex.o(.text.HAL_NVIC_SetPriority)
    HAL_NVIC_SetPriorityGrouping             0x08000e79   Thumb Code    32  stm32f1xx_hal_cortex.o(.text.HAL_NVIC_SetPriorityGrouping)
    HAL_RCCEx_PeriphCLKConfig                0x08000e99   Thumb Code   266  stm32f1xx_hal_rcc_ex.o(.text.HAL_RCCEx_PeriphCLKConfig)
    HAL_RCC_ClockConfig                      0x08000fa5   Thumb Code   446  stm32f1xx_hal_rcc.o(.text.HAL_RCC_ClockConfig)
    HAL_RCC_GetClockConfig                   0x08001165   Thumb Code    66  stm32f1xx_hal_rcc.o(.text.HAL_RCC_GetClockConfig)
    HAL_RCC_GetHCLKFreq                      0x080011a9   Thumb Code    12  stm32f1xx_hal_rcc.o(.text.HAL_RCC_GetHCLKFreq)
    HAL_RCC_GetPCLK1Freq                     0x080011b5   Thumb Code    38  stm32f1xx_hal_rcc.o(.text.HAL_RCC_GetPCLK1Freq)
    HAL_RCC_GetPCLK2Freq                     0x080011dd   Thumb Code    38  stm32f1xx_hal_rcc.o(.text.HAL_RCC_GetPCLK2Freq)
    HAL_RCC_OscConfig                        0x08001205   Thumb Code   948  stm32f1xx_hal_rcc.o(.text.HAL_RCC_OscConfig)
    HAL_SYSTICK_Config                       0x080015b9   Thumb Code    44  stm32f1xx_hal_cortex.o(.text.HAL_SYSTICK_Config)
    HAL_TIMEx_BreakCallback                  0x080015e5   Thumb Code     2  stm32f1xx_hal_tim_ex.o(.text.HAL_TIMEx_BreakCallback)
    HAL_TIMEx_CommutCallback                 0x080015e9   Thumb Code     2  stm32f1xx_hal_tim_ex.o(.text.HAL_TIMEx_CommutCallback)
    HAL_TIM_Base_Init                        0x080015ed   Thumb Code   250  stm32f1xx_hal_tim.o(.text.HAL_TIM_Base_Init)
    HAL_TIM_Base_MspInit                     0x080016e9   Thumb Code     2  stm32f1xx_hal_tim.o(.text.HAL_TIM_Base_MspInit)
    HAL_TIM_Base_Start_IT                    0x080016ed   Thumb Code   110  stm32f1xx_hal_tim.o(.text.HAL_TIM_Base_Start_IT)
    HAL_TIM_IC_CaptureCallback               0x0800175d   Thumb Code     2  stm32f1xx_hal_tim.o(.text.HAL_TIM_IC_CaptureCallback)
    HAL_TIM_IRQHandler                       0x08001761   Thumb Code   334  stm32f1xx_hal_tim.o(.text.HAL_TIM_IRQHandler)
    HAL_TIM_OC_DelayElapsedCallback          0x080018b1   Thumb Code     2  stm32f1xx_hal_tim.o(.text.HAL_TIM_OC_DelayElapsedCallback)
    HAL_TIM_PWM_PulseFinishedCallback        0x080018b5   Thumb Code     2  stm32f1xx_hal_tim.o(.text.HAL_TIM_PWM_PulseFinishedCallback)
    HAL_TIM_PeriodElapsedCallback            0x080018b9   Thumb Code    20  main.o(.text.HAL_TIM_PeriodElapsedCallback)
    HAL_TIM_TriggerCallback                  0x080018cd   Thumb Code     2  stm32f1xx_hal_tim.o(.text.HAL_TIM_TriggerCallback)
    HAL_UART_Init                            0x080018d1   Thumb Code   222  stm32f1xx_hal_uart.o(.text.HAL_UART_Init)
    HAL_UART_MspInit                         0x080019b1   Thumb Code   314  usart.o(.text.HAL_UART_MspInit)
    HAL_UART_Transmit                        0x08001aed   Thumb Code   358  stm32f1xx_hal_uart.o(.text.HAL_UART_Transmit)
    MX_ADC1_Init                             0x08001c55   Thumb Code    86  adc.o(.text.MX_ADC1_Init)
    MX_GPIO_Init                             0x08001cad   Thumb Code   132  gpio.o(.text.MX_GPIO_Init)
    MX_I2C1_Init                             0x08001d31   Thumb Code    66  i2c.o(.text.MX_I2C1_Init)
    MX_USART1_UART_Init                      0x08001d75   Thumb Code    60  usart.o(.text.MX_USART1_UART_Init)
    MX_USART2_UART_Init                      0x08001db1   Thumb Code    60  usart.o(.text.MX_USART2_UART_Init)
    MX_USART3_UART_Init                      0x08001ded   Thumb Code    60  usart.o(.text.MX_USART3_UART_Init)
    MemManage_Handler                        0x08001e29   Thumb Code     2  stm32f1xx_it.o(.text.MemManage_Handler)
    NMI_Handler                              0x08001e2d   Thumb Code     2  stm32f1xx_it.o(.text.NMI_Handler)
    SysTick_Handler                          0x08001e31   Thumb Code    18  board.o(.text.SysTick_Handler)
    SystemClock_Config                       0x08001e45   Thumb Code   120  main.o(.text.SystemClock_Config)
    SystemCoreClockUpdate                    0x08001ebd   Thumb Code   112  system_stm32f1xx.o(.text.SystemCoreClockUpdate)
    SystemInit                               0x08001f2d   Thumb Code     2  system_stm32f1xx.o(.text.SystemInit)
    TIM1_UP_IRQHandler                       0x08001f31   Thumb Code    12  stm32f1xx_it.o(.text.TIM1_UP_IRQHandler)
    UsageFault_Handler                       0x08001f3d   Thumb Code     2  stm32f1xx_it.o(.text.UsageFault_Handler)
    __rt_ffs                                 0x08001f41   Thumb Code    56  kservice.o(.text.__rt_ffs)
    cmd_free                                 0x08001f79   Thumb Code    10  msh.o(.text.cmd_free)
    cmd_ps                                   0x08001f85   Thumb Code    10  msh.o(.text.cmd_ps)
    data_controller                          0x08001f91   Thumb Code    20  main.o(.text.data_controller)
    finsh_system_init                        0x08001fc1   Thumb Code   136  shell.o(.text.finsh_system_init)
    finsh_thread_entry                       0x08002071   Thumb Code  1164  shell.o(.text.finsh_thread_entry)
    get_ph                                   0x08002515   Thumb Code    20  main.o(.text.get_ph)
    get_turbidity                            0x0800253d   Thumb Code    20  main.o(.text.get_turbidity)
    hello                                    0x0800256d   Thumb Code    12  cmd.o(.text.hello)
    list                                     0x0800258d   Thumb Code    96  cmd.o(.text.list)
    list_mem                                 0x08002615   Thumb Code    40  mem.o(.text.list_mem)
    list_sem                                 0x08002685   Thumb Code   508  cmd.o(.text.list_sem)
    list_thread                              0x080028ed   Thumb Code   484  cmd.o(.text.list_thread)
    list_timer                               0x08002b61   Thumb Code  1220  cmd.o(.text.list_timer)
    $Super$$main                             0x08003091   Thumb Code   422  main.o(.text.main)
    main_thread_entry                        0x08003239   Thumb Code    50  components.o(.text.main_thread_entry)
    msh_auto_complete                        0x0800326d   Thumb Code   384  msh.o(.text.msh_auto_complete)
    msh_exec                                 0x080033f1   Thumb Code  1004  msh.o(.text.msh_exec)
    msh_help                                 0x08003819   Thumb Code   124  msh.o(.text.msh_help)
    msh_is_used                              0x08003895   Thumb Code     4  msh.o(.text.msh_is_used)
    oled_menu                                0x08003899   Thumb Code    20  main.o(.text.oled_menu)
    rt_calloc                                0x08003dc9   Thumb Code    30  mem.o(.text.rt_calloc)
    rt_components_board_init                 0x08003de9   Thumb Code    44  components.o(.text.rt_components_board_init)
    rt_enter_critical                        0x08003e15   Thumb Code    28  scheduler.o(.text.rt_enter_critical)
    rt_exit_critical                         0x08003e31   Thumb Code   150  scheduler.o(.text.rt_exit_critical)
    rt_free                                  0x08003ec9   Thumb Code   216  mem.o(.text.rt_free)
    rt_heap_begin_get                        0x08003fed   Thumb Code    10  board.o(.text.rt_heap_begin_get)
    rt_heap_end_get                          0x08003ff9   Thumb Code    14  board.o(.text.rt_heap_end_get)
    rt_hw_board_init                         0x08004009   Thumb Code    62  board.o(.text.rt_hw_board_init)
    rt_hw_console_getchar                    0x08004049   Thumb Code    38  board.o(.text.rt_hw_console_getchar)
    rt_hw_console_output                     0x08004071   Thumb Code    96  board.o(.text.rt_hw_console_output)
    rt_hw_hard_fault_exception               0x080040d1   Thumb Code   900  cpuport.o(.text.rt_hw_hard_fault_exception)
    rt_hw_stack_init                         0x080044fd   Thumb Code    60  cpuport.o(.text.rt_hw_stack_init)
    rt_interrupt_enter                       0x08004539   Thumb Code    28  irq.o(.text.rt_interrupt_enter)
    rt_interrupt_leave                       0x08004555   Thumb Code    28  irq.o(.text.rt_interrupt_leave)
    rt_kprintf                               0x08004571   Thumb Code    50  kservice.o(.text.rt_kprintf)
    rt_malloc                                0x080045a5   Thumb Code   452  mem.o(.text.rt_malloc)
    rt_memmove                               0x08004769   Thumb Code   236  kservice.o(.text.rt_memmove)
    rt_memset                                0x08004855   Thumb Code   246  kservice.o(.text.rt_memset)
    rt_object_allocate                       0x0800494d   Thumb Code   114  object.o(.text.rt_object_allocate)
    rt_object_delete                         0x080049c1   Thumb Code    44  object.o(.text.rt_object_delete)
    rt_object_detach                         0x080049ed   Thumb Code    36  object.o(.text.rt_object_detach)
    rt_object_get_information                0x08004a11   Thumb Code    42  object.o(.text.rt_object_get_information)
    rt_object_init                           0x08004a3d   Thumb Code   126  object.o(.text.rt_object_init)
    rt_object_is_systemobject                0x08004abd   Thumb Code     6  object.o(.text.rt_object_is_systemobject)
    rt_schedule                              0x08004ac5   Thumb Code   114  scheduler.o(.text.rt_schedule)
    rt_schedule_insert_thread                0x08004b39   Thumb Code    82  scheduler.o(.text.rt_schedule_insert_thread)
    rt_schedule_remove_thread                0x08004b8d   Thumb Code    86  scheduler.o(.text.rt_schedule_remove_thread)
    rt_sem_init                              0x08004be5   Thumb Code    32  ipc.o(.text.rt_sem_init)
    rt_sem_release                           0x08004c05   Thumb Code    82  ipc.o(.text.rt_sem_release)
    rt_sem_take                              0x08004c59   Thumb Code   252  ipc.o(.text.rt_sem_take)
    rt_show_version                          0x08004d55   Thumb Code    48  kservice.o(.text.rt_show_version)
    rt_strlen                                0x08004e0d   Thumb Code    58  kservice.o(.text.rt_strlen)
    rt_strncpy                               0x08004e49   Thumb Code   134  kservice.o(.text.rt_strncpy)
    rt_system_heap_init                      0x08004ed1   Thumb Code   112  mem.o(.text.rt_system_heap_init)
    rt_system_scheduler_init                 0x08004f85   Thumb Code   298  scheduler.o(.text.rt_system_scheduler_init)
    rt_system_scheduler_start                0x080050b1   Thumb Code    48  scheduler.o(.text.rt_system_scheduler_start)
    rt_system_timer_init                     0x080050e1   Thumb Code    16  timer.o(.text.rt_system_timer_init)
    rt_system_timer_thread_init              0x080050f1   Thumb Code     2  timer.o(.text.rt_system_timer_thread_init)
    rt_thread_create                         0x080050f5   Thumb Code   176  thread.o(.text.rt_thread_create)
    rt_thread_exit                           0x080051a5   Thumb Code   122  thread.o(.text.rt_thread_exit)
    rt_thread_idle_init                      0x08005261   Thumb Code    72  idle.o(.text.rt_thread_idle_init)
    rt_thread_init                           0x080052b1   Thumb Code   142  thread.o(.text.rt_thread_init)
    rt_thread_mdelay                         0x08005341   Thumb Code    14  thread.o(.text.rt_thread_mdelay)
    rt_thread_resume                         0x08005351   Thumb Code    70  thread.o(.text.rt_thread_resume)
    rt_thread_self                           0x08005399   Thumb Code    12  thread.o(.text.rt_thread_self)
    rt_thread_sleep                          0x080053a5   Thumb Code   120  thread.o(.text.rt_thread_sleep)
    rt_thread_startup                        0x0800541d   Thumb Code    92  thread.o(.text.rt_thread_startup)
    rt_thread_suspend                        0x08005479   Thumb Code    66  thread.o(.text.rt_thread_suspend)
    rt_thread_timeout                        0x080054bd   Thumb Code    40  thread.o(.text.rt_thread_timeout)
    rt_thread_yield                          0x080054e5   Thumb Code   100  thread.o(.text.rt_thread_yield)
    rt_tick_from_millisecond                 0x08005549   Thumb Code    52  clock.o(.text.rt_tick_from_millisecond)
    rt_tick_get                              0x0800557d   Thumb Code    12  clock.o(.text.rt_tick_get)
    rt_tick_increase                         0x08005589   Thumb Code    52  clock.o(.text.rt_tick_increase)
    rt_timer_check                           0x080055bd   Thumb Code   344  timer.o(.text.rt_timer_check)
    rt_timer_control                         0x08005715   Thumb Code   104  timer.o(.text.rt_timer_control)
    rt_timer_detach                          0x0800577d   Thumb Code    48  timer.o(.text.rt_timer_detach)
    rt_timer_init                            0x080057ad   Thumb Code    50  timer.o(.text.rt_timer_init)
    rt_timer_start                           0x080057e1   Thumb Code   202  timer.o(.text.rt_timer_start)
    rt_timer_stop                            0x080058ad   Thumb Code    56  timer.o(.text.rt_timer_stop)
    rt_vsnprintf                             0x080058e5   Thumb Code  2086  kservice.o(.text.rt_vsnprintf)
    version                                  0x08006155   Thumb Code    10  cmd.o(.text.version)
    AHBPrescTable                            0x0800615e   Data          16  system_stm32f1xx.o(.rodata.AHBPrescTable)
    APBPrescTable                            0x0800616e   Data           8  system_stm32f1xx.o(.rodata.APBPrescTable)
    __lowest_bit_bitmap                      0x08006178   Data         256  kservice.o(.rodata.__lowest_bit_bitmap)
    __fsym_list_mem_name                     0x08006288   Data           9  mem.o(.rodata.name)
    __fsym_list_mem_desc                     0x08006291   Data          30  mem.o(.rodata.name)
    __fsym_hello_name                        0x080062af   Data           6  cmd.o(.rodata.name)
    __fsym_hello_desc                        0x080062b5   Data          16  cmd.o(.rodata.name)
    __fsym_version_name                      0x080062c5   Data           8  cmd.o(.rodata.name)
    __fsym_version_desc                      0x080062cd   Data          35  cmd.o(.rodata.name)
    __fsym___cmd_version_name                0x080062f0   Data          14  cmd.o(.rodata.name)
    __fsym___cmd_version_desc                0x080062fe   Data          35  cmd.o(.rodata.name)
    __fsym_list_thread_name                  0x08006321   Data          12  cmd.o(.rodata.name)
    __fsym_list_thread_desc                  0x0800632d   Data          12  cmd.o(.rodata.name)
    __fsym___cmd_list_thread_name            0x08006339   Data          18  cmd.o(.rodata.name)
    __fsym___cmd_list_thread_desc            0x0800634b   Data          12  cmd.o(.rodata.name)
    __fsym_list_sem_name                     0x08006357   Data           9  cmd.o(.rodata.name)
    __fsym_list_sem_desc                     0x08006360   Data          25  cmd.o(.rodata.name)
    __fsym___cmd_list_sem_name               0x08006379   Data          15  cmd.o(.rodata.name)
    __fsym___cmd_list_sem_desc               0x08006388   Data          25  cmd.o(.rodata.name)
    __fsym_list_timer_name                   0x080063a1   Data          11  cmd.o(.rodata.name)
    __fsym_list_timer_desc                   0x080063ac   Data          21  cmd.o(.rodata.name)
    __fsym___cmd_list_timer_name             0x080063c1   Data          17  cmd.o(.rodata.name)
    __fsym___cmd_list_timer_desc             0x080063d2   Data          21  cmd.o(.rodata.name)
    __fsym_list_name                         0x080063e7   Data           5  cmd.o(.rodata.name)
    __fsym_list_desc                         0x080063ec   Data          26  cmd.o(.rodata.name)
    __fsym___cmd_help_name                   0x08006406   Data          11  msh.o(.rodata.name)
    __fsym___cmd_help_desc                   0x08006411   Data          22  msh.o(.rodata.name)
    __fsym___cmd_ps_name                     0x08006427   Data           9  msh.o(.rodata.name)
    __fsym___cmd_ps_desc                     0x08006430   Data          28  msh.o(.rodata.name)
    __fsym___cmd_free_name                   0x0800644c   Data          11  msh.o(.rodata.name)
    __fsym___cmd_free_desc                   0x08006457   Data          37  msh.o(.rodata.name)
    __rt_init_rti_start                      0x0800676c   Data           4  components.o(.rti_fn.0)
    __rt_init_rti_board_start                0x08006770   Data           4  components.o(.rti_fn.0.end)
    __rt_init_uart_init                      0x08006774   Data           4  board.o(.rti_fn.1)
    __rt_init_rti_board_end                  0x08006778   Data           4  components.o(.rti_fn.1.end)
    __rt_init_finsh_system_init              0x0800677c   Data           4  shell.o(.rti_fn.6)
    __rt_init_rti_end                        0x08006780   Data           4  components.o(.rti_fn.6.end)
    FSymTab$$Base                            0x08006784   Number         0  mem.o(FSymTab)
    __fsym_list_mem                          0x08006784   Data          12  mem.o(FSymTab)
    __fsym_hello                             0x08006790   Data          12  cmd.o(FSymTab)
    __fsym_version                           0x0800679c   Data          12  cmd.o(FSymTab)
    __fsym___cmd_version                     0x080067a8   Data          12  cmd.o(FSymTab)
    __fsym_list_thread                       0x080067b4   Data          12  cmd.o(FSymTab)
    __fsym___cmd_list_thread                 0x080067c0   Data          12  cmd.o(FSymTab)
    __fsym_list_sem                          0x080067cc   Data          12  cmd.o(FSymTab)
    __fsym___cmd_list_sem                    0x080067d8   Data          12  cmd.o(FSymTab)
    __fsym_list_timer                        0x080067e4   Data          12  cmd.o(FSymTab)
    __fsym___cmd_list_timer                  0x080067f0   Data          12  cmd.o(FSymTab)
    __fsym_list                              0x080067fc   Data          12  cmd.o(FSymTab)
    __fsym___cmd_help                        0x08006808   Data          12  msh.o(FSymTab)
    __fsym___cmd_ps                          0x08006814   Data          12  msh.o(FSymTab)
    __fsym___cmd_free                        0x08006820   Data          12  msh.o(FSymTab)
    FSymTab$$Limit                           0x0800682c   Number         0  msh.o(FSymTab)
    Region$$Table$$Base                      0x0800682c   Number         0  anon$$obj.o(Region$$Table)
    Region$$Table$$Limit                     0x0800684c   Number         0  anon$$obj.o(Region$$Table)
    uwTickFreq                               0x20000000   Data           1  stm32f1xx_hal.o(.data..L_MergedGlobals)
    uwTickPrio                               0x20000004   Data           4  stm32f1xx_hal.o(.data..L_MergedGlobals)
    SystemCoreClock                          0x20000008   Data           4  system_stm32f1xx.o(.data.SystemCoreClock)
    __libspace_start                         0x20000040   Data          96  libspace.o(.bss)
    __temporary_stack_top$libspace           0x200000a0   Data           0  libspace.o(.bss)
    rt_current_priority                      0x200000d8   Data           1  scheduler.o(.bss..L_MergedGlobals)
    rt_current_thread                        0x200000dc   Data           4  scheduler.o(.bss..L_MergedGlobals)
    rt_thread_ready_priority_group           0x200000e0   Data           4  scheduler.o(.bss..L_MergedGlobals)
    rt_thread_defunct                        0x200000e4   Data           8  scheduler.o(.bss..L_MergedGlobals)
    _syscall_table_begin                     0x200000f8   Data           4  shell.o(.bss..L_MergedGlobals)
    _syscall_table_end                       0x200000fc   Data           4  shell.o(.bss..L_MergedGlobals)
    _sysvar_table_begin                      0x20000100   Data           4  shell.o(.bss..L_MergedGlobals)
    _sysvar_table_end                        0x20000104   Data           4  shell.o(.bss..L_MergedGlobals)
    shell                                    0x2000010c   Data           4  shell.o(.bss..L_MergedGlobals)
    hadc1                                    0x200001dc   Data          48  adc.o(.bss.hadc1)
    hi2c1                                    0x2000020c   Data          84  i2c.o(.bss.hi2c1)
    htim1                                    0x20000260   Data          72  stm32f1xx_hal_timebase_tim.o(.bss.htim1)
    huart1                                   0x200002a8   Data          72  usart.o(.bss.huart1)
    huart2                                   0x200002f0   Data          72  usart.o(.bss.huart2)
    huart3                                   0x20000338   Data          72  usart.o(.bss.huart3)
    rt_interrupt_from_thread                 0x20003ffc   Data           4  cpuport.o(.bss.rt_interrupt_from_thread)
    rt_interrupt_nest                        0x20004000   Data           1  irq.o(.bss.rt_interrupt_nest)
    rt_interrupt_to_thread                   0x20004004   Data           4  cpuport.o(.bss.rt_interrupt_to_thread)
    rt_thread_priority_table                 0x20004088   Data         256  scheduler.o(.bss.rt_thread_priority_table)
    rt_thread_switch_interrupt_flag          0x20004288   Data           4  cpuport.o(.bss.rt_thread_switch_interrupt_flag)
    uwTick                                   0x20004290   Data           4  stm32f1xx_hal.o(.bss.uwTick)



==============================================================================

Memory Map of the image

  Image Entry point : 0x080000ed

  Load Region LR_IROM1 (Base: 0x08000000, Size: 0x00006890, Max: 0x00010000, ABSOLUTE)

    Execution Region ER_IROM1 (Exec base: 0x08000000, Load base: 0x08000000, Size: 0x0000684c, Max: 0x00010000, ABSOLUTE)

    Exec Addr    Load Addr    Size         Type   Attr      Idx    E Section Name        Object

    0x08000000   0x08000000   0x000000ec   Data   RO            3    RESET               startup_stm32f103xb.o
    0x080000ec   0x080000ec   0x00000008   Code   RO         1784  * !!!main             c_w.l(__main.o)
    0x080000f4   0x080000f4   0x00000034   Code   RO         1960    !!!scatter          c_w.l(__scatter.o)
    0x08000128   0x08000128   0x0000001a   Code   RO         1962    !!handler_copy      c_w.l(__scatter_copy.o)
    0x08000142   0x08000142   0x00000002   PAD
    0x08000144   0x08000144   0x0000001c   Code   RO         1964    !!handler_zi        c_w.l(__scatter_zi.o)
    0x08000160   0x08000160   0x00000002   Code   RO         1822    .ARM.Collect$$libinit$$00000000  c_w.l(libinit.o)
    0x08000162   0x08000162   0x00000000   Code   RO         1829    .ARM.Collect$$libinit$$00000002  c_w.l(libinit2.o)
    0x08000162   0x08000162   0x00000000   Code   RO         1831    .ARM.Collect$$libinit$$00000004  c_w.l(libinit2.o)
    0x08000162   0x08000162   0x00000000   Code   RO         1833    .ARM.Collect$$libinit$$00000006  c_w.l(libinit2.o)
    0x08000162   0x08000162   0x00000000   Code   RO         1836    .ARM.Collect$$libinit$$0000000C  c_w.l(libinit2.o)
    0x08000162   0x08000162   0x00000000   Code   RO         1838    .ARM.Collect$$libinit$$0000000E  c_w.l(libinit2.o)
    0x08000162   0x08000162   0x00000000   Code   RO         1840    .ARM.Collect$$libinit$$00000010  c_w.l(libinit2.o)
    0x08000162   0x08000162   0x00000000   Code   RO         1843    .ARM.Collect$$libinit$$00000013  c_w.l(libinit2.o)
    0x08000162   0x08000162   0x00000000   Code   RO         1845    .ARM.Collect$$libinit$$00000015  c_w.l(libinit2.o)
    0x08000162   0x08000162   0x00000000   Code   RO         1847    .ARM.Collect$$libinit$$00000017  c_w.l(libinit2.o)
    0x08000162   0x08000162   0x00000000   Code   RO         1849    .ARM.Collect$$libinit$$00000019  c_w.l(libinit2.o)
    0x08000162   0x08000162   0x00000000   Code   RO         1851    .ARM.Collect$$libinit$$0000001B  c_w.l(libinit2.o)
    0x08000162   0x08000162   0x00000000   Code   RO         1853    .ARM.Collect$$libinit$$0000001D  c_w.l(libinit2.o)
    0x08000162   0x08000162   0x00000000   Code   RO         1855    .ARM.Collect$$libinit$$0000001F  c_w.l(libinit2.o)
    0x08000162   0x08000162   0x00000000   Code   RO         1857    .ARM.Collect$$libinit$$00000021  c_w.l(libinit2.o)
    0x08000162   0x08000162   0x00000000   Code   RO         1859    .ARM.Collect$$libinit$$00000023  c_w.l(libinit2.o)
    0x08000162   0x08000162   0x00000000   Code   RO         1861    .ARM.Collect$$libinit$$00000025  c_w.l(libinit2.o)
    0x08000162   0x08000162   0x00000000   Code   RO         1863    .ARM.Collect$$libinit$$00000027  c_w.l(libinit2.o)
    0x08000162   0x08000162   0x00000000   Code   RO         1867    .ARM.Collect$$libinit$$0000002E  c_w.l(libinit2.o)
    0x08000162   0x08000162   0x00000000   Code   RO         1869    .ARM.Collect$$libinit$$00000030  c_w.l(libinit2.o)
    0x08000162   0x08000162   0x00000000   Code   RO         1871    .ARM.Collect$$libinit$$00000032  c_w.l(libinit2.o)
    0x08000162   0x08000162   0x00000000   Code   RO         1873    .ARM.Collect$$libinit$$00000034  c_w.l(libinit2.o)
    0x08000162   0x08000162   0x00000002   Code   RO         1874    .ARM.Collect$$libinit$$00000035  c_w.l(libinit2.o)
    0x08000164   0x08000164   0x00000002   Code   RO         1896    .ARM.Collect$$libshutdown$$00000000  c_w.l(libshutdown.o)
    0x08000166   0x08000166   0x00000000   Code   RO         1911    .ARM.Collect$$libshutdown$$00000002  c_w.l(libshutdown2.o)
    0x08000166   0x08000166   0x00000000   Code   RO         1913    .ARM.Collect$$libshutdown$$00000004  c_w.l(libshutdown2.o)
    0x08000166   0x08000166   0x00000000   Code   RO         1916    .ARM.Collect$$libshutdown$$00000007  c_w.l(libshutdown2.o)
    0x08000166   0x08000166   0x00000000   Code   RO         1919    .ARM.Collect$$libshutdown$$0000000A  c_w.l(libshutdown2.o)
    0x08000166   0x08000166   0x00000000   Code   RO         1921    .ARM.Collect$$libshutdown$$0000000C  c_w.l(libshutdown2.o)
    0x08000166   0x08000166   0x00000000   Code   RO         1924    .ARM.Collect$$libshutdown$$0000000F  c_w.l(libshutdown2.o)
    0x08000166   0x08000166   0x00000002   Code   RO         1925    .ARM.Collect$$libshutdown$$00000010  c_w.l(libshutdown2.o)
    0x08000168   0x08000168   0x00000000   Code   RO         1786    .ARM.Collect$$rtentry$$00000000  c_w.l(__rtentry.o)
    0x08000168   0x08000168   0x00000000   Code   RO         1797    .ARM.Collect$$rtentry$$00000002  c_w.l(__rtentry2.o)
    0x08000168   0x08000168   0x00000006   Code   RO         1809    .ARM.Collect$$rtentry$$00000004  c_w.l(__rtentry4.o)
    0x0800016e   0x0800016e   0x00000000   Code   RO         1799    .ARM.Collect$$rtentry$$00000009  c_w.l(__rtentry2.o)
    0x0800016e   0x0800016e   0x00000004   Code   RO         1800    .ARM.Collect$$rtentry$$0000000A  c_w.l(__rtentry2.o)
    0x08000172   0x08000172   0x00000000   Code   RO         1802    .ARM.Collect$$rtentry$$0000000C  c_w.l(__rtentry2.o)
    0x08000172   0x08000172   0x00000008   Code   RO         1803    .ARM.Collect$$rtentry$$0000000D  c_w.l(__rtentry2.o)
    0x0800017a   0x0800017a   0x00000002   Code   RO         1826    .ARM.Collect$$rtexit$$00000000  c_w.l(rtexit.o)
    0x0800017c   0x0800017c   0x00000000   Code   RO         1876    .ARM.Collect$$rtexit$$00000002  c_w.l(rtexit2.o)
    0x0800017c   0x0800017c   0x00000004   Code   RO         1877    .ARM.Collect$$rtexit$$00000003  c_w.l(rtexit2.o)
    0x08000180   0x08000180   0x00000006   Code   RO         1878    .ARM.Collect$$rtexit$$00000004  c_w.l(rtexit2.o)
    0x08000186   0x08000186   0x00000002   PAD
    0x08000188   0x08000188   0x00000040   Code   RO            4    .text               startup_stm32f103xb.o
    0x080001c8   0x080001c8   0x000000f4   Code   RO         1193    .text               context_rvds.o
    0x080002bc   0x080002bc   0x0000003e   Code   RO         1768    .text               c_w.l(strlen.o)
    0x080002fa   0x080002fa   0x00000096   Code   RO         1770    .text               c_w.l(strncmp.o)
    0x08000390   0x08000390   0x00000010   Code   RO         1772    .text               c_w.l(aeabi_memset.o)
    0x080003a0   0x080003a0   0x00000044   Code   RO         1774    .text               c_w.l(rt_memclr.o)
    0x080003e4   0x080003e4   0x0000004e   Code   RO         1776    .text               c_w.l(rt_memclr_w.o)
    0x08000432   0x08000432   0x00000056   Code   RO         1778    .text               c_w.l(strncpy.o)
    0x08000488   0x08000488   0x00000006   Code   RO         1782    .text               c_w.l(heapauxi.o)
    0x0800048e   0x0800048e   0x0000004a   Code   RO         1813    .text               c_w.l(sys_stackheap_outer.o)
    0x080004d8   0x080004d8   0x00000012   Code   RO         1815    .text               c_w.l(exit.o)
    0x080004ea   0x080004ea   0x00000002   PAD
    0x080004ec   0x080004ec   0x00000008   Code   RO         1823    .text               c_w.l(libspace.o)
    0x080004f4   0x080004f4   0x0000000c   Code   RO         1886    .text               c_w.l(sys_exit.o)
    0x08000500   0x08000500   0x00000002   Code   RO         1901    .text               c_w.l(use_no_semi.o)
    0x08000502   0x08000502   0x00000000   Code   RO         1903    .text               c_w.l(indicate_semi.o)
    0x08000502   0x08000502   0x00000002   PAD
    0x08000504   0x08000504   0x00000054   Code   RO         1229    .text.$Sub$$main    components.o
    0x08000558   0x08000558   0x00000002   Code   RO          105    .text.BusFault_Handler  stm32f1xx_it.o
    0x0800055a   0x0800055a   0x00000002   PAD
    0x0800055c   0x0800055c   0x00000002   Code   RO          109    .text.DebugMon_Handler  stm32f1xx_it.o
    0x0800055e   0x0800055e   0x00000002   PAD
    0x08000560   0x08000560   0x0000000a   Code   RO           25    .text.Error_Handler  main.o
    0x0800056a   0x0800056a   0x00000002   PAD
    0x0800056c   0x0800056c   0x00000194   Code   RO          219    .text.HAL_ADC_ConfigChannel  stm32f1xx_hal_adc.o
    0x08000700   0x08000700   0x0000015c   Code   RO          173    .text.HAL_ADC_Init  stm32f1xx_hal_adc.o
    0x0800085c   0x0800085c   0x00000062   Code   RO           50    .text.HAL_ADC_MspInit  adc.o
    0x080008be   0x080008be   0x00000002   PAD
    0x080008c0   0x080008c0   0x00000212   Code   RO          381    .text.HAL_GPIO_Init  stm32f1xx_hal_gpio.o
    0x08000ad2   0x08000ad2   0x00000002   PAD
    0x08000ad4   0x08000ad4   0x0000000a   Code   RO          387    .text.HAL_GPIO_WritePin  stm32f1xx_hal_gpio.o
    0x08000ade   0x08000ade   0x00000002   PAD
    0x08000ae0   0x08000ae0   0x0000000c   Code   RO          281    .text.HAL_GetTick   stm32f1xx_hal.o
    0x08000aec   0x08000aec   0x00000176   Code   RO          602    .text.HAL_I2C_Init  stm32f1xx_hal_i2c.o
    0x08000c62   0x08000c62   0x00000002   PAD
    0x08000c64   0x08000c64   0x00000062   Code   RO           65    .text.HAL_I2C_MspInit  i2c.o
    0x08000cc6   0x08000cc6   0x00000002   PAD
    0x08000cc8   0x08000cc8   0x0000001a   Code   RO          279    .text.HAL_IncTick   stm32f1xx_hal.o
    0x08000ce2   0x08000ce2   0x00000002   PAD
    0x08000ce4   0x08000ce4   0x00000026   Code   RO          269    .text.HAL_Init      stm32f1xx_hal.o
    0x08000d0a   0x08000d0a   0x00000002   PAD
    0x08000d0c   0x08000d0c   0x000000b0   Code   RO          129    .text.HAL_InitTick  stm32f1xx_hal_timebase_tim.o
    0x08000dbc   0x08000dbc   0x00000042   Code   RO          120    .text.HAL_MspInit   stm32f1xx_hal_msp.o
    0x08000dfe   0x08000dfe   0x00000002   PAD
    0x08000e00   0x08000e00   0x00000020   Code   RO          441    .text.HAL_NVIC_EnableIRQ  stm32f1xx_hal_cortex.o
    0x08000e20   0x08000e20   0x00000056   Code   RO          439    .text.HAL_NVIC_SetPriority  stm32f1xx_hal_cortex.o
    0x08000e76   0x08000e76   0x00000002   PAD
    0x08000e78   0x08000e78   0x00000020   Code   RO          437    .text.HAL_NVIC_SetPriorityGrouping  stm32f1xx_hal_cortex.o
    0x08000e98   0x08000e98   0x0000010a   Code   RO          367    .text.HAL_RCCEx_PeriphCLKConfig  stm32f1xx_hal_rcc_ex.o
    0x08000fa2   0x08000fa2   0x00000002   PAD
    0x08000fa4   0x08000fa4   0x000001be   Code   RO          333    .text.HAL_RCC_ClockConfig  stm32f1xx_hal_rcc.o
    0x08001162   0x08001162   0x00000002   PAD
    0x08001164   0x08001164   0x00000042   Code   RO          351    .text.HAL_RCC_GetClockConfig  stm32f1xx_hal_rcc.o
    0x080011a6   0x080011a6   0x00000002   PAD
    0x080011a8   0x080011a8   0x0000000c   Code   RO          343    .text.HAL_RCC_GetHCLKFreq  stm32f1xx_hal_rcc.o
    0x080011b4   0x080011b4   0x00000026   Code   RO          345    .text.HAL_RCC_GetPCLK1Freq  stm32f1xx_hal_rcc.o
    0x080011da   0x080011da   0x00000002   PAD
    0x080011dc   0x080011dc   0x00000026   Code   RO          347    .text.HAL_RCC_GetPCLK2Freq  stm32f1xx_hal_rcc.o
    0x08001202   0x08001202   0x00000002   PAD
    0x08001204   0x08001204   0x000003b4   Code   RO          331    .text.HAL_RCC_OscConfig  stm32f1xx_hal_rcc.o
    0x080015b8   0x080015b8   0x0000002c   Code   RO          449    .text.HAL_SYSTICK_Config  stm32f1xx_hal_cortex.o
    0x080015e4   0x080015e4   0x00000002   Code   RO         1045    .text.HAL_TIMEx_BreakCallback  stm32f1xx_hal_tim_ex.o
    0x080015e6   0x080015e6   0x00000002   PAD
    0x080015e8   0x080015e8   0x00000002   Code   RO         1041    .text.HAL_TIMEx_CommutCallback  stm32f1xx_hal_tim_ex.o
    0x080015ea   0x080015ea   0x00000002   PAD
    0x080015ec   0x080015ec   0x000000fa   Code   RO          740    .text.HAL_TIM_Base_Init  stm32f1xx_hal_tim.o
    0x080016e6   0x080016e6   0x00000002   PAD
    0x080016e8   0x080016e8   0x00000002   Code   RO          742    .text.HAL_TIM_Base_MspInit  stm32f1xx_hal_tim.o
    0x080016ea   0x080016ea   0x00000002   PAD
    0x080016ec   0x080016ec   0x0000006e   Code   RO          754    .text.HAL_TIM_Base_Start_IT  stm32f1xx_hal_tim.o
    0x0800175a   0x0800175a   0x00000002   PAD
    0x0800175c   0x0800175c   0x00000002   Code   RO          876    .text.HAL_TIM_IC_CaptureCallback  stm32f1xx_hal_tim.o
    0x0800175e   0x0800175e   0x00000002   PAD
    0x08001760   0x08001760   0x0000014e   Code   RO          874    .text.HAL_TIM_IRQHandler  stm32f1xx_hal_tim.o
    0x080018ae   0x080018ae   0x00000002   PAD
    0x080018b0   0x080018b0   0x00000002   Code   RO          878    .text.HAL_TIM_OC_DelayElapsedCallback  stm32f1xx_hal_tim.o
    0x080018b2   0x080018b2   0x00000002   PAD
    0x080018b4   0x080018b4   0x00000002   Code   RO          880    .text.HAL_TIM_PWM_PulseFinishedCallback  stm32f1xx_hal_tim.o
    0x080018b6   0x080018b6   0x00000002   PAD
    0x080018b8   0x080018b8   0x00000014   Code   RO           27    .text.HAL_TIM_PeriodElapsedCallback  main.o
    0x080018cc   0x080018cc   0x00000002   Code   RO          884    .text.HAL_TIM_TriggerCallback  stm32f1xx_hal_tim.o
    0x080018ce   0x080018ce   0x00000002   PAD
    0x080018d0   0x080018d0   0x000000de   Code   RO         1059    .text.HAL_UART_Init  stm32f1xx_hal_uart.o
    0x080019ae   0x080019ae   0x00000002   PAD
    0x080019b0   0x080019b0   0x0000013a   Code   RO           84    .text.HAL_UART_MspInit  usart.o
    0x08001aea   0x08001aea   0x00000002   PAD
    0x08001aec   0x08001aec   0x00000166   Code   RO         1073    .text.HAL_UART_Transmit  stm32f1xx_hal_uart.o
    0x08001c52   0x08001c52   0x00000002   PAD
    0x08001c54   0x08001c54   0x00000056   Code   RO           48    .text.MX_ADC1_Init  adc.o
    0x08001caa   0x08001caa   0x00000002   PAD
    0x08001cac   0x08001cac   0x00000084   Code   RO           39    .text.MX_GPIO_Init  gpio.o
    0x08001d30   0x08001d30   0x00000042   Code   RO           63    .text.MX_I2C1_Init  i2c.o
    0x08001d72   0x08001d72   0x00000002   PAD
    0x08001d74   0x08001d74   0x0000003c   Code   RO           78    .text.MX_USART1_UART_Init  usart.o
    0x08001db0   0x08001db0   0x0000003c   Code   RO           80    .text.MX_USART2_UART_Init  usart.o
    0x08001dec   0x08001dec   0x0000003c   Code   RO           82    .text.MX_USART3_UART_Init  usart.o
    0x08001e28   0x08001e28   0x00000002   Code   RO          103    .text.MemManage_Handler  stm32f1xx_it.o
    0x08001e2a   0x08001e2a   0x00000002   PAD
    0x08001e2c   0x08001e2c   0x00000002   Code   RO          101    .text.NMI_Handler   stm32f1xx_it.o
    0x08001e2e   0x08001e2e   0x00000002   PAD
    0x08001e30   0x08001e30   0x00000012   Code   RO         1559    .text.SysTick_Handler  board.o
    0x08001e42   0x08001e42   0x00000002   PAD
    0x08001e44   0x08001e44   0x00000078   Code   RO           13    .text.SystemClock_Config  main.o
    0x08001ebc   0x08001ebc   0x00000070   Code   RO         1181    .text.SystemCoreClockUpdate  system_stm32f1xx.o
    0x08001f2c   0x08001f2c   0x00000002   Code   RO         1179    .text.SystemInit    system_stm32f1xx.o
    0x08001f2e   0x08001f2e   0x00000002   PAD
    0x08001f30   0x08001f30   0x0000000c   Code   RO          111    .text.TIM1_UP_IRQHandler  stm32f1xx_it.o
    0x08001f3c   0x08001f3c   0x00000002   Code   RO          107    .text.UsageFault_Handler  stm32f1xx_it.o
    0x08001f3e   0x08001f3e   0x00000002   PAD
    0x08001f40   0x08001f40   0x00000038   Code   RO         1360    .text.__rt_ffs      kservice.o
    0x08001f78   0x08001f78   0x0000000a   Code   RO         1619    .text.cmd_free      msh.o
    0x08001f82   0x08001f82   0x00000002   PAD
    0x08001f84   0x08001f84   0x0000000a   Code   RO         1617    .text.cmd_ps        msh.o
    0x08001f8e   0x08001f8e   0x00000002   PAD
    0x08001f90   0x08001f90   0x00000030   Code   RO           23    .text.data_controller  main.o
    0x08001fc0   0x08001fc0   0x000000b0   Code   RO         1656    .text.finsh_system_init  shell.o
    0x08002070   0x08002070   0x000004a4   Code   RO         1650    .text.finsh_thread_entry  shell.o
    0x08002514   0x08002514   0x00000028   Code   RO           17    .text.get_ph        main.o
    0x0800253c   0x0800253c   0x00000030   Code   RO           19    .text.get_turbidity  main.o
    0x0800256c   0x0800256c   0x00000020   Code   RO         1580    .text.hello         cmd.o
    0x0800258c   0x0800258c   0x00000088   Code   RO         1590    .text.list          cmd.o
    0x08002614   0x08002614   0x00000070   Code   RO         1386    .text.list_mem      mem.o
    0x08002684   0x08002684   0x00000268   Code   RO         1586    .text.list_sem      cmd.o
    0x080028ec   0x080028ec   0x00000274   Code   RO         1584    .text.list_thread   cmd.o
    0x08002b60   0x08002b60   0x00000530   Code   RO         1588    .text.list_timer    cmd.o
    0x08003090   0x08003090   0x000001a6   Code   RO           11    .text.main          main.o
    0x08003236   0x08003236   0x00000002   PAD
    0x08003238   0x08003238   0x00000032   Code   RO         1233    .text.main_thread_entry  components.o
    0x0800326a   0x0800326a   0x00000002   PAD
    0x0800326c   0x0800326c   0x00000184   Code   RO         1623    .text.msh_auto_complete  msh.o
    0x080033f0   0x080033f0   0x00000428   Code   RO         1621    .text.msh_exec      msh.o
    0x08003818   0x08003818   0x0000007c   Code   RO         1615    .text.msh_help      msh.o
    0x08003894   0x08003894   0x00000004   Code   RO         1613    .text.msh_is_used   msh.o
    0x08003898   0x08003898   0x00000028   Code   RO           21    .text.oled_menu     main.o
    0x080038c0   0x080038c0   0x00000508   Code   RO         1344    .text.print_number  kservice.o
    0x08003dc8   0x08003dc8   0x0000001e   Code   RO         1382    .text.rt_calloc     mem.o
    0x08003de6   0x08003de6   0x00000002   PAD
    0x08003de8   0x08003de8   0x0000002c   Code   RO         1225    .text.rt_components_board_init  components.o
    0x08003e14   0x08003e14   0x0000001c   Code   RO         1442    .text.rt_enter_critical  scheduler.o
    0x08003e30   0x08003e30   0x00000096   Code   RO         1444    .text.rt_exit_critical  scheduler.o
    0x08003ec6   0x08003ec6   0x00000002   PAD
    0x08003ec8   0x08003ec8   0x00000124   Code   RO         1380    .text.rt_free       mem.o
    0x08003fec   0x08003fec   0x0000000a   Code   RO         1555    .text.rt_heap_begin_get  board.o
    0x08003ff6   0x08003ff6   0x00000002   PAD
    0x08003ff8   0x08003ff8   0x0000000e   Code   RO         1557    .text.rt_heap_end_get  board.o
    0x08004006   0x08004006   0x00000002   PAD
    0x08004008   0x08004008   0x0000003e   Code   RO         1561    .text.rt_hw_board_init  board.o
    0x08004046   0x08004046   0x00000002   PAD
    0x08004048   0x08004048   0x00000026   Code   RO         1567    .text.rt_hw_console_getchar  board.o
    0x0800406e   0x0800406e   0x00000002   PAD
    0x08004070   0x08004070   0x00000060   Code   RO         1565    .text.rt_hw_console_output  board.o
    0x080040d0   0x080040d0   0x0000042c   Code   RO         1536    .text.rt_hw_hard_fault_exception  cpuport.o
    0x080044fc   0x080044fc   0x0000003c   Code   RO         1532    .text.rt_hw_stack_init  cpuport.o
    0x08004538   0x08004538   0x0000001c   Code   RO         1293    .text.rt_interrupt_enter  irq.o
    0x08004554   0x08004554   0x0000001c   Code   RO         1295    .text.rt_interrupt_leave  irq.o
    0x08004570   0x08004570   0x00000032   Code   RO         1340    .text.rt_kprintf    kservice.o
    0x080045a2   0x080045a2   0x00000002   PAD
    0x080045a4   0x080045a4   0x000001c4   Code   RO         1376    .text.rt_malloc     mem.o
    0x08004768   0x08004768   0x000000ec   Code   RO         1318    .text.rt_memmove    kservice.o
    0x08004854   0x08004854   0x000000f6   Code   RO         1314    .text.rt_memset     kservice.o
    0x0800494a   0x0800494a   0x00000002   PAD
    0x0800494c   0x0800494c   0x00000072   Code   RO         1413    .text.rt_object_allocate  object.o
    0x080049be   0x080049be   0x00000002   PAD
    0x080049c0   0x080049c0   0x0000002c   Code   RO         1415    .text.rt_object_delete  object.o
    0x080049ec   0x080049ec   0x00000024   Code   RO         1411    .text.rt_object_detach  object.o
    0x08004a10   0x08004a10   0x0000002a   Code   RO         1403    .text.rt_object_get_information  object.o
    0x08004a3a   0x08004a3a   0x00000002   PAD
    0x08004a3c   0x08004a3c   0x0000007e   Code   RO         1409    .text.rt_object_init  object.o
    0x08004aba   0x08004aba   0x00000002   PAD
    0x08004abc   0x08004abc   0x00000006   Code   RO         1417    .text.rt_object_is_systemobject  object.o
    0x08004ac2   0x08004ac2   0x00000002   PAD
    0x08004ac4   0x08004ac4   0x00000072   Code   RO         1436    .text.rt_schedule   scheduler.o
    0x08004b36   0x08004b36   0x00000002   PAD
    0x08004b38   0x08004b38   0x00000052   Code   RO         1438    .text.rt_schedule_insert_thread  scheduler.o
    0x08004b8a   0x08004b8a   0x00000002   PAD
    0x08004b8c   0x08004b8c   0x00000056   Code   RO         1440    .text.rt_schedule_remove_thread  scheduler.o
    0x08004be2   0x08004be2   0x00000002   PAD
    0x08004be4   0x08004be4   0x00000020   Code   RO         1269    .text.rt_sem_init   ipc.o
    0x08004c04   0x08004c04   0x00000052   Code   RO         1281    .text.rt_sem_release  ipc.o
    0x08004c56   0x08004c56   0x00000002   PAD
    0x08004c58   0x08004c58   0x000000fc   Code   RO         1277    .text.rt_sem_take   ipc.o
    0x08004d54   0x08004d54   0x000000b8   Code   RO         1338    .text.rt_show_version  kservice.o
    0x08004e0c   0x08004e0c   0x0000003a   Code   RO         1324    .text.rt_strlen     kservice.o
    0x08004e46   0x08004e46   0x00000002   PAD
    0x08004e48   0x08004e48   0x00000086   Code   RO         1328    .text.rt_strncpy    kservice.o
    0x08004ece   0x08004ece   0x00000002   PAD
    0x08004ed0   0x08004ed0   0x000000b4   Code   RO         1374    .text.rt_system_heap_init  mem.o
    0x08004f84   0x08004f84   0x0000012a   Code   RO         1432    .text.rt_system_scheduler_init  scheduler.o
    0x080050ae   0x080050ae   0x00000002   PAD
    0x080050b0   0x080050b0   0x00000030   Code   RO         1434    .text.rt_system_scheduler_start  scheduler.o
    0x080050e0   0x080050e0   0x00000010   Code   RO         1519    .text.rt_system_timer_init  timer.o
    0x080050f0   0x080050f0   0x00000002   Code   RO         1521    .text.rt_system_timer_thread_init  timer.o
    0x080050f2   0x080050f2   0x00000002   PAD
    0x080050f4   0x080050f4   0x000000b0   Code   RO         1471    .text.rt_thread_create  thread.o
    0x080051a4   0x080051a4   0x0000007a   Code   RO         1459    .text.rt_thread_exit  thread.o
    0x0800521e   0x0800521e   0x00000002   PAD
    0x08005220   0x08005220   0x0000003e   Code   RO         1255    .text.rt_thread_idle_entry  idle.o
    0x0800525e   0x0800525e   0x00000002   PAD
    0x08005260   0x08005260   0x00000050   Code   RO         1253    .text.rt_thread_idle_init  idle.o
    0x080052b0   0x080052b0   0x0000008e   Code   RO         1461    .text.rt_thread_init  thread.o
    0x0800533e   0x0800533e   0x00000002   PAD
    0x08005340   0x08005340   0x0000000e   Code   RO         1485    .text.rt_thread_mdelay  thread.o
    0x0800534e   0x0800534e   0x00000002   PAD
    0x08005350   0x08005350   0x00000046   Code   RO         1467    .text.rt_thread_resume  thread.o
    0x08005396   0x08005396   0x00000002   PAD
    0x08005398   0x08005398   0x0000000c   Code   RO         1463    .text.rt_thread_self  thread.o
    0x080053a4   0x080053a4   0x00000078   Code   RO         1477    .text.rt_thread_sleep  thread.o
    0x0800541c   0x0800541c   0x0000005c   Code   RO         1465    .text.rt_thread_startup  thread.o
    0x08005478   0x08005478   0x00000042   Code   RO         1479    .text.rt_thread_suspend  thread.o
    0x080054ba   0x080054ba   0x00000002   PAD
    0x080054bc   0x080054bc   0x00000028   Code   RO         1489    .text.rt_thread_timeout  thread.o
    0x080054e4   0x080054e4   0x00000064   Code   RO         1475    .text.rt_thread_yield  thread.o
    0x08005548   0x08005548   0x00000034   Code   RO         1206    .text.rt_tick_from_millisecond  clock.o
    0x0800557c   0x0800557c   0x0000000c   Code   RO         1200    .text.rt_tick_get   clock.o
    0x08005588   0x08005588   0x00000034   Code   RO         1204    .text.rt_tick_increase  clock.o
    0x080055bc   0x080055bc   0x00000158   Code   RO         1515    .text.rt_timer_check  timer.o
    0x08005714   0x08005714   0x00000068   Code   RO         1513    .text.rt_timer_control  timer.o
    0x0800577c   0x0800577c   0x00000030   Code   RO         1503    .text.rt_timer_detach  timer.o
    0x080057ac   0x080057ac   0x00000032   Code   RO         1501    .text.rt_timer_init  timer.o
    0x080057de   0x080057de   0x00000002   PAD
    0x080057e0   0x080057e0   0x000000ca   Code   RO         1509    .text.rt_timer_start  timer.o
    0x080058aa   0x080058aa   0x00000002   PAD
    0x080058ac   0x080058ac   0x00000038   Code   RO         1511    .text.rt_timer_stop  timer.o
    0x080058e4   0x080058e4   0x00000826   Code   RO         1342    .text.rt_vsnprintf  kservice.o
    0x0800610a   0x0800610a   0x00000002   PAD
    0x0800610c   0x0800610c   0x00000004   Code   RO         1221    .text.rti_board_end  components.o
    0x08006110   0x08006110   0x00000004   Code   RO         1219    .text.rti_board_start  components.o
    0x08006114   0x08006114   0x00000004   Code   RO         1223    .text.rti_end       components.o
    0x08006118   0x08006118   0x00000004   Code   RO         1217    .text.rti_start     components.o
    0x0800611c   0x0800611c   0x00000038   Code   RO         1563    .text.uart_init     board.o
    0x08006154   0x08006154   0x0000000a   Code   RO         1582    .text.version       cmd.o
    0x0800615e   0x0800615e   0x00000010   Data   RO         1184    .rodata.AHBPrescTable  system_stm32f1xx.o
    0x0800616e   0x0800616e   0x00000008   Data   RO         1185    .rodata.APBPrescTable  system_stm32f1xx.o
    0x08006176   0x08006176   0x00000002   Data   RO          358    .rodata.HAL_RCC_GetSysClockFreq.aPredivFactorTable  stm32f1xx_hal_rcc.o
    0x08006178   0x08006178   0x00000100   Data   RO         1365    .rodata.__lowest_bit_bitmap  kservice.o
    0x08006278   0x08006278   0x00000010   Data   RO          357    .rodata.cst16       stm32f1xx_hal_rcc.o
    0x08006288   0x08006288   0x00000027   Data   RO         1388    .rodata.name        mem.o
    0x080062af   0x080062af   0x00000157   Data   RO         1592    .rodata.name        cmd.o
    0x08006406   0x08006406   0x00000076   Data   RO         1626    .rodata.name        msh.o
    0x0800647c   0x0800647c   0x0000006e   Data   RO           29    .rodata.str1.1      main.o
    0x080064ea   0x080064ea   0x00000005   Data   RO         1241    .rodata.str1.1      components.o
    0x080064ef   0x080064ef   0x00000007   Data   RO         1363    .rodata.str1.1      kservice.o
    0x080064f6   0x080064f6   0x000001ad   Data   RO         1543    .rodata.str1.1      cpuport.o
    0x080066a3   0x080066a3   0x00000096   Data   RO         1596    .rodata.str1.1      cmd.o
    0x08006739   0x08006739   0x0000002e   Data   RO         1625    .rodata.str1.1      msh.o
    0x08006767   0x08006767   0x00000005   Data   RO         1659    .rodata.str1.1      shell.o
    0x0800676c   0x0800676c   0x00000004   Data   RO         1237    .rti_fn.0           components.o
    0x08006770   0x08006770   0x00000004   Data   RO         1238    .rti_fn.0.end       components.o
    0x08006774   0x08006774   0x00000004   Data   RO         1570    .rti_fn.1           board.o
    0x08006778   0x08006778   0x00000004   Data   RO         1239    .rti_fn.1.end       components.o
    0x0800677c   0x0800677c   0x00000004   Data   RO         1660    .rti_fn.6           shell.o
    0x08006780   0x08006780   0x00000004   Data   RO         1240    .rti_fn.6.end       components.o
    0x08006784   0x08006784   0x0000000c   Data   RO         1389    FSymTab             mem.o
    0x08006790   0x08006790   0x0000000c   Data   RO         1593    FSymTab             cmd.o
    0x0800679c   0x0800679c   0x0000000c   Data   RO         1594    FSymTab             cmd.o
    0x080067a8   0x080067a8   0x0000000c   Data   RO         1595    FSymTab             cmd.o
    0x080067b4   0x080067b4   0x0000000c   Data   RO         1597    FSymTab             cmd.o
    0x080067c0   0x080067c0   0x0000000c   Data   RO         1598    FSymTab             cmd.o
    0x080067cc   0x080067cc   0x0000000c   Data   RO         1599    FSymTab             cmd.o
    0x080067d8   0x080067d8   0x0000000c   Data   RO         1600    FSymTab             cmd.o
    0x080067e4   0x080067e4   0x0000000c   Data   RO         1601    FSymTab             cmd.o
    0x080067f0   0x080067f0   0x0000000c   Data   RO         1602    FSymTab             cmd.o
    0x080067fc   0x080067fc   0x0000000c   Data   RO         1603    FSymTab             cmd.o
    0x08006808   0x08006808   0x0000000c   Data   RO         1627    FSymTab             msh.o
    0x08006814   0x08006814   0x0000000c   Data   RO         1628    FSymTab             msh.o
    0x08006820   0x08006820   0x0000000c   Data   RO         1629    FSymTab             msh.o
    0x0800682c   0x0800682c   0x00000020   Data   RO         1959    Region$$Table       anon$$obj.o


    Execution Region RW_IRAM1 (Exec base: 0x20000000, Load base: 0x08006850, Size: 0x00004898, Max: 0x00005000, ABSOLUTE)

    Exec Addr    Load Addr    Size         Type   Attr      Idx    E Section Name        Object

    0x20000000   0x08006850   0x00000008   Data   RW          320    .data..L_MergedGlobals  stm32f1xx_hal.o
    0x20000008   0x08006858   0x00000004   Data   RW         1183    .data.SystemCoreClock  system_stm32f1xx.o
    0x2000000c   0x0800685c   0x00000030   Data   RW         1423    .data.rt_object_container  object.o
    0x2000003c   0x0800688c   0x00000004   PAD
    0x20000040        -       0x00000060   Zero   RW         1824    .bss                c_w.l(libspace.o)
    0x200000a0        -       0x00000038   Zero   RW         1390    .bss..L_MergedGlobals  mem.o
    0x200000d8        -       0x00000014   Zero   RW         1449    .bss..L_MergedGlobals  scheduler.o
    0x200000ec        -       0x0000000c   Zero   RW         1523    .bss..L_MergedGlobals  timer.o
    0x200000f8        -       0x00000018   Zero   RW         1661    .bss..L_MergedGlobals  shell.o
    0x20000110        -       0x00000048   Zero   RW         1571    .bss.UartHandle     board.o
    0x20000158        -       0x00000081   Zero   RW         1658    .bss.finsh_get_prompt.finsh_prompt  shell.o
    0x200001d9   0x0800688c   0x00000003   PAD
    0x200001dc        -       0x00000030   Zero   RW           54    .bss.hadc1          adc.o
    0x2000020c        -       0x00000054   Zero   RW           69    .bss.hi2c1          i2c.o
    0x20000260        -       0x00000048   Zero   RW          135    .bss.htim1          stm32f1xx_hal_timebase_tim.o
    0x200002a8        -       0x00000048   Zero   RW           90    .bss.huart1         usart.o
    0x200002f0        -       0x00000048   Zero   RW           91    .bss.huart2         usart.o
    0x20000338        -       0x00000048   Zero   RW           92    .bss.huart3         usart.o
    0x20000380        -       0x00000078   Zero   RW         1259    .bss.idle           idle.o
    0x200003f8        -       0x00000004   Zero   RW         1542    .bss.rt_exception_hook  cpuport.o
    0x200003fc        -       0x00003c00   Zero   RW         1569    .bss.rt_heap        board.o
    0x20003ffc        -       0x00000004   Zero   RW         1544    .bss.rt_interrupt_from_thread  cpuport.o
    0x20004000        -       0x00000001   Zero   RW         1299    .bss.rt_interrupt_nest  irq.o
    0x20004001   0x0800688c   0x00000003   PAD
    0x20004004        -       0x00000004   Zero   RW         1545    .bss.rt_interrupt_to_thread  cpuport.o
    0x20004008        -       0x00000080   Zero   RW         1364    .bss.rt_kprintf.rt_log_buf  kservice.o
    0x20004088        -       0x00000100   Zero   RW         1448    .bss.rt_thread_priority_table  scheduler.o
    0x20004188        -       0x00000100   Zero   RW         1260    .bss.rt_thread_stack  idle.o
    0x20004288        -       0x00000004   Zero   RW         1546    .bss.rt_thread_switch_interrupt_flag  cpuport.o
    0x2000428c        -       0x00000004   Zero   RW         1208    .bss.rt_tick        clock.o
    0x20004290        -       0x00000004   Zero   RW          319    .bss.uwTick         stm32f1xx_hal.o
    0x20004294   0x0800688c   0x00000004   PAD
    0x20004298        -       0x00000200   Zero   RW            2    HEAP                startup_stm32f103xb.o
    0x20004498        -       0x00000400   Zero   RW            1    STACK               startup_stm32f103xb.o


==============================================================================

Image component sizes


      Code (inc. data)   RO Data    RW Data    ZI Data      Debug   Object Name

       184          0          0          0         48       4024   adc.o
       294          0          4          0      15432       4823   board.o
       116          0          0          0          4       2712   clock.o
      2750        420        613          0          0      13361   cmd.o
       194          0         21          0          0       3662   components.o
       244         28          0          0          0        816   context_rvds.o
      1128        168        429          0         16       3597   cpuport.o
       132          0          0          0          0       1553   gpio.o
       164          0          0          0         84       4428   i2c.o
       142          8          0          0        376       3397   idle.o
       366          0          0          0          0       7053   ipc.o
        56          0          0          0          1       1187   irq.o
      4338        424        263          0        128      26859   kservice.o
       748         96        110          0          0       8020   main.o
      1066        216         51          0         56       5972   mem.o
      1600         64        200          0          0       7166   msh.o
       368          0          0         48          0       7670   object.o
       806          0          0          0        276       6139   scheduler.o
      1364        218          9          0        153       6487   shell.o
        64         26        236          0       1536        788   startup_stm32f103xb.o
        76          0          0          8          4       5744   stm32f1xx_hal.o
       752          0          0          0          0      13157   stm32f1xx_hal_adc.o
       194          0          0          0          0       8470   stm32f1xx_hal_cortex.o
       540         22          0          0          0       4611   stm32f1xx_hal_gpio.o
       374          0          0          0          0      42622   stm32f1xx_hal_i2c.o
        66          0          0          0          0       1197   stm32f1xx_hal_msp.o
      1548          0         18          0          0       7653   stm32f1xx_hal_rcc.o
       266          0          0          0          0       3575   stm32f1xx_hal_rcc_ex.o
       704          0          0          0          0      55247   stm32f1xx_hal_tim.o
         4          0          0          0          0      20660   stm32f1xx_hal_tim_ex.o
       176          0          0          0         72       5779   stm32f1xx_hal_timebase_tim.o
       580          0          0          0          0      32525   stm32f1xx_hal_uart.o
        22          0          0          0          0       3892   stm32f1xx_it.o
       114          0         24          4          0       1624   system_stm32f1xx.o
       954          0          0          0          0      10391   thread.o
       822          8          0          0         12       9005   timer.o
       494          0          0          0        216       5193   usart.o

    ----------------------------------------------------------------------
     23950       1698       2010         60      18428     351059   Object Totals
         0          0         32          0          0          0   (incl. Generated)
       140          0          0          0         14          0   (incl. Padding)

    ----------------------------------------------------------------------

      Code (inc. data)   RO Data    RW Data    ZI Data      Debug   Library Member Name

         8          0          0          0          0         68   __main.o
         0          0          0          0          0          0   __rtentry.o
        12          0          0          0          0          0   __rtentry2.o
         6          0          0          0          0          0   __rtentry4.o
        52          8          0          0          0          0   __scatter.o
        26          0          0          0          0          0   __scatter_copy.o
        28          0          0          0          0          0   __scatter_zi.o
        16          0          0          0          0         68   aeabi_memset.o
        18          0          0          0          0         80   exit.o
         6          0          0          0          0        152   heapauxi.o
         0          0          0          0          0          0   indicate_semi.o
         2          0          0          0          0          0   libinit.o
         2          0          0          0          0          0   libinit2.o
         2          0          0          0          0          0   libshutdown.o
         2          0          0          0          0          0   libshutdown2.o
         8          4          0          0         96         68   libspace.o
        68          0          0          0          0         68   rt_memclr.o
        78          0          0          0          0         80   rt_memclr_w.o
         2          0          0          0          0          0   rtexit.o
        10          0          0          0          0          0   rtexit2.o
        62          0          0          0          0         76   strlen.o
       150          0          0          0          0         80   strncmp.o
        86          0          0          0          0         76   strncpy.o
        12          4          0          0          0         68   sys_exit.o
        74          0          0          0          0         80   sys_stackheap_outer.o
         2          0          0          0          0         68   use_no_semi.o

    ----------------------------------------------------------------------
       740         16          0          0         96       1032   Library Totals
         8          0          0          0          0          0   (incl. Padding)

    ----------------------------------------------------------------------

      Code (inc. data)   RO Data    RW Data    ZI Data      Debug   Library Name

       732         16          0          0         96       1032   c_w.l

    ----------------------------------------------------------------------
       740         16          0          0         96       1032   Library Totals

    ----------------------------------------------------------------------

==============================================================================


      Code (inc. data)   RO Data    RW Data    ZI Data      Debug   

     24690       1714       2010         60      18524     350939   Grand Totals
     24690       1714       2010         60      18524     350939   ELF Image Totals
     24690       1714       2010         60          0          0   ROM Totals

==============================================================================

    Total RO  Size (Code + RO Data)                26700 (  26.07kB)
    Total RW  Size (RW Data + ZI Data)             18584 (  18.15kB)
    Total ROM Size (Code + RO Data + RW Data)      26760 (  26.13kB)

==============================================================================

